D/PowerManagerService( 2983): releaseWakeLockInternal: lock=1127379624 [AlarmManager], flags=0x0
D/PowerManagerNotifier( 2983): onWakeLockReleased: flags=1, tag="AlarmManager", packageName=android, ownerUid=1000, ownerPid=2983, workSource=WorkSource{10033}
D/PowerManagerService( 2983): updateWakeLockSummaryLocked: mWakefulness=Awake, mWakeLockSummary=0x0
D/PowerManagerService( 2983): updateScreenStateLocked: mDisplayReady=true, newScreenState=1, mWakefulness=1, mWakeLockSummary=0x0, mUserActivitySummary=0x0, mBootCompleted=true
D/PowerManagerService( 2983): Releasing suspend blocker "PowerManagerService.WakeLocks".
D/ConnectivityService( 2983): Done.
D/ConnectivityService( 2983): Setting timer for 720seconds
V/AlarmManager( 2983): set(PendingIntent{437892b8: PendingIntentRecord{4377f080 android broadcastIntent}}) : type=2 triggerAtTime=4645178 win=-1 tElapsed=4645178 maxElapsed=5185178 interval=0 standalone=false
V/AlarmManager( 2983): set(PendingIntent{43971240: PendingIntentRecord{43a2e3d8 com.kingroot.kinguser broadcastIntent}}) : type=0 triggerAtTime=1518269502153 win=0 tElapsed=4195173 maxElapsed=4195173 interval=0 standalone=false
D/PowerManagerService( 2983): handleSandman: canDream=false, mWakefulness=Awake
D/WifiController( 2983): handleMessage: E msg.what=155652
D/WifiController( 2983): processMsg: DeviceActiveState
D/WifiController( 2983): processMsg: StaEnabledState
D/WifiController( 2983): processMsg: DefaultState
D/WifiController( 2983): handleMessage: X
D/KeyguardUpdateMonitor( 3843): received broadcast android.intent.action.BATTERY_CHANGED
V/UsbDeviceManager( 2983): mBatteryChangedReceiver plugType is 2
D/WifiController( 2983): battery changed pluggedType: 2
D/PowerManagerService( 2983): updateIsPoweredLocked: wasPowered=true, mIsPowered=true, oldPlugType=2, mPlugType=2, mBatteryLevel=76
D/KeyguardUpdateMonitor( 3843): handleBatteryUpdate
D/HwPowerMonitor.Utils( 4396): ScrOff setChargingState mIsCharging = true
D/HwSystemManager( 5225): BgPowerManagerService:BgPowerManagerSerivce plugged =2 currentThreshold = 8 mRawLevel = 76mLastRawLevel76
D/BgPowerManagerService( 5225):  mTimes = 120022 firstTime = 3807791 firstmBatteryCapacity =2224
D/PowerManagerService( 2983): handleSandman: canDream=false, mWakefulness=Awake
D/HwWifiStateMachine( 2983): handleMessage: E msg.what=131155
D/HwWifiStateMachine( 2983): processMsg: ConnectedState
D/HwWifiStateMachine( 2983): processMsg: L2ConnectedState
D/WifiHW  ( 2983): wifi_send_command: cmd:'IFNAME=wlan0 SIGNAL_POLL'
D/wpa_supplicant( 7324): RX ctrl_iface - hexdump(len=11): 53 49 47 4e 41 4c 5f 50 4f 4c 4c
D/wpa_supplicant( 7324): wlan0: Control interface command 'SIGNAL_POLL'
D/wpa_supplicant( 7324): nl80211: survey data missing!
D/wpa_supplicant( 7324): wlan0: RSSI=-44, LINKSPEED=72, NOISE=9999, FREQUENCY=2437
D/WifiHW  ( 2983): wifi_send_command ret=0, len=48
D/HwWifiStateMachine( 2983): handleMessage: X
D/HwWifiStateMachine( 2983): handleMessage: E msg.what=131155
D/HwWifiStateMachine( 2983): processMsg: ConnectedState
D/HwWifiStateMachine( 2983): processMsg: L2ConnectedState
D/WifiHW  ( 2983): wifi_send_command: cmd:'IFNAME=wlan0 SIGNAL_POLL'
D/wpa_supplicant( 7324): RX ctrl_iface - hexdump(len=11): 53 49 47 4e 41 4c 5f 50 4f 4c 4c
D/wpa_supplicant( 7324): wlan0: Control interface command 'SIGNAL_POLL'
D/wpa_supplicant( 7324): nl80211: survey data missing!
D/wpa_supplicant( 7324): wlan0: RSSI=-44, LINKSPEED=72, NOISE=9999, FREQUENCY=2437
D/WifiHW  ( 2983): wifi_send_command ret=0, len=48
D/HwWifiStateMachine( 2983): handleMessage: X
E/Thermal-daemon( 2423): [ap] temp_new :33  temp_old :34
D/SupplicantHeartBeat( 2983): handleMessage: E msg.what=999903
D/SupplicantHeartBeat( 2983): processMsg: HeartAckState
D/WifiHW  ( 2983): wifi_send_command: cmd:'IFNAME=wlan0 HEART_BEAT CHECK'
D/wpa_supplicant( 7324): RX ctrl_iface - hexdump(len=16): 48 45 41 52 54 5f 42 45 41 54 20 43 48 45 43 4b
D/wpa_supplicant( 7324): wlan0: Control interface command 'HEART_BEAT CHECK'
I/wpa_supplicant( 7324): wlan0: HEART-BEAT-ACK: 248
D/wpa_supplicant( 7324): CTRL_IFACE monitor send - hexdump(len=40): 2f 64 61 74 61 2f 6d 69 73 63 2f 77 69 66 69 2f 73 6f 63 6b 65 74 73 2f 77 70 61 5f 63 74 72 6c ...
D/WifiHW  ( 2983): wifi ctrl recv res=0, nread=35
D/WifiHW  ( 2983): wifi_send_command ret=0, len=20
D/HwWifiStateMachine( 2983): handleMessage: E msg.what=147506
D/HwWifiStateMachine( 2983): processMsg: ConnectedState
D/SupplicantHeartBeat( 2983): transitionTo: destState=WaitingHeartAckState
D/HwWifiStateMachine( 2983): processMsg: L2ConnectedState
D/SupplicantHeartBeat( 2983): handleMessage: new destination call exit/enter
D/HwWifiStateMachine( 2983): processMsg: ConnectModeState
D/HwWifiStateMachine( 2983): processMsg: DriverStartedState
D/SupplicantHeartBeat( 2983): setupTempStateStackWithStatesToEnter: X mTempStateStackCount=1,curStateInfo: state=EnterSupplicantStarted,active=true,parent=DefaultState
D/HwWifiStateMachine( 2983): processMsg: SupplicantStartedState
D/SupplicantHeartBeat( 2983): invokeExitMethods: HeartAckState
D/SupplicantHeartBeat( 2983): moveTempStackToStateStack: i=0,j=2
D/HwWifiStateMachine( 2983): handleMessage: X
D/SupplicantHeartBeat( 2983): moveTempStackToStateStack: X mStateStackTop=2,startingIndex=2,Top=WaitingHeartAckState
D/SupplicantHeartBeat( 2983): invokeEnterMethods: WaitingHeartAckState
D/SupplicantHeartBeat( 2983): handleMessage: X
D/SupplicantHeartBeat( 2983): handleMessage: E msg.what=147506
D/SupplicantHeartBeat( 2983): processMsg: WaitingHeartAckState
D/SupplicantHeartBeat( 2983): transitionTo: destState=HeartAckState
D/SupplicantHeartBeat( 2983): handleMessage: new destination call exit/enter
D/SupplicantHeartBeat( 2983): setupTempStateStackWithStatesToEnter: X mTempStateStackCount=1,curStateInfo: state=EnterSupplicantStarted,active=true,parent=DefaultState
D/SupplicantHeartBeat( 2983): invokeExitMethods: WaitingHeartAckState
D/SupplicantHeartBeat( 2983): moveTempStackToStateStack: i=0,j=2
D/SupplicantHeartBeat( 2983): moveTempStackToStateStack: X mStateStackTop=2,startingIndex=2,Top=HeartAckState
D/SupplicantHeartBeat( 2983): invokeEnterMethods: HeartAckState
D/SupplicantHeartBeat( 2983): handleMessage: X
D/WifiStateMachine( 2983): RouteDetect receive msg EVENT_ROUTE_CHECK
E/CommandListener( 2409): readDefRoute call readDefRoute
E/SecondaryTablController( 2409): isWifiDefaultRouteExisted /system/bin/ip route
D/NetdConnector( 2983): SND -> {203 interface route readDefRoute}
D/SecondaryTablController( 2409): RouteDetect line= default via 192.168.1.1 dev wlan0 
D/SecondaryTablController( 2409): ret is 0
E/CommandListener( 2409): readDefRoute Rsp ok
D/NetdConnector( 2983): RMV <- {200 203 isWifiDefaultRouteExisted ok}
E/NetdConnector( 2983): NDC Command {203 interface route readDefRoute} took too long (1010ms)
D/WifiStateMachine( 2983): RouteDetect default exist, return true
D/HwWifiStateMachine( 2983): handleMessage: E msg.what=131155
D/HwWifiStateMachine( 2983): processMsg: ConnectedState
D/HwWifiStateMachine( 2983): processMsg: L2ConnectedState
D/WifiHW  ( 2983): wifi_send_command: cmd:'IFNAME=wlan0 SIGNAL_POLL'
D/wpa_supplicant( 7324): RX ctrl_iface - hexdump(len=11): 53 49 47 4e 41 4c 5f 50 4f 4c 4c
D/wpa_supplicant( 7324): wlan0: Control interface command 'SIGNAL_POLL'
D/wpa_supplicant( 7324): nl80211: survey data missing!
D/wpa_supplicant( 7324): wlan0: RSSI=-44, LINKSPEED=72, NOISE=9999, FREQUENCY=2437
D/WifiHW  ( 2983): wifi_send_command ret=0, len=48
D/HwWifiStateMachine( 2983): handleMessage: X
D/ArpVerifier( 2983): 192.168.1.1      0x1         0x6         48:7d:2e:55:dd:12     *        wlan0
D/ArpVerifier( 2983): 192.168.1.100    0x1         0x2         b0:34:95:ed:94:ca     *        wlan0
D/ArpVerifier( 2983): 192.168.1.103    0x1         0x2         70:48:0f:21:41:f0     *        wlan0
D/ArpVerifier( 2983): ARP wlan0,addr: /192.168.1.104,mac: f4:8e:92:24:01:26,gw: /192.168.1.1
D/MultiGW ( 2983): setGateWay 192.168.1.1
D/SupplicantHeartBeat( 2983): handleMessage: E msg.what=999904
D/SupplicantHeartBeat( 2983): processMsg: HeartAckState
D/SupplicantHeartBeat( 2983): processMsg: EnterSupplicantStarted
D/SupplicantHeartBeat( 2983): processMsg: DefaultState
D/SupplicantHeartBeat( 2983): handleMessage: X
D/ArpVerifier( 2983): There are 1 mac address for gateway 
D/ArpVerifier( 2983): mac is static ARP: 48:7d:2e:55:dd:12
D/ArpVerifier( 2983): transmit to state:HEART_CHECK
D/HwWifiStateMachine( 2983): handleMessage: E msg.what=131155
D/HwWifiStateMachine( 2983): processMsg: ConnectedState
D/HwWifiStateMachine( 2983): processMsg: L2ConnectedState
D/WifiHW  ( 2983): wifi_send_command: cmd:'IFNAME=wlan0 SIGNAL_POLL'
D/wpa_supplicant( 7324): RX ctrl_iface - hexdump(len=11): 53 49 47 4e 41 4c 5f 50 4f 4c 4c
D/wpa_supplicant( 7324): wlan0: Control interface command 'SIGNAL_POLL'
D/wpa_supplicant( 7324): nl80211: survey data missing!
D/wpa_supplicant( 7324): wlan0: RSSI=-44, LINKSPEED=72, NOISE=9999, FREQUENCY=2437
D/WifiHW  ( 2983): wifi_send_command ret=0, len=48
D/HwWifiStateMachine( 2983): handleMessage: X
D/HwWifiStateMachine( 2983): handleMessage: E msg.what=131155
D/HwWifiStateMachine( 2983): processMsg: ConnectedState
D/HwWifiStateMachine( 2983): processMsg: L2ConnectedState
D/WifiHW  ( 2983): wifi_send_command: cmd:'IFNAME=wlan0 SIGNAL_POLL'
D/wpa_supplicant( 7324): RX ctrl_iface - hexdump(len=11): 53 49 47 4e 41 4c 5f 50 4f 4c 4c
D/wpa_supplicant( 7324): wlan0: Control interface command 'SIGNAL_POLL'
D/wpa_supplicant( 7324): nl80211: survey data missing!
D/wpa_supplicant( 7324): wlan0: RSSI=-45, LINKSPEED=72, NOISE=9999, FREQUENCY=2437
D/WifiHW  ( 2983): wifi_send_command ret=0, len=48
D/HwWifiStateMachine( 2983): handleMessage: X
V/UsbDeviceManager( 2983): power_state is false usb_state is false
D/WifiController( 2983): handleMessage: E msg.what=155652
D/WifiController( 2983): processMsg: DeviceActiveState
D/WifiController( 2983): processMsg: StaEnabledState
V/UsbDeviceManager( 2983): mBatteryChangedReceiver plugType is 2
D/WifiController( 2983): processMsg: DefaultState
D/WifiController( 2983): handleMessage: X
D/KeyguardUpdateMonitor( 3843): received broadcast android.intent.action.BATTERY_CHANGED
D/KeyguardUpdateMonitor( 3843): handleBatteryUpdate
D/WifiController( 2983): battery changed pluggedType: 2
D/PowerManagerService( 2983): updateIsPoweredLocked: wasPowered=true, mIsPowered=true, oldPlugType=2, mPlugType=2, mBatteryLevel=77
D/HwPowerMonitor.Utils( 4396): ScrOff setChargingState mIsCharging = true
D/HwSystemManager( 5225): BgPowerManagerService:BgPowerManagerSerivce plugged =2 currentThreshold = 8 mRawLevel = 77mLastRawLevel76
D/BgPowerManagerService( 5225):  mTimes = 133594 firstTime = 3807791 firstmBatteryCapacity =2224
D/PowerManagerService( 2983): handleSandman: canDream=false, mWakefulness=Awake
E/Thermal-daemon( 2423): [flash_led] temp_new :31  temp_old :32
D/HwWifiStateMachine( 2983): handleMessage: E msg.what=131155
D/HwWifiStateMachine( 2983): processMsg: ConnectedState
D/HwWifiStateMachine( 2983): processMsg: L2ConnectedState
D/WifiHW  ( 2983): wifi_send_command: cmd:'IFNAME=wlan0 SIGNAL_POLL'
D/wpa_supplicant( 7324): RX ctrl_iface - hexdump(len=11): 53 49 47 4e 41 4c 5f 50 4f 4c 4c
D/wpa_supplicant( 7324): wlan0: Control interface command 'SIGNAL_POLL'
D/wpa_supplicant( 7324): nl80211: survey data missing!
D/wpa_supplicant( 7324): wlan0: RSSI=-46, LINKSPEED=72, NOISE=9999, FREQUENCY=2437
D/WifiHW  ( 2983): wifi_send_command ret=0, len=48
D/HwWifiStateMachine( 2983): handleMessage: X
D/HwWifiStateMachine( 2983): handleMessage: E msg.what=131155
D/HwWifiStateMachine( 2983): processMsg: ConnectedState
D/HwWifiStateMachine( 2983): processMsg: L2ConnectedState
D/WifiHW  ( 2983): wifi_send_command: cmd:'IFNAME=wlan0 SIGNAL_POLL'
D/wpa_supplicant( 7324): RX ctrl_iface - hexdump(len=11): 53 49 47 4e 41 4c 5f 50 4f 4c 4c
D/wpa_supplicant( 7324): wlan0: Control interface command 'SIGNAL_POLL'
D/wpa_supplicant( 7324): nl80211: survey data missing!
D/wpa_supplicant( 7324): wlan0: RSSI=-43, LINKSPEED=72, NOISE=9999, FREQUENCY=2437
D/WifiHW  ( 2983): wifi_send_command ret=0, len=48
D/HwWifiStateMachine( 2983): handleMessage: X
V/UsbDeviceManager( 2983): power_state is false usb_state is false
D/SupplicantHeartBeat( 2983): handleMessage: E msg.what=999903
D/SupplicantHeartBeat( 2983): processMsg: HeartAckState
D/WifiHW  ( 2983): wifi_send_command: cmd:'IFNAME=wlan0 HEART_BEAT CHECK'
D/wpa_supplicant( 7324): RX ctrl_iface - hexdump(len=16): 48 45 41 52 54 5f 42 45 41 54 20 43 48 45 43 4b
D/wpa_supplicant( 7324): wlan0: Control interface command 'HEART_BEAT CHECK'
I/wpa_supplicant( 7324): wlan0: HEART-BEAT-ACK: 249
D/wpa_supplicant( 7324): CTRL_IFACE monitor send - hexdump(len=40): 2f 64 61 74 61 2f 6d 69 73 63 2f 77 69 66 69 2f 73 6f 63 6b 65 74 73 2f 77 70 61 5f 63 74 72 6c ...
D/WifiHW  ( 2983): wifi ctrl recv res=0, nread=35
D/WifiHW  ( 2983): wifi_send_command ret=0, len=20
D/HwWifiStateMachine( 2983): handleMessage: E msg.what=147506
D/HwWifiStateMachine( 2983): processMsg: ConnectedState
D/SupplicantHeartBeat( 2983): transitionTo: destState=WaitingHeartAckState
D/HwWifiStateMachine( 2983): processMsg: L2ConnectedState
D/SupplicantHeartBeat( 2983): handleMessage: new destination call exit/enter
D/HwWifiStateMachine( 2983): processMsg: ConnectModeState
D/HwWifiStateMachine( 2983): processMsg: DriverStartedState
D/HwWifiStateMachine( 2983): processMsg: SupplicantStartedState
D/SupplicantHeartBeat( 2983): setupTempStateStackWithStatesToEnter: X mTempStateStackCount=1,curStateInfo: state=EnterSupplicantStarted,active=true,parent=DefaultState
D/HwWifiStateMachine( 2983): handleMessage: X
D/SupplicantHeartBeat( 2983): invokeExitMethods: HeartAckState
D/SupplicantHeartBeat( 2983): moveTempStackToStateStack: i=0,j=2
D/SupplicantHeartBeat( 2983): moveTempStackToStateStack: X mStateStackTop=2,startingIndex=2,Top=WaitingHeartAckState
D/SupplicantHeartBeat( 2983): invokeEnterMethods: WaitingHeartAckState
D/SupplicantHeartBeat( 2983): handleMessage: X
D/SupplicantHeartBeat( 2983): handleMessage: E msg.what=147506
D/SupplicantHeartBeat( 2983): processMsg: WaitingHeartAckState
D/SupplicantHeartBeat( 2983): transitionTo: destState=HeartAckState
D/SupplicantHeartBeat( 2983): handleMessage: new destination call exit/enter
D/SupplicantHeartBeat( 2983): setupTempStateStackWithStatesToEnter: X mTempStateStackCount=1,curStateInfo: state=EnterSupplicantStarted,active=true,parent=DefaultState
D/SupplicantHeartBeat( 2983): invokeExitMethods: WaitingHeartAckState
D/SupplicantHeartBeat( 2983): moveTempStackToStateStack: i=0,j=2
D/SupplicantHeartBeat( 2983): moveTempStackToStateStack: X mStateStackTop=2,startingIndex=2,Top=HeartAckState
D/SupplicantHeartBeat( 2983): invokeEnterMethods: HeartAckState
D/SupplicantHeartBeat( 2983): handleMessage: X
D/HwWifiStateMachine( 2983): handleMessage: E msg.what=131155
D/HwWifiStateMachine( 2983): processMsg: ConnectedState
D/HwWifiStateMachine( 2983): processMsg: L2ConnectedState
D/WifiHW  ( 2983): wifi_send_command: cmd:'IFNAME=wlan0 SIGNAL_POLL'
D/wpa_supplicant( 7324): RX ctrl_iface - hexdump(len=11): 53 49 47 4e 41 4c 5f 50 4f 4c 4c
D/wpa_supplicant( 7324): wlan0: Control interface command 'SIGNAL_POLL'
D/wpa_supplicant( 7324): nl80211: survey data missing!
D/wpa_supplicant( 7324): wlan0: RSSI=-45, LINKSPEED=72, NOISE=9999, FREQUENCY=2437
D/WifiHW  ( 2983): wifi_send_command ret=0, len=48
D/HwWifiStateMachine( 2983): handleMessage: X
D/SupplicantHeartBeat( 2983): handleMessage: E msg.what=999904
D/SupplicantHeartBeat( 2983): processMsg: HeartAckState
D/SupplicantHeartBeat( 2983): processMsg: EnterSupplicantStarted
D/SupplicantHeartBeat( 2983): processMsg: DefaultState
D/SupplicantHeartBeat( 2983): handleMessage: X
E/Thermal-daemon( 2423): [pa_0] temp_new :31  temp_old :32
D/HwWifiStateMachine( 2983): handleMessage: E msg.what=131155
D/HwWifiStateMachine( 2983): processMsg: ConnectedState
D/HwWifiStateMachine( 2983): processMsg: L2ConnectedState
D/WifiHW  ( 2983): wifi_send_command: cmd:'IFNAME=wlan0 SIGNAL_POLL'
D/wpa_supplicant( 7324): RX ctrl_iface - hexdump(len=11): 53 49 47 4e 41 4c 5f 50 4f 4c 4c
D/wpa_supplicant( 7324): wlan0: Control interface command 'SIGNAL_POLL'
D/wpa_supplicant( 7324): nl80211: survey data missing!
D/wpa_supplicant( 7324): wlan0: RSSI=-44, LINKSPEED=72, NOISE=9999, FREQUENCY=2437
D/WifiHW  ( 2983): wifi_send_command ret=0, len=48
D/HwWifiStateMachine( 2983): handleMessage: X
V/AlarmManager( 2983): Checking for alarms... rtc=1518269261947, elapsed=3954968
V/AlarmManager( 2983): sending alarm Alarm{43cdc878 type 0 com.kingroot.kinguser},repeatInterval = 0
D/PowerManagerService( 2983): acquireWakeLockInternal: lock=1127379624, flags=0x1, tag="AlarmManager", ws=WorkSource{10033}, uid=1000, pid=2983
D/PowerManagerNotifier( 2983): onWakeLockAcquired: flags=1, tag="AlarmManager", packageName=android, ownerUid=1000, ownerPid=2983, workSource=WorkSource{10033}
D/PowerManagerService( 2983): updateWakeLockSummaryLocked: mWakefulness=Awake, mWakeLockSummary=0x1
D/PowerManagerService( 2983): updateScreenStateLocked: mDisplayReady=true, newScreenState=1, mWakefulness=1, mWakeLockSummary=0x1, mUserActivitySummary=0x0, mBootCompleted=true
D/PowerManagerService( 2983): Acquiring suspend blocker "PowerManagerService.WakeLocks".
D/PowerManagerService( 2983): releaseWakeLockInternal: lock=1127379624 [AlarmManager], flags=0x0
D/PowerManagerNotifier( 2983): onWakeLockReleased: flags=1, tag="AlarmManager", packageName=android, ownerUid=1000, ownerPid=2983, workSource=WorkSource{10033}
D/PowerManagerService( 2983): updateWakeLockSummaryLocked: mWakefulness=Awake, mWakeLockSummary=0x0
D/PowerManagerService( 2983): updateScreenStateLocked: mDisplayReady=true, newScreenState=1, mWakefulness=1, mWakeLockSummary=0x0, mUserActivitySummary=0x0, mBootCompleted=true
D/PowerManagerService( 2983): Releasing suspend blocker "PowerManagerService.WakeLocks".
D/PowerManagerService( 2983): handleSandman: canDream=false, mWakefulness=Awake
D/HwWifiStateMachine( 2983): handleMessage: E msg.what=131155
D/HwWifiStateMachine( 2983): processMsg: ConnectedState
D/HwWifiStateMachine( 2983): processMsg: L2ConnectedState
D/WifiHW  ( 2983): wifi_send_command: cmd:'IFNAME=wlan0 SIGNAL_POLL'
D/wpa_supplicant( 7324): RX ctrl_iface - hexdump(len=11): 53 49 47 4e 41 4c 5f 50 4f 4c 4c
D/wpa_supplicant( 7324): wlan0: Control interface command 'SIGNAL_POLL'
D/wpa_supplicant( 7324): nl80211: survey data missing!
D/wpa_supplicant( 7324): wlan0: RSSI=-44, LINKSPEED=72, NOISE=9999, FREQUENCY=2437
D/WifiHW  ( 2983): wifi_send_command ret=0, len=48
D/HwWifiStateMachine( 2983): handleMessage: X
D/PowerManagerService( 2983): PreventWake runnable
D/PowerManagerService( 2983): PowerFireWall gmsUid = 10007
D/HwWifiStateMachine( 2983): handleMessage: E msg.what=131155
D/HwWifiStateMachine( 2983): processMsg: ConnectedState
D/HwWifiStateMachine( 2983): processMsg: L2ConnectedState
D/WifiHW  ( 2983): wifi_send_command: cmd:'IFNAME=wlan0 SIGNAL_POLL'
D/wpa_supplicant( 7324): RX ctrl_iface - hexdump(len=11): 53 49 47 4e 41 4c 5f 50 4f 4c 4c
D/wpa_supplicant( 7324): wlan0: Control interface command 'SIGNAL_POLL'
D/wpa_supplicant( 7324): nl80211: survey data missing!
D/wpa_supplicant( 7324): wlan0: RSSI=-44, LINKSPEED=72, NOISE=9999, FREQUENCY=2437
D/WifiHW  ( 2983): wifi_send_command ret=0, len=48
D/HwWifiStateMachine( 2983): handleMessage: X
D/HwWifiStateMachine( 2983): handleMessage: E msg.what=131155
D/HwWifiStateMachine( 2983): processMsg: ConnectedState
D/HwWifiStateMachine( 2983): processMsg: L2ConnectedState
D/WifiHW  ( 2983): wifi_send_command: cmd:'IFNAME=wlan0 SIGNAL_POLL'
D/wpa_supplicant( 7324): RX ctrl_iface - hexdump(len=11): 53 49 47 4e 41 4c 5f 50 4f 4c 4c
D/wpa_supplicant( 7324): wlan0: Control interface command 'SIGNAL_POLL'
D/wpa_supplicant( 7324): nl80211: survey data missing!
D/wpa_supplicant( 7324): wlan0: RSSI=-44, LINKSPEED=72, NOISE=9999, FREQUENCY=2437
D/WifiHW  ( 2983): wifi_send_command ret=0, len=48
D/HwWifiStateMachine( 2983): handleMessage: X
W/System.err( 2983): java.net.SocketTimeoutException: failed to connect to www.google.com/31.13.72.34 (port 80) after 4000ms
W/System.err( 2983): 	at libcore.io.IoBridge.connectErrno(IoBridge.java:159)
W/System.err( 2983): 	at libcore.io.IoBridge.connect(IoBridge.java:112)
W/System.err( 2983): 	at java.net.PlainSocketImpl.connect(PlainSocketImpl.java:192)
W/System.err( 2983): 	at java.net.PlainSocketImpl.connect(PlainSocketImpl.java:459)
W/System.err( 2983): 	at java.net.Socket.connect(Socket.java:843)
W/System.err( 2983): 	at com.android.okhttp.internal.Platform.connectSocket(Platform.java:152)
W/System.err( 2983): 	at com.android.okhttp.Connection.connect(Connection.java:101)
W/System.err( 2983): 	at com.android.okhttp.internal.http.HttpEngine.connect(HttpEngine.java:294)
W/System.err( 2983): 	at com.android.okhttp.internal.http.HttpEngine.sendSocketRequest(HttpEngine.java:255)
W/System.err( 2983): 	at com.android.okhttp.internal.http.HttpEngine.sendRequest(HttpEngine.java:206)
W/System.err( 2983): 	at com.android.okhttp.internal.http.HttpURLConnectionImpl.execute(HttpURLConnectionImpl.java:345)
W/System.err( 2983): 	at com.android.okhttp.internal.http.HttpURLConnectionImpl.connect(HttpURLConnectionImpl.java:89)
W/System.err( 2983): 	at com.android.server.power.PowerManagerService.isGoogleConnectOK(PowerManagerService.java:3233)
W/System.err( 2983): 	at com.android.server.power.PowerManagerService.access$4000(PowerManagerService.java:112)
W/System.err( 2983): 	at com.android.server.power.PowerManagerService$5$1.run(PowerManagerService.java:3206)
D/PowerManagerService( 2983): PreventWake change to valid!
D/SupplicantHeartBeat( 2983): handleMessage: E msg.what=999903
D/SupplicantHeartBeat( 2983): processMsg: HeartAckState
D/WifiHW  ( 2983): wifi_send_command: cmd:'IFNAME=wlan0 HEART_BEAT CHECK'
D/wpa_supplicant( 7324): RX ctrl_iface - hexdump(len=16): 48 45 41 52 54 5f 42 45 41 54 20 43 48 45 43 4b
D/wpa_supplicant( 7324): wlan0: Control interface command 'HEART_BEAT CHECK'
I/wpa_supplicant( 7324): wlan0: HEART-BEAT-ACK: 250
D/wpa_supplicant( 7324): CTRL_IFACE monitor send - hexdump(len=40): 2f 64 61 74 61 2f 6d 69 73 63 2f 77 69 66 69 2f 73 6f 63 6b 65 74 73 2f 77 70 61 5f 63 74 72 6c ...
D/WifiHW  ( 2983): wifi_send_command ret=0, len=20
D/WifiHW  ( 2983): wifi ctrl recv res=0, nread=35
D/SupplicantHeartBeat( 2983): transitionTo: destState=WaitingHeartAckState
D/HwWifiStateMachine( 2983): handleMessage: E msg.what=147506
D/HwWifiStateMachine( 2983): processMsg: ConnectedState
D/SupplicantHeartBeat( 2983): handleMessage: new destination call exit/enter
D/HwWifiStateMachine( 2983): processMsg: L2ConnectedState
D/HwWifiStateMachine( 2983): processMsg: ConnectModeState
D/HwWifiStateMachine( 2983): processMsg: DriverStartedState
D/SupplicantHeartBeat( 2983): setupTempStateStackWithStatesToEnter: X mTempStateStackCount=1,curStateInfo: state=EnterSupplicantStarted,active=true,parent=DefaultState
D/HwWifiStateMachine( 2983): processMsg: SupplicantStartedState
D/SupplicantHeartBeat( 2983): invokeExitMethods: HeartAckState
D/SupplicantHeartBeat( 2983): moveTempStackToStateStack: i=0,j=2
D/HwWifiStateMachine( 2983): handleMessage: X
D/SupplicantHeartBeat( 2983): moveTempStackToStateStack: X mStateStackTop=2,startingIndex=2,Top=WaitingHeartAckState
D/SupplicantHeartBeat( 2983): invokeEnterMethods: WaitingHeartAckState
D/SupplicantHeartBeat( 2983): handleMessage: X
D/SupplicantHeartBeat( 2983): handleMessage: E msg.what=147506
D/SupplicantHeartBeat( 2983): processMsg: WaitingHeartAckState
D/SupplicantHeartBeat( 2983): transitionTo: destState=HeartAckState
D/SupplicantHeartBeat( 2983): handleMessage: new destination call exit/enter
D/SupplicantHeartBeat( 2983): setupTempStateStackWithStatesToEnter: X mTempStateStackCount=1,curStateInfo: state=EnterSupplicantStarted,active=true,parent=DefaultState
D/SupplicantHeartBeat( 2983): invokeExitMethods: WaitingHeartAckState
D/SupplicantHeartBeat( 2983): moveTempStackToStateStack: i=0,j=2
D/SupplicantHeartBeat( 2983): moveTempStackToStateStack: X mStateStackTop=2,startingIndex=2,Top=HeartAckState
D/SupplicantHeartBeat( 2983): invokeEnterMethods: HeartAckState
D/SupplicantHeartBeat( 2983): handleMessage: X
D/WifiStateMachine( 2983): RouteDetect receive msg EVENT_ROUTE_CHECK
D/NetdConnector( 2983): SND -> {204 interface route readDefRoute}
E/CommandListener( 2409): readDefRoute call readDefRoute
E/SecondaryTablController( 2409): isWifiDefaultRouteExisted /system/bin/ip route
D/HwWifiStateMachine( 2983): handleMessage: E msg.what=131155
D/HwWifiStateMachine( 2983): processMsg: ConnectedState
D/HwWifiStateMachine( 2983): processMsg: L2ConnectedState
D/WifiHW  ( 2983): wifi_send_command: cmd:'IFNAME=wlan0 SIGNAL_POLL'
D/wpa_supplicant( 7324): RX ctrl_iface - hexdump(len=11): 53 49 47 4e 41 4c 5f 50 4f 4c 4c
D/wpa_supplicant( 7324): wlan0: Control interface command 'SIGNAL_POLL'
D/wpa_supplicant( 7324): nl80211: survey data missing!
D/wpa_supplicant( 7324): wlan0: RSSI=-43, LINKSPEED=72, NOISE=9999, FREQUENCY=2437
D/WifiHW  ( 2983): wifi_send_command ret=0, len=48
D/HwWifiStateMachine( 2983): handleMessage: X
D/SecondaryTablController( 2409): RouteDetect line= default via 192.168.1.1 dev wlan0 
D/SecondaryTablController( 2409): ret is 0
E/CommandListener( 2409): readDefRoute Rsp ok
D/NetdConnector( 2983): RMV <- {200 204 isWifiDefaultRouteExisted ok}
E/NetdConnector( 2983): NDC Command {204 interface route readDefRoute} took too long (1011ms)
D/WifiStateMachine( 2983): RouteDetect default exist, return true
D/SupplicantHeartBeat( 2983): handleMessage: E msg.what=999904
D/SupplicantHeartBeat( 2983): processMsg: HeartAckState
D/SupplicantHeartBeat( 2983): processMsg: EnterSupplicantStarted
D/SupplicantHeartBeat( 2983): processMsg: DefaultState
D/SupplicantHeartBeat( 2983): handleMessage: X
D/ArpVerifier( 2983): 192.168.1.1      0x1         0x6         48:7d:2e:55:dd:12     *        wlan0
D/ArpVerifier( 2983): 192.168.1.100    0x1         0x2         b0:34:95:ed:94:ca     *        wlan0
D/ArpVerifier( 2983): 192.168.1.103    0x1         0x2         70:48:0f:21:41:f0     *        wlan0
D/ArpVerifier( 2983): ARP wlan0,addr: /192.168.1.104,mac: f4:8e:92:24:01:26,gw: /192.168.1.1
D/MultiGW ( 2983): setGateWay 192.168.1.1
E/Thermal-daemon( 2423): [ap] temp_new :32  temp_old :33
D/ArpVerifier( 2983): There are 1 mac address for gateway 
D/ArpVerifier( 2983): mac is static ARP: 48:7d:2e:55:dd:12
D/ArpVerifier( 2983): transmit to state:HEART_CHECK
D/HwWifiStateMachine( 2983): handleMessage: E msg.what=131155
D/HwWifiStateMachine( 2983): processMsg: ConnectedState
D/HwWifiStateMachine( 2983): processMsg: L2ConnectedState
D/WifiHW  ( 2983): wifi_send_command: cmd:'IFNAME=wlan0 SIGNAL_POLL'
D/wpa_supplicant( 7324): RX ctrl_iface - hexdump(len=11): 53 49 47 4e 41 4c 5f 50 4f 4c 4c
D/wpa_supplicant( 7324): wlan0: Control interface command 'SIGNAL_POLL'
D/wpa_supplicant( 7324): nl80211: survey data missing!
D/wpa_supplicant( 7324): wlan0: RSSI=-46, LINKSPEED=72, NOISE=9999, FREQUENCY=2437
D/WifiHW  ( 2983): wifi_send_command ret=0, len=48
D/HwWifiStateMachine( 2983): handleMessage: X
D/SensorHub( 2983): Channel activate-> handle: 0, enabled:1, err: 0
D/SensorHub( 2983): Channel setDelay-> handle: 0, ns:30000000, err: 0
D/HwWifiStateMachine( 2983): handleMessage: E msg.what=131155
D/HwWifiStateMachine( 2983): processMsg: ConnectedState
D/HwWifiStateMachine( 2983): processMsg: L2ConnectedState
D/WifiHW  ( 2983): wifi_send_command: cmd:'IFNAME=wlan0 SIGNAL_POLL'
D/wpa_supplicant( 7324): RX ctrl_iface - hexdump(len=11): 53 49 47 4e 41 4c 5f 50 4f 4c 4c
D/wpa_supplicant( 7324): wlan0: Control interface command 'SIGNAL_POLL'
D/wpa_supplicant( 7324): nl80211: survey data missing!
D/wpa_supplicant( 7324): wlan0: RSSI=-45, LINKSPEED=72, NOISE=9999, FREQUENCY=2437
D/WifiHW  ( 2983): wifi_send_command ret=0, len=48
D/HwWifiStateMachine( 2983): handleMessage: X
V/AlarmManager( 2983): Checking for alarms... rtc=1518269279999, elapsed=3973020
D/PowerManagerService( 2983): acquireWakeLockInternal: lock=1127379624, flags=0x1, tag="AlarmManager", ws=WorkSource{1000}, uid=1000, pid=2983
D/PowerManagerNotifier( 2983): onWakeLockAcquired: flags=1, tag="AlarmManager", packageName=android, ownerUid=1000, ownerPid=2983, workSource=WorkSource{1000}
D/PowerManagerService( 2983): updateWakeLockSummaryLocked: mWakefulness=Awake, mWakeLockSummary=0x1
D/PowerManagerService( 2983): updateScreenStateLocked: mDisplayReady=true, newScreenState=1, mWakefulness=1, mWakeLockSummary=0x1, mUserActivitySummary=0x0, mBootCompleted=true
D/PowerManagerService( 2983): Acquiring suspend blocker "PowerManagerService.WakeLocks".
D/KeyguardUpdateMonitor( 3843): received broadcast android.intent.action.TIME_TICK
D/KeyguardUpdateMonitor( 3843): handleTimeUpdate
D/PowerManagerService( 2983): handleSandman: canDream=false, mWakefulness=Awake
D/PowerManagerService( 2983): releaseWakeLockInternal: lock=1127379624 [AlarmManager], flags=0x0
D/PowerManagerNotifier( 2983): onWakeLockReleased: flags=1, tag="AlarmManager", packageName=android, ownerUid=1000, ownerPid=2983, workSource=WorkSource{1000}
D/PowerManagerService( 2983): updateWakeLockSummaryLocked: mWakefulness=Awake, mWakeLockSummary=0x0
D/PowerManagerService( 2983): updateScreenStateLocked: mDisplayReady=true, newScreenState=1, mWakefulness=1, mWakeLockSummary=0x0, mUserActivitySummary=0x0, mBootCompleted=true
D/PowerManagerService( 2983): Releasing suspend blocker "PowerManagerService.WakeLocks".
D/PowerManagerService( 2983): handleSandman: canDream=false, mWakefulness=Awake
D/dalvikvm( 5790): GC_CONCURRENT freed 3710K, 13% free 42211K/48196K, paused 5ms+6ms, total 50ms
D/dalvikvm( 5790): WAIT_FOR_CONCURRENT_GC blocked 44ms
D/HwWifiStateMachine( 2983): handleMessage: E msg.what=131155
D/HwWifiStateMachine( 2983): processMsg: ConnectedState
D/HwWifiStateMachine( 2983): processMsg: L2ConnectedState
D/WifiHW  ( 2983): wifi_send_command: cmd:'IFNAME=wlan0 SIGNAL_POLL'
D/wpa_supplicant( 7324): RX ctrl_iface - hexdump(len=11): 53 49 47 4e 41 4c 5f 50 4f 4c 4c
D/wpa_supplicant( 7324): wlan0: Control interface command 'SIGNAL_POLL'
D/wpa_supplicant( 7324): nl80211: survey data missing!
D/wpa_supplicant( 7324): wlan0: RSSI=-44, LINKSPEED=72, NOISE=9999, FREQUENCY=2437
D/WifiHW  ( 2983): wifi_send_command ret=0, len=48
D/HwWifiStateMachine( 2983): handleMessage: X
D/HwWifiStateMachine( 2983): handleMessage: E msg.what=131155
D/HwWifiStateMachine( 2983): processMsg: ConnectedState
D/HwWifiStateMachine( 2983): processMsg: L2ConnectedState
D/WifiHW  ( 2983): wifi_send_command: cmd:'IFNAME=wlan0 SIGNAL_POLL'
D/wpa_supplicant( 7324): RX ctrl_iface - hexdump(len=11): 53 49 47 4e 41 4c 5f 50 4f 4c 4c
D/wpa_supplicant( 7324): wlan0: Control interface command 'SIGNAL_POLL'
D/wpa_supplicant( 7324): nl80211: survey data missing!
D/wpa_supplicant( 7324): wlan0: RSSI=-44, LINKSPEED=72, NOISE=9999, FREQUENCY=2437
D/WifiHW  ( 2983): wifi_send_command ret=0, len=48
D/HwWifiStateMachine( 2983): handleMessage: X
D/SupplicantHeartBeat( 2983): handleMessage: E msg.what=999903
D/SupplicantHeartBeat( 2983): processMsg: HeartAckState
D/WifiHW  ( 2983): wifi_send_command: cmd:'IFNAME=wlan0 HEART_BEAT CHECK'
D/wpa_supplicant( 7324): RX ctrl_iface - hexdump(len=16): 48 45 41 52 54 5f 42 45 41 54 20 43 48 45 43 4b
D/wpa_supplicant( 7324): wlan0: Control interface command 'HEART_BEAT CHECK'
I/wpa_supplicant( 7324): wlan0: HEART-BEAT-ACK: 251
D/wpa_supplicant( 7324): CTRL_IFACE monitor send - hexdump(len=40): 2f 64 61 74 61 2f 6d 69 73 63 2f 77 69 66 69 2f 73 6f 63 6b 65 74 73 2f 77 70 61 5f 63 74 72 6c ...
D/WifiHW  ( 2983): wifi_send_command ret=0, len=20
D/WifiHW  ( 2983): wifi ctrl recv res=0, nread=35
D/SupplicantHeartBeat( 2983): transitionTo: destState=WaitingHeartAckState
D/SupplicantHeartBeat( 2983): handleMessage: new destination call exit/enter
D/SupplicantHeartBeat( 2983): setupTempStateStackWithStatesToEnter: X mTempStateStackCount=1,curStateInfo: state=EnterSupplicantStarted,active=true,parent=DefaultState
D/SupplicantHeartBeat( 2983): invokeExitMethods: HeartAckState
D/SupplicantHeartBeat( 2983): moveTempStackToStateStack: i=0,j=2
D/SupplicantHeartBeat( 2983): moveTempStackToStateStack: X mStateStackTop=2,startingIndex=2,Top=WaitingHeartAckState
D/SupplicantHeartBeat( 2983): invokeEnterMethods: WaitingHeartAckState
D/SupplicantHeartBeat( 2983): handleMessage: X
D/HwWifiStateMachine( 2983): handleMessage: E msg.what=147506
D/HwWifiStateMachine( 2983): processMsg: ConnectedState
D/HwWifiStateMachine( 2983): processMsg: L2ConnectedState
D/HwWifiStateMachine( 2983): processMsg: ConnectModeState
D/HwWifiStateMachine( 2983): processMsg: DriverStartedState
D/HwWifiStateMachine( 2983): processMsg: SupplicantStartedState
D/HwWifiStateMachine( 2983): handleMessage: X
D/SupplicantHeartBeat( 2983): handleMessage: E msg.what=147506
D/SupplicantHeartBeat( 2983): processMsg: WaitingHeartAckState
D/SupplicantHeartBeat( 2983): transitionTo: destState=HeartAckState
D/SupplicantHeartBeat( 2983): handleMessage: new destination call exit/enter
D/SupplicantHeartBeat( 2983): setupTempStateStackWithStatesToEnter: X mTempStateStackCount=1,curStateInfo: state=EnterSupplicantStarted,active=true,parent=DefaultState
D/SupplicantHeartBeat( 2983): invokeExitMethods: WaitingHeartAckState
D/SupplicantHeartBeat( 2983): moveTempStackToStateStack: i=0,j=2
D/SupplicantHeartBeat( 2983): moveTempStackToStateStack: X mStateStackTop=2,startingIndex=2,Top=HeartAckState
D/SupplicantHeartBeat( 2983): invokeEnterMethods: HeartAckState
D/SupplicantHeartBeat( 2983): handleMessage: X
V/UsbDeviceManager( 2983): power_state is false usb_state is false
D/WifiController( 2983): handleMessage: E msg.what=155652
D/WifiController( 2983): processMsg: DeviceActiveState
D/WifiController( 2983): processMsg: StaEnabledState
D/WifiController( 2983): processMsg: DefaultState
D/WifiController( 2983): handleMessage: X
V/UsbDeviceManager( 2983): mBatteryChangedReceiver plugType is 2
D/WifiController( 2983): battery changed pluggedType: 2
D/PowerManagerService( 2983): updateIsPoweredLocked: wasPowered=true, mIsPowered=true, oldPlugType=2, mPlugType=2, mBatteryLevel=77
D/KeyguardUpdateMonitor( 3843): received broadcast android.intent.action.BATTERY_CHANGED
D/KeyguardUpdateMonitor( 3843): handleBatteryUpdate
V/PGAdapter( 4450): adapter OnContextChanged be called1027 1027
V/PGAdapter( 4450): PGAdapter sendBroadcast!!STATIONARY
D/SensorHub( 2983): Channel activate-> handle: 0, enabled:0, err: 0
D/HwPowerMonitor.Utils( 4396): ScrOff setChargingState mIsCharging = true
D/SensorHub( 2983): Channel setDelay-> handle: 3, ns:1000000000, err: 0
D/HwSystemManager( 5225): BgPowerManagerService:BgPowerManagerSerivce plugged =2 currentThreshold = 8 mRawLevel = 77mLastRawLevel77
D/BgPowerManagerService( 5225):  mTimes = 170045 firstTime = 3807791 firstmBatteryCapacity =2224
I/CAPALiteReceiver( 4426): USER STATE: STATIONARY SUB STATE: UNKNOWN
D/PowerManagerService( 2983): handleSandman: canDream=false, mWakefulness=Awake
D/HwWifiStateMachine( 2983): handleMessage: E msg.what=131155
D/HwWifiStateMachine( 2983): processMsg: ConnectedState
D/HwWifiStateMachine( 2983): processMsg: L2ConnectedState
D/WifiHW  ( 2983): wifi_send_command: cmd:'IFNAME=wlan0 SIGNAL_POLL'
D/wpa_supplicant( 7324): RX ctrl_iface - hexdump(len=11): 53 49 47 4e 41 4c 5f 50 4f 4c 4c
D/wpa_supplicant( 7324): wlan0: Control interface command 'SIGNAL_POLL'
D/wpa_supplicant( 7324): nl80211: survey data missing!
D/wpa_supplicant( 7324): wlan0: RSSI=-44, LINKSPEED=72, NOISE=9999, FREQUENCY=2437
D/WifiHW  ( 2983): wifi_send_command ret=0, len=48
D/HwWifiStateMachine( 2983): handleMessage: X
D/SupplicantHeartBeat( 2983): handleMessage: E msg.what=999904
D/SupplicantHeartBeat( 2983): processMsg: HeartAckState
D/SupplicantHeartBeat( 2983): processMsg: EnterSupplicantStarted
D/SupplicantHeartBeat( 2983): processMsg: DefaultState
D/SupplicantHeartBeat( 2983): handleMessage: X
D/HwWifiStateMachine( 2983): handleMessage: E msg.what=131155
D/HwWifiStateMachine( 2983): processMsg: ConnectedState
D/HwWifiStateMachine( 2983): processMsg: L2ConnectedState
D/WifiHW  ( 2983): wifi_send_command: cmd:'IFNAME=wlan0 SIGNAL_POLL'
D/wpa_supplicant( 7324): RX ctrl_iface - hexdump(len=11): 53 49 47 4e 41 4c 5f 50 4f 4c 4c
D/wpa_supplicant( 7324): wlan0: Control interface command 'SIGNAL_POLL'
D/wpa_supplicant( 7324): nl80211: survey data missing!
D/wpa_supplicant( 7324): wlan0: RSSI=-44, LINKSPEED=72, NOISE=9999, FREQUENCY=2437
D/WifiHW  ( 2983): wifi_send_command ret=0, len=48
D/HwWifiStateMachine( 2983): handleMessage: X
D/HwWifiStateMachine( 2983): handleMessage: E msg.what=131155
D/HwWifiStateMachine( 2983): processMsg: ConnectedState
D/HwWifiStateMachine( 2983): processMsg: L2ConnectedState
D/WifiHW  ( 2983): wifi_send_command: cmd:'IFNAME=wlan0 SIGNAL_POLL'
D/wpa_supplicant( 7324): RX ctrl_iface - hexdump(len=11): 53 49 47 4e 41 4c 5f 50 4f 4c 4c
D/wpa_supplicant( 7324): wlan0: Control interface command 'SIGNAL_POLL'
D/wpa_supplicant( 7324): nl80211: survey data missing!
D/wpa_supplicant( 7324): wlan0: RSSI=-44, LINKSPEED=72, NOISE=9999, FREQUENCY=2437
D/WifiHW  ( 2983): wifi_send_command ret=0, len=48
D/HwWifiStateMachine( 2983): handleMessage: X
D/WifiController( 2983): handleMessage: E msg.what=155652
D/WifiController( 2983): processMsg: DeviceActiveState
D/WifiController( 2983): processMsg: StaEnabledState
D/WifiController( 2983): processMsg: DefaultState
D/WifiController( 2983): handleMessage: X
D/KeyguardUpdateMonitor( 3843): received broadcast android.intent.action.BATTERY_CHANGED
D/KeyguardUpdateMonitor( 3843): handleBatteryUpdate
V/UsbDeviceManager( 2983): mBatteryChangedReceiver plugType is 2
D/WifiController( 2983): battery changed pluggedType: 2
D/PowerManagerService( 2983): updateIsPoweredLocked: wasPowered=true, mIsPowered=true, oldPlugType=2, mPlugType=2, mBatteryLevel=77
D/HwPowerMonitor.Utils( 4396): ScrOff setChargingState mIsCharging = true
D/HwSystemManager( 5225): BgPowerManagerService:BgPowerManagerSerivce plugged =2 currentThreshold = 8 mRawLevel = 77mLastRawLevel77
D/BgPowerManagerService( 5225):  mTimes = 180021 firstTime = 3807791 firstmBatteryCapacity =2224
D/PowerManagerService( 2983): handleSandman: canDream=false, mWakefulness=Awake
D/HwWifiStateMachine( 2983): handleMessage: E msg.what=131155
D/HwWifiStateMachine( 2983): processMsg: ConnectedState
D/HwWifiStateMachine( 2983): processMsg: L2ConnectedState
D/WifiHW  ( 2983): wifi_send_command: cmd:'IFNAME=wlan0 SIGNAL_POLL'
D/wpa_supplicant( 7324): RX ctrl_iface - hexdump(len=11): 53 49 47 4e 41 4c 5f 50 4f 4c 4c
D/wpa_supplicant( 7324): wlan0: Control interface command 'SIGNAL_POLL'
D/wpa_supplicant( 7324): nl80211: survey data missing!
D/wpa_supplicant( 7324): wlan0: RSSI=-44, LINKSPEED=72, NOISE=9999, FREQUENCY=2437
D/WifiHW  ( 2983): wifi_send_command ret=0, len=48
D/HwWifiStateMachine( 2983): handleMessage: X
D/HwWifiStateMachine( 2983): handleMessage: E msg.what=131155
D/HwWifiStateMachine( 2983): processMsg: ConnectedState
D/HwWifiStateMachine( 2983): processMsg: L2ConnectedState
D/WifiHW  ( 2983): wifi_send_command: cmd:'IFNAME=wlan0 SIGNAL_POLL'
D/wpa_supplicant( 7324): RX ctrl_iface - hexdump(len=11): 53 49 47 4e 41 4c 5f 50 4f 4c 4c
D/wpa_supplicant( 7324): wlan0: Control interface command 'SIGNAL_POLL'
D/wpa_supplicant( 7324): nl80211: survey data missing!
D/wpa_supplicant( 7324): wlan0: RSSI=-44, LINKSPEED=72, NOISE=9999, FREQUENCY=2437
D/WifiHW  ( 2983): wifi_send_command ret=0, len=48
D/HwWifiStateMachine( 2983): handleMessage: X
D/SupplicantHeartBeat( 2983): handleMessage: E msg.what=999903
D/SupplicantHeartBeat( 2983): processMsg: HeartAckState
D/WifiHW  ( 2983): wifi_send_command: cmd:'IFNAME=wlan0 HEART_BEAT CHECK'
D/wpa_supplicant( 7324): RX ctrl_iface - hexdump(len=16): 48 45 41 52 54 5f 42 45 41 54 20 43 48 45 43 4b
D/wpa_supplicant( 7324): wlan0: Control interface command 'HEART_BEAT CHECK'
I/wpa_supplicant( 7324): wlan0: HEART-BEAT-ACK: 252
D/wpa_supplicant( 7324): CTRL_IFACE monitor send - hexdump(len=40): 2f 64 61 74 61 2f 6d 69 73 63 2f 77 69 66 69 2f 73 6f 63 6b 65 74 73 2f 77 70 61 5f 63 74 72 6c ...
D/WifiHW  ( 2983): wifi ctrl recv res=0, nread=35
D/WifiHW  ( 2983): wifi_send_command ret=0, len=20
D/HwWifiStateMachine( 2983): handleMessage: E msg.what=147506
D/HwWifiStateMachine( 2983): processMsg: ConnectedState
D/HwWifiStateMachine( 2983): processMsg: L2ConnectedState
D/HwWifiStateMachine( 2983): processMsg: ConnectModeState
D/SupplicantHeartBeat( 2983): transitionTo: destState=WaitingHeartAckState
D/HwWifiStateMachine( 2983): processMsg: DriverStartedState
D/HwWifiStateMachine( 2983): processMsg: SupplicantStartedState
D/SupplicantHeartBeat( 2983): handleMessage: new destination call exit/enter
D/HwWifiStateMachine( 2983): handleMessage: X
D/SupplicantHeartBeat( 2983): setupTempStateStackWithStatesToEnter: X mTempStateStackCount=1,curStateInfo: state=EnterSupplicantStarted,active=true,parent=DefaultState
D/SupplicantHeartBeat( 2983): invokeExitMethods: HeartAckState
D/SupplicantHeartBeat( 2983): moveTempStackToStateStack: i=0,j=2
D/SupplicantHeartBeat( 2983): moveTempStackToStateStack: X mStateStackTop=2,startingIndex=2,Top=WaitingHeartAckState
D/SupplicantHeartBeat( 2983): invokeEnterMethods: WaitingHeartAckState
D/SupplicantHeartBeat( 2983): handleMessage: X
D/SupplicantHeartBeat( 2983): handleMessage: E msg.what=147506
D/SupplicantHeartBeat( 2983): processMsg: WaitingHeartAckState
D/SupplicantHeartBeat( 2983): transitionTo: destState=HeartAckState
D/SupplicantHeartBeat( 2983): handleMessage: new destination call exit/enter
D/SupplicantHeartBeat( 2983): setupTempStateStackWithStatesToEnter: X mTempStateStackCount=1,curStateInfo: state=EnterSupplicantStarted,active=true,parent=DefaultState
D/SupplicantHeartBeat( 2983): invokeExitMethods: WaitingHeartAckState
D/SupplicantHeartBeat( 2983): moveTempStackToStateStack: i=0,j=2
D/SupplicantHeartBeat( 2983): moveTempStackToStateStack: X mStateStackTop=2,startingIndex=2,Top=HeartAckState
D/SupplicantHeartBeat( 2983): invokeEnterMethods: HeartAckState
D/SupplicantHeartBeat( 2983): handleMessage: X
D/HwWifiStateMachine( 2983): handleMessage: E msg.what=131155
D/HwWifiStateMachine( 2983): processMsg: ConnectedState
D/HwWifiStateMachine( 2983): processMsg: L2ConnectedState
D/WifiHW  ( 2983): wifi_send_command: cmd:'IFNAME=wlan0 SIGNAL_POLL'
D/wpa_supplicant( 7324): RX ctrl_iface - hexdump(len=11): 53 49 47 4e 41 4c 5f 50 4f 4c 4c
D/wpa_supplicant( 7324): wlan0: Control interface command 'SIGNAL_POLL'
D/wpa_supplicant( 7324): nl80211: survey data missing!
D/wpa_supplicant( 7324): wlan0: RSSI=-44, LINKSPEED=72, NOISE=9999, FREQUENCY=2437
D/WifiHW  ( 2983): wifi_send_command ret=0, len=48
D/HwWifiStateMachine( 2983): handleMessage: X
D/WifiStateMachine( 2983): RouteDetect receive msg EVENT_ROUTE_CHECK
D/NetdConnector( 2983): SND -> {205 interface route readDefRoute}
E/CommandListener( 2409): readDefRoute call readDefRoute
E/SecondaryTablController( 2409): isWifiDefaultRouteExisted /system/bin/ip route
D/SupplicantHeartBeat( 2983): handleMessage: E msg.what=999904
D/SupplicantHeartBeat( 2983): processMsg: HeartAckState
D/SupplicantHeartBeat( 2983): processMsg: EnterSupplicantStarted
D/SupplicantHeartBeat( 2983): processMsg: DefaultState
D/SupplicantHeartBeat( 2983): handleMessage: X
D/SecondaryTablController( 2409): RouteDetect line= default via 192.168.1.1 dev wlan0 
D/SecondaryTablController( 2409): ret is 0
E/CommandListener( 2409): readDefRoute Rsp ok
D/NetdConnector( 2983): RMV <- {200 205 isWifiDefaultRouteExisted ok}
E/NetdConnector( 2983): NDC Command {205 interface route readDefRoute} took too long (1010ms)
D/WifiStateMachine( 2983): RouteDetect default exist, return true
D/ArpVerifier( 2983): 192.168.1.1      0x1         0x6         48:7d:2e:55:dd:12     *        wlan0
D/ArpVerifier( 2983): 192.168.1.100    0x1         0x2         b0:34:95:ed:94:ca     *        wlan0
D/ArpVerifier( 2983): 192.168.1.103    0x1         0x2         70:48:0f:21:41:f0     *        wlan0
D/ArpVerifier( 2983): ARP wlan0,addr: /192.168.1.104,mac: f4:8e:92:24:01:26,gw: /192.168.1.1
D/MultiGW ( 2983): setGateWay 192.168.1.1
D/HwWifiStateMachine( 2983): handleMessage: E msg.what=131155
D/HwWifiStateMachine( 2983): processMsg: ConnectedState
D/HwWifiStateMachine( 2983): processMsg: L2ConnectedState
D/WifiHW  ( 2983): wifi_send_command: cmd:'IFNAME=wlan0 SIGNAL_POLL'
D/wpa_supplicant( 7324): RX ctrl_iface - hexdump(len=11): 53 49 47 4e 41 4c 5f 50 4f 4c 4c
D/wpa_supplicant( 7324): wlan0: Control interface command 'SIGNAL_POLL'
D/wpa_supplicant( 7324): nl80211: survey data missing!
D/wpa_supplicant( 7324): wlan0: RSSI=-44, LINKSPEED=72, NOISE=9999, FREQUENCY=2437
D/WifiHW  ( 2983): wifi_send_command ret=0, len=48
D/HwWifiStateMachine( 2983): handleMessage: X
D/ArpVerifier( 2983): There are 1 mac address for gateway 
D/ArpVerifier( 2983): mac is static ARP: 48:7d:2e:55:dd:12
D/ArpVerifier( 2983): transmit to state:HEART_CHECK
D/HwWifiStateMachine( 2983): handleMessage: E msg.what=131155
D/HwWifiStateMachine( 2983): processMsg: ConnectedState
D/HwWifiStateMachine( 2983): processMsg: L2ConnectedState
D/WifiHW  ( 2983): wifi_send_command: cmd:'IFNAME=wlan0 SIGNAL_POLL'
D/wpa_supplicant( 7324): RX ctrl_iface - hexdump(len=11): 53 49 47 4e 41 4c 5f 50 4f 4c 4c
D/wpa_supplicant( 7324): wlan0: Control interface command 'SIGNAL_POLL'
D/wpa_supplicant( 7324): nl80211: survey data missing!
D/wpa_supplicant( 7324): wlan0: RSSI=-42, LINKSPEED=72, NOISE=9999, FREQUENCY=2437
D/WifiHW  ( 2983): wifi_send_command ret=0, len=48
D/HwWifiStateMachine( 2983): handleMessage: X
D/HwWifiStateMachine( 2983): handleMessage: E msg.what=131155
D/HwWifiStateMachine( 2983): processMsg: ConnectedState
D/HwWifiStateMachine( 2983): processMsg: L2ConnectedState
D/WifiHW  ( 2983): wifi_send_command: cmd:'IFNAME=wlan0 SIGNAL_POLL'
D/wpa_supplicant( 7324): RX ctrl_iface - hexdump(len=11): 53 49 47 4e 41 4c 5f 50 4f 4c 4c
D/wpa_supplicant( 7324): wlan0: Control interface command 'SIGNAL_POLL'
D/wpa_supplicant( 7324): nl80211: survey data missing!
D/wpa_supplicant( 7324): wlan0: RSSI=-42, LINKSPEED=72, NOISE=9999, FREQUENCY=2437
D/WifiHW  ( 2983): wifi_send_command ret=0, len=48
D/HwWifiStateMachine( 2983): handleMessage: X
D/HwWifiStateMachine( 2983): handleMessage: E msg.what=131155
D/HwWifiStateMachine( 2983): processMsg: ConnectedState
D/HwWifiStateMachine( 2983): processMsg: L2ConnectedState
D/WifiHW  ( 2983): wifi_send_command: cmd:'IFNAME=wlan0 SIGNAL_POLL'
D/wpa_supplicant( 7324): RX ctrl_iface - hexdump(len=11): 53 49 47 4e 41 4c 5f 50 4f 4c 4c
D/wpa_supplicant( 7324): wlan0: Control interface command 'SIGNAL_POLL'
D/wpa_supplicant( 7324): nl80211: survey data missing!
D/wpa_supplicant( 7324): wlan0: RSSI=-41, LINKSPEED=72, NOISE=9999, FREQUENCY=2437
D/WifiHW  ( 2983): wifi_send_command ret=0, len=48
D/HwWifiStateMachine( 2983): handleMessage: X
D/SupplicantHeartBeat( 2983): handleMessage: E msg.what=999903
D/SupplicantHeartBeat( 2983): processMsg: HeartAckState
D/WifiHW  ( 2983): wifi_send_command: cmd:'IFNAME=wlan0 HEART_BEAT CHECK'
D/wpa_supplicant( 7324): RX ctrl_iface - hexdump(len=16): 48 45 41 52 54 5f 42 45 41 54 20 43 48 45 43 4b
D/wpa_supplicant( 7324): wlan0: Control interface command 'HEART_BEAT CHECK'
I/wpa_supplicant( 7324): wlan0: HEART-BEAT-ACK: 253
D/wpa_supplicant( 7324): CTRL_IFACE monitor send - hexdump(len=40): 2f 64 61 74 61 2f 6d 69 73 63 2f 77 69 66 69 2f 73 6f 63 6b 65 74 73 2f 77 70 61 5f 63 74 72 6c ...
D/WifiHW  ( 2983): wifi ctrl recv res=0, nread=35
D/WifiHW  ( 2983): wifi_send_command ret=0, len=20
D/HwWifiStateMachine( 2983): handleMessage: E msg.what=147506
D/HwWifiStateMachine( 2983): processMsg: ConnectedState
D/SupplicantHeartBeat( 2983): transitionTo: destState=WaitingHeartAckState
D/HwWifiStateMachine( 2983): processMsg: L2ConnectedState
D/SupplicantHeartBeat( 2983): handleMessage: new destination call exit/enter
D/HwWifiStateMachine( 2983): processMsg: ConnectModeState
D/HwWifiStateMachine( 2983): processMsg: DriverStartedState
D/HwWifiStateMachine( 2983): processMsg: SupplicantStartedState
D/SupplicantHeartBeat( 2983): setupTempStateStackWithStatesToEnter: X mTempStateStackCount=1,curStateInfo: state=EnterSupplicantStarted,active=true,parent=DefaultState
D/SupplicantHeartBeat( 2983): invokeExitMethods: HeartAckState
D/SupplicantHeartBeat( 2983): moveTempStackToStateStack: i=0,j=2
D/HwWifiStateMachine( 2983): handleMessage: X
D/SupplicantHeartBeat( 2983): moveTempStackToStateStack: X mStateStackTop=2,startingIndex=2,Top=WaitingHeartAckState
D/SupplicantHeartBeat( 2983): invokeEnterMethods: WaitingHeartAckState
D/SupplicantHeartBeat( 2983): handleMessage: X
D/SupplicantHeartBeat( 2983): handleMessage: E msg.what=147506
D/SupplicantHeartBeat( 2983): processMsg: WaitingHeartAckState
D/SupplicantHeartBeat( 2983): transitionTo: destState=HeartAckState
D/SupplicantHeartBeat( 2983): handleMessage: new destination call exit/enter
D/SupplicantHeartBeat( 2983): setupTempStateStackWithStatesToEnter: X mTempStateStackCount=1,curStateInfo: state=EnterSupplicantStarted,active=true,parent=DefaultState
D/SupplicantHeartBeat( 2983): invokeExitMethods: WaitingHeartAckState
D/SupplicantHeartBeat( 2983): moveTempStackToStateStack: i=0,j=2
D/SupplicantHeartBeat( 2983): moveTempStackToStateStack: X mStateStackTop=2,startingIndex=2,Top=HeartAckState
D/SupplicantHeartBeat( 2983): invokeEnterMethods: HeartAckState
D/SupplicantHeartBeat( 2983): handleMessage: X
V/UsbDeviceManager( 2983): power_state is false usb_state is false
D/WifiController( 2983): handleMessage: E msg.what=155652
D/WifiController( 2983): processMsg: DeviceActiveState
D/WifiController( 2983): processMsg: StaEnabledState
D/WifiController( 2983): processMsg: DefaultState
D/WifiController( 2983): handleMessage: X
D/WifiController( 2983): battery changed pluggedType: 2
V/UsbDeviceManager( 2983): mBatteryChangedReceiver plugType is 2
