D/PowerManagerService( 2983): updateScreenStateLocked: mDisplayReady=true, newScreenState=1, mWakefulness=1, mWakeLockSummary=0x0, mUserActivitySummary=0x0, mBootCompleted=true
D/PowerManagerService( 2983): Releasing suspend blocker "PowerManagerService.WakeLocks".
D/PowerManagerService( 2983): handleSandman: canDream=false, mWakefulness=Awake
V/AlarmManager( 2983): set(PendingIntent{43c3bbb8: PendingIntentRecord{43a940c0 com.kingroot.kinguser broadcastIntent}}) : type=0 triggerAtTime=1518269561934 win=0 tElapsed=4254954 maxElapsed=4254954 interval=0 standalone=false
V/AlarmManager( 2983): set(PendingIntent{43c2e298: PendingIntentRecord{4366d2b0 com.kingroot.kinguser broadcastIntent}}) : type=0 triggerAtTime=1518270761936 win=0 tElapsed=5454956 maxElapsed=5454956 interval=0 standalone=false
V/AlarmManager( 2983): set(PendingIntent{43bb4c10: PendingIntentRecord{43a2e3d8 com.kingroot.kinguser broadcastIntent}}) : type=0 triggerAtTime=1518269231943 win=0 tElapsed=3924963 maxElapsed=3924963 interval=0 standalone=false
V/AlarmManager( 2983): set(PendingIntent{43ba0780: PendingIntentRecord{43a24370 com.kingroot.kinguser broadcastIntent}}) : type=0 triggerAtTime=1518269261946 win=0 tElapsed=3954967 maxElapsed=3954967 interval=0 standalone=false
V/AlarmManager( 2983): set(PendingIntent{43b4c0e8: PendingIntentRecord{43a2e3d8 com.kingroot.kinguser broadcastIntent}}) : type=0 triggerAtTime=1518269232119 win=0 tElapsed=3925140 maxElapsed=3925140 interval=0 standalone=false
V/AlarmManager( 2983): Checking for alarms... rtc=1518268976214, elapsed=3669234
D/PowerManagerService( 2983): acquireWakeLockInternal: lock=1127379624, flags=0x1, tag="AlarmManager", ws=WorkSource{1000}, uid=1000, pid=2983
D/PowerManagerNotifier( 2983): onWakeLockAcquired: flags=1, tag="AlarmManager", packageName=android, ownerUid=1000, ownerPid=2983, workSource=WorkSource{1000}
D/PowerManagerService( 2983): updateWakeLockSummaryLocked: mWakefulness=Awake, mWakeLockSummary=0x1
D/PowerManagerService( 2983): updateScreenStateLocked: mDisplayReady=true, newScreenState=1, mWakefulness=1, mWakeLockSummary=0x1, mUserActivitySummary=0x0, mBootCompleted=true
D/PowerManagerService( 2983): Acquiring suspend blocker "PowerManagerService.WakeLocks".
D/PowerManagerService( 2983): releaseWakeLockInternal: lock=1127379624 [AlarmManager], flags=0x0
D/PowerManagerNotifier( 2983): onWakeLockReleased: flags=1, tag="AlarmManager", packageName=android, ownerUid=1000, ownerPid=2983, workSource=WorkSource{1000}
D/PowerManagerService( 2983): updateWakeLockSummaryLocked: mWakefulness=Awake, mWakeLockSummary=0x0
D/PowerManagerService( 2983): updateScreenStateLocked: mDisplayReady=true, newScreenState=1, mWakefulness=1, mWakeLockSummary=0x0, mUserActivitySummary=0x0, mBootCompleted=true
D/PowerManagerService( 2983): Releasing suspend blocker "PowerManagerService.WakeLocks".
D/WifiService( 2983): New client listening to asynchronous messages
D/PowerManagerService( 2983): handleSandman: canDream=false, mWakefulness=Awake
D/ActivityThread( 5263): Loading provider com.huawei.android.smartpowerprovider: com.huawei.systemmanager.power.provider.SmartProvider
V/UsbDeviceManager( 2983): power_state is false usb_state is false
V/UsbDeviceManager( 2983): mBatteryChangedReceiver plugType is 2
D/WifiController( 2983): battery changed pluggedType: 2
D/PowerManagerService( 2983): updateIsPoweredLocked: wasPowered=true, mIsPowered=true, oldPlugType=2, mPlugType=2, mBatteryLevel=75
D/PowerManagerService( 2983): handleSandman: canDream=false, mWakefulness=Awake
D/WifiStateMachine( 2983): RouteDetect receive msg EVENT_ROUTE_CHECK
D/NetdConnector( 2983): SND -> {186 interface route readDefRoute}
V/AlarmManager( 2983): Checking for alarms... rtc=1518268980000, elapsed=3673021
D/PowerManagerService( 2983): acquireWakeLockInternal: lock=1127379624, flags=0x1, tag="AlarmManager", ws=WorkSource{1000}, uid=1000, pid=2983
D/PowerManagerNotifier( 2983): onWakeLockAcquired: flags=1, tag="AlarmManager", packageName=android, ownerUid=1000, ownerPid=2983, workSource=WorkSource{1000}
D/PowerManagerService( 2983): updateWakeLockSummaryLocked: mWakefulness=Awake, mWakeLockSummary=0x1
D/PowerManagerService( 2983): updateScreenStateLocked: mDisplayReady=true, newScreenState=1, mWakefulness=1, mWakeLockSummary=0x1, mUserActivitySummary=0x0, mBootCompleted=true
D/PowerManagerService( 2983): Acquiring suspend blocker "PowerManagerService.WakeLocks".
D/PowerManagerService( 2983): handleSandman: canDream=false, mWakefulness=Awake
D/NetdConnector( 2983): RMV <- {200 186 isWifiDefaultRouteExisted ok}
E/NetdConnector( 2983): NDC Command {186 interface route readDefRoute} took too long (1010ms)
D/WifiStateMachine( 2983): RouteDetect default exist, return true
I/ProcessStatsService( 2983): Prepared write state in 36ms
I/ProcessStatsService( 2983): Prepared write state in 16ms
D/PowerManagerService( 2983): releaseWakeLockInternal: lock=1127379624 [AlarmManager], flags=0x0
D/PowerManagerNotifier( 2983): onWakeLockReleased: flags=1, tag="AlarmManager", packageName=android, ownerUid=1000, ownerPid=2983, workSource=WorkSource{1000}
D/PowerManagerService( 2983): updateWakeLockSummaryLocked: mWakefulness=Awake, mWakeLockSummary=0x0
D/PowerManagerService( 2983): updateScreenStateLocked: mDisplayReady=true, newScreenState=1, mWakefulness=1, mWakeLockSummary=0x0, mUserActivitySummary=0x0, mBootCompleted=true
D/PowerManagerService( 2983): Releasing suspend blocker "PowerManagerService.WakeLocks".
D/PowerManagerService( 2983): handleSandman: canDream=false, mWakefulness=Awake
V/AlarmManager( 2983): Checking for alarms... rtc=1518268988997, elapsed=3682018
V/AlarmManager( 2983): sending alarm Alarm{43a962d0 type 2 android},repeatInterval = 0
D/PowerManagerService( 2983): acquireWakeLockInternal: lock=1127379624, flags=0x1, tag="AlarmManager", ws=WorkSource{1000}, uid=1000, pid=2983
D/PowerManagerNotifier( 2983): onWakeLockAcquired: flags=1, tag="AlarmManager", packageName=android, ownerUid=1000, ownerPid=2983, workSource=WorkSource{1000}
D/PowerManagerService( 2983): updateWakeLockSummaryLocked: mWakefulness=Awake, mWakeLockSummary=0x1
D/PowerManagerService( 2983): updateScreenStateLocked: mDisplayReady=true, newScreenState=1, mWakefulness=1, mWakeLockSummary=0x1, mUserActivitySummary=0x0, mBootCompleted=true
D/PowerManagerService( 2983): Acquiring suspend blocker "PowerManagerService.WakeLocks".
D/PowerManagerService( 2983): acquireWakeLockInternal: lock=1136292176, flags=0x1, tag="DHCP", ws=null, uid=1000, pid=2983
D/PowerManagerNotifier( 2983): onWakeLockAcquired: flags=1, tag="DHCP", packageName=android, ownerUid=1000, ownerPid=2983, workSource=null
D/PowerManagerService( 2983): updateWakeLockSummaryLocked: mWakefulness=Awake, mWakeLockSummary=0x1
D/PowerManagerService( 2983): updateScreenStateLocked: mDisplayReady=true, newScreenState=1, mWakefulness=1, mWakeLockSummary=0x1, mUserActivitySummary=0x0, mBootCompleted=true
D/PowerManagerService( 2983): releaseWakeLockInternal: lock=1127379624 [AlarmManager], flags=0x0
D/PowerManagerNotifier( 2983): onWakeLockReleased: flags=1, tag="AlarmManager", packageName=android, ownerUid=1000, ownerPid=2983, workSource=WorkSource{1000}
D/PowerManagerService( 2983): updateWakeLockSummaryLocked: mWakefulness=Awake, mWakeLockSummary=0x1
D/PowerManagerService( 2983): updateScreenStateLocked: mDisplayReady=true, newScreenState=1, mWakefulness=1, mWakeLockSummary=0x1, mUserActivitySummary=0x0, mBootCompleted=true
D/PowerManagerService( 2983): handleSandman: canDream=false, mWakefulness=Awake
D/WifiP2pService( 2983): InactiveState{ when=0 what=143375 arg1=1 arg2=196615 obj=android.net.DhcpStateMachine@439944e8 target=com.android.internal.util.StateMachine$SmHandler }
E/HwWifiP2pService( 2983): Unhandled message { when=-1ms what=143375 arg1=1 arg2=196615 obj=android.net.DhcpStateMachine@439944e8 target=com.android.internal.util.StateMachine$SmHandler }
D/WifiP2pService( 2983): P2pEnabledState{ when=-2ms what=143375 arg1=1 arg2=196615 obj=android.net.DhcpStateMachine@439944e8 target=com.android.internal.util.StateMachine$SmHandler }
V/AlarmManager( 2983): set(PendingIntent{4360eae0: PendingIntentRecord{43bbc1c0 android broadcastIntent}}) : type=2 triggerAtTime=7138765 win=0 tElapsed=7138765 maxElapsed=7138765 interval=0 standalone=false
D/PowerManagerService( 2983): releaseWakeLockInternal: lock=1136292176 [DHCP], flags=0x0
D/PowerManagerNotifier( 2983): onWakeLockReleased: flags=1, tag="DHCP", packageName=android, ownerUid=1000, ownerPid=2983, workSource=null
D/PowerManagerService( 2983): updateWakeLockSummaryLocked: mWakefulness=Awake, mWakeLockSummary=0x0
D/PowerManagerService( 2983): updateScreenStateLocked: mDisplayReady=true, newScreenState=1, mWakefulness=1, mWakeLockSummary=0x0, mUserActivitySummary=0x0, mBootCompleted=true
D/PowerManagerService( 2983): Releasing suspend blocker "PowerManagerService.WakeLocks".
D/WifiP2pService( 2983): InactiveState{ when=0 what=143375 target=com.android.internal.util.StateMachine$SmHandler }
E/HwWifiP2pService( 2983): Unhandled message { when=0 what=143375 target=com.android.internal.util.StateMachine$SmHandler }
D/WifiP2pService( 2983): P2pEnabledState{ when=0 what=143375 target=com.android.internal.util.StateMachine$SmHandler }
D/PowerManagerService( 2983): acquireWakeLockInternal: lock=1130018672, flags=0x1, tag="ConnectivityService", ws=null, uid=1000, pid=2983
D/PowerManagerNotifier( 2983): onWakeLockAcquired: flags=1, tag="ConnectivityService", packageName=android, ownerUid=1000, ownerPid=2983, workSource=null
D/PowerManagerService( 2983): updateWakeLockSummaryLocked: mWakefulness=Awake, mWakeLockSummary=0x1
D/PowerManagerService( 2983): updateScreenStateLocked: mDisplayReady=true, newScreenState=1, mWakefulness=1, mWakeLockSummary=0x1, mUserActivitySummary=0x0, mBootCompleted=true
D/PowerManagerService( 2983): Acquiring suspend blocker "PowerManagerService.WakeLocks".
D/ConnectivityService( 2983): ConnectivityChange for WIFI: CONNECTING/VERIFYING_POOR_LINK
D/ConnectivityService( 2983): [enter]handleLteMobileDataStateChange type=1,subType=0
D/ConnectivityService( 2983): ConnectivityChange for WIFI: CONNECTING/CAPTIVE_PORTAL_CHECK
D/ConnectivityService( 2983): Captive portal check NetworkInfo: type: WIFI[], state: CONNECTING/CAPTIVE_PORTAL_CHECK, reason: (unspecified), extra: "TP-LINK_DD12", roaming: false, failover: false, isAvailable: true, isConnectedToProvisioningNetwork: false
D/ConnectivityService( 2983): handleCaptivePortalTrackerCheck: call captivePortalCheckComplete ni=NetworkInfo: type: WIFI[], state: CONNECTING/CAPTIVE_PORTAL_CHECK, reason: (unspecified), extra: "TP-LINK_DD12", roaming: false, failover: false, isAvailable: true, isConnectedToProvisioningNetwork: false
D/NetdConnector( 2983): SND -> {187 interface ipv6 wlan0 enable}
D/NetdConnector( 2983): RMV <- {200 187 IPv6 state changed}
D/ConnectivityService( 2983): [enter]handleLteMobileDataStateChange type=1,subType=0
D/ConnectivityService( 2983): ConnectivityChange for WIFI: CONNECTED/CONNECTED
D/PowerManagerService( 2983): handleSandman: canDream=false, mWakefulness=Awake
D/ConnectivityService( 2983): handleConnect: E newNetType=1 thisIface=wlan0 isFailoverfalse
D/ConnectivityService( 2983): Setting TCP values: [524288,1048576,2097152,262144,524288,1048576] which comes from [net.tcp.buffersize.wifi]
D/ConnectivityService( 2983): Setting MTU size: wlan0, 1400
D/NetdConnector( 2983): SND -> {188 interface setmtu wlan0 1400}
D/NetdConnector( 2983): RMV <- {200 188 MTU changed}
D/ConnectivityService( 2983): handleConnectivityChange: netType=1 doReset=false resetMask=0
D/NetdConnector( 2983): SND -> {189 resolver setifdns wlan0 "DHCP HOST" 202.106.0.20 219.141.136.10}
D/NetdConnector( 2983): RMV <- {200 189 Resolver command succeeded}
D/NetdConnector( 2983): SND -> {190 resolver setdefaultif wlan0}
D/NetdConnector( 2983): RMV <- {200 190 Resolver command succeeded}
D/ConnectivityService( 2983): handleConnectivityChange: changed linkProperty[1]: doReset=false resetMask=0
D/ConnectivityService( 2983):    curLp={InterfaceName: wlan0 LinkAddresses: [192.168.1.104/24,fe80::f68e:92ff:fe24:126/64,]  Routes: [192.168.1.0/24 -> 0.0.0.0,0.0.0.0/0 -> 192.168.1.1,] DnsAddresses: [202.106.0.20,219.141.136.10,] Domains: DHCP HOSTMTU: 1400HttpProxy: [ProxyProperties.mHost == null] }
D/ConnectivityService( 2983):    newLp={InterfaceName: wlan0 LinkAddresses: [192.168.1.104/24,fe80::f68e:92ff:fe24:126/64,]  Routes: [192.168.1.0/24 -> 0.0.0.0,0.0.0.0/0 -> 192.168.1.1,] DnsAddresses: [202.106.0.20,219.141.136.10,] Domains: DHCP HOSTMTU: 1400HttpProxy: [ProxyProperties.mHost == null] }
D/ConnectivityService( 2983): handleConnectivityChange: address are the same reset per doReset linkProperty[1]: resetMask=0
D/Nat464Xlat( 2983): requiresClat: netType=1, hasIPv4Address=true
D/ConnectivityService( 2983): sendStickyBroadcast: action=android.net.conn.CONNECTIVITY_CHANGE_IMMEDIATE
D/ConnectivityService( 2983): sendStickyBroadcastDelayed: delayMs=3000, action=android.net.conn.CONNECTIVITY_CHANGE
D/ConnectivityService( 2983): sendStickyBroadcast: action=android.net.conn.CONNECTIVITY_ACTION_IMMEDIATE_WEB_PORTAL
D/PowerManagerService( 2983): acquireWakeLockInternal: lock=1129755632, flags=0x1, tag="NetworkStats", ws=null, uid=1000, pid=2983
D/PowerManagerNotifier( 2983): onWakeLockAcquired: flags=1, tag="NetworkStats", packageName=android, ownerUid=1000, ownerPid=2983, workSource=null
D/PowerManagerService( 2983): updateWakeLockSummaryLocked: mWakefulness=Awake, mWakeLockSummary=0x1
D/PowerManagerService( 2983): updateScreenStateLocked: mDisplayReady=true, newScreenState=1, mWakefulness=1, mWakeLockSummary=0x1, mUserActivitySummary=0x0, mBootCompleted=true
D/ConnectivityService( 2983): [enter]handleLteMobileDataStateChange type=1,subType=0
D/NetdConnector( 2983): SND -> {191 bandwidth gettetherstats}
D/NetdConnector( 2983): RMV <- {200 191 Tethering stats list completed}
D/PowerManagerService( 2983): releaseWakeLockInternal: lock=1129755632 [NetworkStats], flags=0x0
D/PowerManagerNotifier( 2983): onWakeLockReleased: flags=1, tag="NetworkStats", packageName=android, ownerUid=1000, ownerPid=2983, workSource=null
D/PowerManagerService( 2983): updateWakeLockSummaryLocked: mWakefulness=Awake, mWakeLockSummary=0x1
D/PowerManagerService( 2983): updateScreenStateLocked: mDisplayReady=true, newScreenState=1, mWakefulness=1, mWakeLockSummary=0x1, mUserActivitySummary=0x0, mBootCompleted=true
D/NetdConnector( 2983): SND -> {192 bandwidth setglobalalert 2097152}
V/PhoneStatusBar( 4046): onReceive:action ACTION_STATE_CHANGED
V/PhoneStatusBar( 4046): onReceive:action ACTION_STATE_CHANGED
D/NetdConnector( 2983): RMV <- {200 192 Bandwidth command succeeeded}
V/PhoneStatusBar( 4046): onReceive:action ACTION_STATE_CHANGED
D/PowerManagerService( 2983): handleSandman: canDream=false, mWakefulness=Awake
D/PowerManagerService( 2983): releaseWakeLockInternal: lock=1130018672 [ConnectivityService], flags=0x0
D/PowerManagerNotifier( 2983): onWakeLockReleased: flags=1, tag="ConnectivityService", packageName=android, ownerUid=1000, ownerPid=2983, workSource=null
D/PowerManagerService( 2983): updateWakeLockSummaryLocked: mWakefulness=Awake, mWakeLockSummary=0x0
D/PowerManagerService( 2983): updateScreenStateLocked: mDisplayReady=true, newScreenState=1, mWakefulness=1, mWakeLockSummary=0x0, mUserActivitySummary=0x0, mBootCompleted=true
D/PowerManagerService( 2983): Releasing suspend blocker "PowerManagerService.WakeLocks".
D/ConnectivityService( 2983): NetTransition Wakelock for ConnectedState released by timeout
D/PowerManagerService( 2983): handleSandman: canDream=false, mWakefulness=Awake
D/WifiStateMachine( 2983): RouteDetect receive msg EVENT_ROUTE_CHECK
D/NetdConnector( 2983): SND -> {193 interface route readDefRoute}
D/NetdConnector( 2983): RMV <- {200 193 isWifiDefaultRouteExisted ok}
E/NetdConnector( 2983): NDC Command {193 interface route readDefRoute} took too long (1011ms)
D/WifiStateMachine( 2983): RouteDetect default exist, return true
D/ConnectivityService( 2983): sendStickyBroadcast: action=android.net.conn.CONNECTIVITY_CHANGE
I/ActivityManager( 2983): FireWall skip STOPPED apk that not in unprotected list: com.duomi.android for broadcast action: android.net.conn.CONNECTIVITY_CHANGE
I/ActivityManager( 2983): FireWall skip STOPPED apk that not in unprotected list: com.sohu.newsclient for broadcast action: android.net.conn.CONNECTIVITY_CHANGE
I/ActivityManager( 2983): FireWall skip STOPPED apk that not in unprotected list: com.sohu.newsclient for broadcast action: android.net.conn.CONNECTIVITY_CHANGE
I/ActivityManager( 2983): FireWall skip STOPPED apk that not in unprotected list: com.vmall.client for broadcast action: android.net.conn.CONNECTIVITY_CHANGE
I/ActivityManager( 2983): FireWall skip STOPPED apk that not in unprotected list: com.huawei.gamebox for broadcast action: android.net.conn.CONNECTIVITY_CHANGE
I/ActivityManager( 2983): FireWall skip STOPPED apk that not in unprotected list: com.huawei.gamebox for broadcast action: android.net.conn.CONNECTIVITY_CHANGE
I/ActivityManager( 2983): FireWall skip STOPPED apk that not in unprotected list: com.huawei.fans for broadcast action: android.net.conn.CONNECTIVITY_CHANGE
I/ActivityManager( 2983): FireWall skip STOPPED apk that not in unprotected list: com.huawei.cloudwifi for broadcast action: android.net.conn.CONNECTIVITY_CHANGE
I/ActivityManager( 2983): FireWall skip STOPPED apk that not in unprotected list: com.huawei.cloudwifi for broadcast action: android.net.conn.CONNECTIVITY_CHANGE
I/ActivityManager( 2983): FireWall skip STOPPED apk that not in unprotected list: com.huawei.cloudwifi for broadcast action: android.net.conn.CONNECTIVITY_CHANGE
I/ActivityManager( 2983): FireWall skip STOPPED apk that not in unprotected list: com.huawei.remoteassistant for broadcast action: android.net.conn.CONNECTIVITY_CHANGE
I/ActivityManager( 2983): FireWall skip STOPPED apk that not in unprotected list: com.huawei.remoteassistant for broadcast action: android.net.conn.CONNECTIVITY_CHANGE
I/ActivityManager( 2983): FireWall skip STOPPED apk that not in unprotected list: com.huawei.remoteassistant for broadcast action: android.net.conn.CONNECTIVITY_CHANGE
D/PowerManagerService( 2983): acquireWakeLockInternal: lock=1126717944, flags=0x1, tag="SyncLoopWakeLock", ws=null, uid=1000, pid=2983
D/PowerManagerNotifier( 2983): onWakeLockAcquired: flags=1, tag="SyncLoopWakeLock", packageName=android, ownerUid=1000, ownerPid=2983, workSource=null
D/PowerManagerService( 2983): updateWakeLockSummaryLocked: mWakefulness=Awake, mWakeLockSummary=0x1
D/PowerManagerService( 2983): updateScreenStateLocked: mDisplayReady=true, newScreenState=1, mWakefulness=1, mWakeLockSummary=0x1, mUserActivitySummary=0x0, mBootCompleted=true
D/PowerManagerService( 2983): Acquiring suspend blocker "PowerManagerService.WakeLocks".
D/PowerManagerService( 2983): releaseWakeLockInternal: lock=1126717944 [SyncLoopWakeLock], flags=0x0
D/PowerManagerNotifier( 2983): onWakeLockReleased: flags=1, tag="SyncLoopWakeLock", packageName=android, ownerUid=1000, ownerPid=2983, workSource=null
D/PowerManagerService( 2983): updateWakeLockSummaryLocked: mWakefulness=Awake, mWakeLockSummary=0x0
D/PowerManagerService( 2983): updateScreenStateLocked: mDisplayReady=true, newScreenState=1, mWakefulness=1, mWakeLockSummary=0x0, mUserActivitySummary=0x0, mBootCompleted=true
D/PowerManagerService( 2983): Releasing suspend blocker "PowerManagerService.WakeLocks".
D/PowerManagerService( 2983): acquireWakeLockInternal: lock=1129852456, flags=0x1, tag="GpsLocationProvider", ws=null, uid=1000, pid=2983
D/PowerManagerNotifier( 2983): onWakeLockAcquired: flags=1, tag="GpsLocationProvider", packageName=android, ownerUid=1000, ownerPid=2983, workSource=null
D/PowerManagerService( 2983): updateWakeLockSummaryLocked: mWakefulness=Awake, mWakeLockSummary=0x1
D/PowerManagerService( 2983): updateScreenStateLocked: mDisplayReady=true, newScreenState=1, mWakefulness=1, mWakeLockSummary=0x1, mUserActivitySummary=0x0, mBootCompleted=true
D/PowerManagerService( 2983): Acquiring suspend blocker "PowerManagerService.WakeLocks".
D/PowerManagerService( 2983): acquireWakeLockInternal: lock=1134775760, flags=0x1, tag="eventloop", ws=null, uid=1000, pid=7201
D/PowerManagerNotifier( 2983): onWakeLockAcquired: flags=1, tag="eventloop", packageName=android, ownerUid=1000, ownerPid=7201, workSource=null
D/PowerManagerService( 2983): updateWakeLockSummaryLocked: mWakefulness=Awake, mWakeLockSummary=0x1
D/PowerManagerService( 2983): updateScreenStateLocked: mDisplayReady=true, newScreenState=1, mWakefulness=1, mWakeLockSummary=0x1, mUserActivitySummary=0x0, mBootCompleted=true
D/PowerManagerService( 2983): acquireWakeLockInternal: lock=1134325320, flags=0x20000001, tag="wk_mgr", ws=null, uid=10033, pid=4060
D/PowerManagerNotifier( 2983): onWakeLockAcquired: flags=536870913, tag="wk_mgr", packageName=com.kingroot.kinguser, ownerUid=10033, ownerPid=4060, workSource=null
D/PowerManagerService( 2983): updateWakeLockSummaryLocked: mWakefulness=Awake, mWakeLockSummary=0x1
D/PowerManagerService( 2983): updateScreenStateLocked: mDisplayReady=true, newScreenState=1, mWakefulness=1, mWakeLockSummary=0x1, mUserActivitySummary=0x0, mBootCompleted=true
D/PowerManagerService( 2983): releaseWakeLockInternal: lock=1134325320 [wk_mgr], flags=0x0
D/PowerManagerNotifier( 2983): onWakeLockReleased: flags=536870913, tag="wk_mgr", packageName=com.kingroot.kinguser, ownerUid=10033, ownerPid=4060, workSource=null
D/PowerManagerService( 2983): updateWakeLockSummaryLocked: mWakefulness=Awake, mWakeLockSummary=0x1
D/PowerManagerService( 2983): updateScreenStateLocked: mDisplayReady=true, newScreenState=1, mWakefulness=1, mWakeLockSummary=0x1, mUserActivitySummary=0x0, mBootCompleted=true
D/PowerManagerService( 2983): handleSandman: canDream=false, mWakefulness=Awake
I/ActivityManager( 2983): Start proc com.android.email for broadcast com.android.email/.service.EmailBroadcastReceiver: pid=8231 uid=10010 gids={50010, 3003, 1028, 1015}
D/PowerManagerService( 2983): releaseWakeLockInternal: lock=1129852456 [GpsLocationProvider], flags=0x0
D/PowerManagerNotifier( 2983): onWakeLockReleased: flags=1, tag="GpsLocationProvider", packageName=android, ownerUid=1000, ownerPid=2983, workSource=null
D/PowerManagerService( 2983): updateWakeLockSummaryLocked: mWakefulness=Awake, mWakeLockSummary=0x1
D/PowerManagerService( 2983): updateScreenStateLocked: mDisplayReady=true, newScreenState=1, mWakefulness=1, mWakeLockSummary=0x1, mUserActivitySummary=0x0, mBootCompleted=true
D/PowerManagerService( 2983): releaseWakeLockInternal: lock=1134775760 [eventloop], flags=0x0
D/PowerManagerNotifier( 2983): onWakeLockReleased: flags=1, tag="eventloop", packageName=android, ownerUid=1000, ownerPid=7201, workSource=null
D/PowerManagerService( 2983): updateWakeLockSummaryLocked: mWakefulness=Awake, mWakeLockSummary=0x0
D/PowerManagerService( 2983): updateScreenStateLocked: mDisplayReady=true, newScreenState=1, mWakefulness=1, mWakeLockSummary=0x0, mUserActivitySummary=0x0, mBootCompleted=true
D/PowerManagerService( 2983): Releasing suspend blocker "PowerManagerService.WakeLocks".
D/PowerManagerService( 2983): handleSandman: canDream=false, mWakefulness=Awake
D/ConnectivityService( 2983): getMobileDataEnabled returning true
D/PowerManagerService( 2983): acquireWakeLockInternal: lock=1132339824, flags=0x1, tag="pushagentPoxy", ws=null, uid=10008, pid=1010
D/PowerManagerNotifier( 2983): onWakeLockAcquired: flags=1, tag="pushagentPoxy", packageName=com.huawei.appmarket, ownerUid=10008, ownerPid=1010, workSource=null
D/PowerManagerService( 2983): updateWakeLockSummaryLocked: mWakefulness=Awake, mWakeLockSummary=0x1
D/PowerManagerService( 2983): updateScreenStateLocked: mDisplayReady=true, newScreenState=1, mWakefulness=1, mWakeLockSummary=0x1, mUserActivitySummary=0x0, mBootCompleted=true
D/PowerManagerService( 2983): Acquiring suspend blocker "PowerManagerService.WakeLocks".
I/ActivityManager( 2983): Start proc com.huawei.phoneservice:usersurvey for broadcast com.huawei.phoneservice/com.huawei.usersurvey.check.UsersurveyAutoCheckReceiver: pid=8262 uid=10009 gids={50009, 3003, 1028, 1015, 1007}
D/PowerManagerService( 2983): handleSandman: canDream=false, mWakefulness=Awake
I/ActivityManager( 2983): Process com.huawei.phoneservice:usersurvey (pid 8262) has died.
I/ActivityManager( 2983): restoreDTSAndHSState success!unknown
D/PowerManagerService( 2983): acquireWakeLockInternal: lock=1129817048, flags=0x20000001, tag="uranus_wk_mgr", ws=null, uid=10033, pid=4060
D/PowerManagerNotifier( 2983): onWakeLockAcquired: flags=536870913, tag="uranus_wk_mgr", packageName=com.kingroot.kinguser, ownerUid=10033, ownerPid=4060, workSource=null
D/PowerManagerService( 2983): updateWakeLockSummaryLocked: mWakefulness=Awake, mWakeLockSummary=0x1
D/PowerManagerService( 2983): updateScreenStateLocked: mDisplayReady=true, newScreenState=1, mWakefulness=1, mWakeLockSummary=0x1, mUserActivitySummary=0x0, mBootCompleted=true
I/ActivityManager( 2983): Start proc com.huawei.phoneservice:loguploadservice for broadcast com.huawei.phoneservice/com.huawei.logupload.UploadReceiver: pid=8280 uid=10009 gids={50009, 3003, 1028, 1015, 1007}
D/PowerManagerService( 2983): handleSandman: canDream=false, mWakefulness=Awake
D/WifiService( 2983): New client listening to asynchronous messages
D/PowerManagerService( 2983): acquireWakeLockInternal: lock=1131147680, flags=0x1, tag="pushagentPoxy", ws=null, uid=1001, pid=1070
D/PowerManagerNotifier( 2983): onWakeLockAcquired: flags=1, tag="pushagentPoxy", packageName=com.huawei.android.ds, ownerUid=1001, ownerPid=1070, workSource=null
D/PowerManagerService( 2983): updateWakeLockSummaryLocked: mWakefulness=Awake, mWakeLockSummary=0x1
D/PowerManagerService( 2983): updateScreenStateLocked: mDisplayReady=true, newScreenState=1, mWakefulness=1, mWakeLockSummary=0x1, mUserActivitySummary=0x0, mBootCompleted=true
D/PowerManagerService( 2983): releaseWakeLockInternal: lock=1129817048 [uranus_wk_mgr], flags=0x0
D/PowerManagerNotifier( 2983): onWakeLockReleased: flags=536870913, tag="uranus_wk_mgr", packageName=com.kingroot.kinguser, ownerUid=10033, ownerPid=4060, workSource=null
D/PowerManagerService( 2983): updateWakeLockSummaryLocked: mWakefulness=Awake, mWakeLockSummary=0x1
D/PowerManagerService( 2983): updateScreenStateLocked: mDisplayReady=true, newScreenState=1, mWakefulness=1, mWakeLockSummary=0x1, mUserActivitySummary=0x0, mBootCompleted=true
I/ActivityManager( 2983): Start proc com.huawei.android.ds for broadcast com.huawei.android.ds/com.huawei.android.remotecontrol.receiver.ConnectionChangedBroadcastReceiver: pid=8294 uid=1001 gids={41001, 3002, 3001, 3003, 1023, 1028, 1015, 1007}
D/PowerManagerService( 2983): handleSandman: canDream=false, mWakefulness=Awake
I/ActivityManager( 2983): Process com.huawei.phoneservice:loguploadservice (pid 8280) has died.
I/ActivityManager( 2983): restoreDTSAndHSState success!unknown
D/WifiService( 2983): Client connection lost with reason: 4
I/BroadcastQueue( 2983): There are ordered broadcasts stay in queue, should schedule next Broadcasts.
W/ActivityThread( 8294): ClassLoader.loadClass: The class loader returned by Thread.getContextClassLoader() may fail for processes that host multiple applications. You should explicitly specify a context class loader. For example: Thread.setContextClassLoader(getClass().getClassLoader());
I/ActivityManager( 2983): Start proc com.huawei.android.hwouc:hwbd for broadcast com.huawei.android.hwouc/com.huawei.hiwibd.android.HiWiReceiver: pid=8310 uid=10052 gids={50052, 2001, 3003, 1028, 1015, 1023}
I/ActivityManager( 2983): Start proc com.huawei.android.hwouc:hwbdservice for service com.huawei.android.hwouc/com.huawei.hiwibd.android.HiWiService: pid=8327 uid=10052 gids={50052, 2001, 3003, 1028, 1015, 1023}
I/ActivityManager( 2983): Process com.huawei.android.hwouc (pid 540) has died.
I/ActivityManager( 2983): restoreDTSAndHSState success!unknown
I/BroadcastQueue( 2983): There are ordered broadcasts stay in queue, should schedule next Broadcasts.
D/PowerManagerService( 2983): releaseWakeLockInternal: lock=1132339824 [pushagentPoxy], flags=0x0
D/PowerManagerNotifier( 2983): onWakeLockReleased: flags=1, tag="pushagentPoxy", packageName=com.huawei.appmarket, ownerUid=10008, ownerPid=1010, workSource=null
D/PowerManagerService( 2983): updateWakeLockSummaryLocked: mWakefulness=Awake, mWakeLockSummary=0x1
D/PowerManagerService( 2983): updateScreenStateLocked: mDisplayReady=true, newScreenState=1, mWakefulness=1, mWakeLockSummary=0x1, mUserActivitySummary=0x0, mBootCompleted=true
D/PowerManagerService( 2983): acquireWakeLockInternal: lock=1139849264, flags=0x1, tag="pushagentPoxy", ws=null, uid=10053, pid=4439
D/PowerManagerNotifier( 2983): onWakeLockAcquired: flags=1, tag="pushagentPoxy", packageName=com.huawei.android.pushagent, ownerUid=10053, ownerPid=4439, workSource=null
D/PowerManagerService( 2983): updateWakeLockSummaryLocked: mWakefulness=Awake, mWakeLockSummary=0x1
D/PowerManagerService( 2983): updateScreenStateLocked: mDisplayReady=true, newScreenState=1, mWakefulness=1, mWakeLockSummary=0x1, mUserActivitySummary=0x0, mBootCompleted=true
W/ContextImpl( 5263): Calling a method in the system process without a qualified user: android.app.ContextImpl.startService:1569 android.content.ContextWrapper.startService:494 android.content.ContextWrapper.startService:494 com.huawei.systemmanager.cloud.client.background.broadcast.SecurityBroadcastReceiver.startCloudService:100 com.huawei.systemmanager.cloud.client.background.broadcast.SecurityBroadcastReceiver.dealWithConnectChangeEvent:133 
D/PowerManagerService( 2983): handleSandman: canDream=false, mWakefulness=Awake
I/ActivityManager( 2983): Start proc com.sina.weibo for broadcast com.sina.weibo/com.igexin.sdk.SdkReceiver: pid=8352 uid=10080 gids={50080, 3003, 1028, 1015}
D/PowerManagerService( 2983): releaseWakeLockInternal: lock=1131147680 [pushagentPoxy], flags=0x0
D/PowerManagerNotifier( 2983): onWakeLockReleased: flags=1, tag="pushagentPoxy", packageName=com.huawei.android.ds, ownerUid=1001, ownerPid=1070, workSource=null
D/PowerManagerService( 2983): updateWakeLockSummaryLocked: mWakefulness=Awake, mWakeLockSummary=0x1
D/PowerManagerService( 2983): updateScreenStateLocked: mDisplayReady=true, newScreenState=1, mWakefulness=1, mWakeLockSummary=0x1, mUserActivitySummary=0x0, mBootCompleted=true
D/WifiService( 2983): New client listening to asynchronous messages
D/PowerManagerService( 2983): handleSandman: canDream=false, mWakefulness=Awake
I/ActivityManager( 2983): Start proc com.sina.weibo:remote for content provider com.sina.weibo/com.sina.push.datacenter.PushProvider: pid=8384 uid=10080 gids={50080, 3003, 1028, 1015}
D/PowerManagerService( 2983): releaseWakeLockInternal: lock=1139849264 [pushagentPoxy], flags=0x0
D/PowerManagerNotifier( 2983): onWakeLockReleased: flags=1, tag="pushagentPoxy", packageName=com.huawei.android.pushagent, ownerUid=10053, ownerPid=4439, workSource=null
D/PowerManagerService( 2983): updateWakeLockSummaryLocked: mWakefulness=Awake, mWakeLockSummary=0x0
D/PowerManagerService( 2983): updateScreenStateLocked: mDisplayReady=true, newScreenState=1, mWakefulness=1, mWakeLockSummary=0x0, mUserActivitySummary=0x0, mBootCompleted=true
D/PowerManagerService( 2983): Releasing suspend blocker "PowerManagerService.WakeLocks".
D/PowerManagerService( 2983): handleSandman: canDream=false, mWakefulness=Awake
I/ActivityManager( 2983): Start proc com.chaozh.iReaderFree15 for broadcast com.chaozh.iReaderFree15/com.igexin.sdk.SdkReceiver: pid=8403 uid=10081 gids={50081, 3003, 1028, 1015}
D/WifiService( 2983): New client listening to asynchronous messages
I/ActivityManager( 2983): Delaying start of: ServiceRecord{4329bed0 u0 com.chaozh.iReaderFree15/sdk.download.DownloadService}
V/UsbDeviceManager( 2983): mBatteryChangedReceiver plugType is 2
D/WifiController( 2983): battery changed pluggedType: 2
D/PowerManagerService( 2983): updateIsPoweredLocked: wasPowered=true, mIsPowered=true, oldPlugType=2, mPlugType=2, mBatteryLevel=75
D/PowerManagerService( 2983): handleSandman: canDream=false, mWakefulness=Awake
I/ActivityManager( 2983): Delaying start of: ServiceRecord{43a0da58 u0 com.android.email/com.huawei.email.service.CleanRecipientAddressService}
W/ActivityManager( 2983): Unable to start service Intent { act=sina.push.action.service. (has extras) } U=0: not found
I/ActivityManager( 2983): Start proc com.chaozh.iReaderFree15.pushservice for service com.chaozh.iReaderFree15/sdk.download.DownloadService: pid=8535 uid=10081 gids={50081, 3003, 1028, 1015}
V/UsbDeviceManager( 2983): power_state is false usb_state is false
V/UsbDeviceManager( 2983): mBatteryChangedReceiver plugType is 2
D/WifiController( 2983): battery changed pluggedType: 2
D/PowerManagerService( 2983): updateIsPoweredLocked: wasPowered=true, mIsPowered=true, oldPlugType=2, mPlugType=2, mBatteryLevel=75
D/PowerManagerService( 2983): handleSandman: canDream=false, mWakefulness=Awake
I/ActivityManager( 2983): Waited long enough for: ServiceRecord{438fc370 u0 com.huawei.systemmanager/.cloud.client.background.service.BackgroudTaskService}
D/PowerManagerService( 2983): acquireWakeLockInternal: lock=1129755632, flags=0x1, tag="NetworkStats", ws=null, uid=1000, pid=2983
D/PowerManagerNotifier( 2983): onWakeLockAcquired: flags=1, tag="NetworkStats", packageName=android, ownerUid=1000, ownerPid=2983, workSource=null
D/PowerManagerService( 2983): updateWakeLockSummaryLocked: mWakefulness=Awake, mWakeLockSummary=0x1
D/PowerManagerService( 2983): updateScreenStateLocked: mDisplayReady=true, newScreenState=1, mWakefulness=1, mWakeLockSummary=0x1, mUserActivitySummary=0x0, mBootCompleted=true
D/PowerManagerService( 2983): Acquiring suspend blocker "PowerManagerService.WakeLocks".
D/NetdConnector( 2983): SND -> {194 bandwidth gettetherstats}
D/NetdConnector( 2983): RMV <- {200 194 Tethering stats list completed}
D/PowerManagerService( 2983): releaseWakeLockInternal: lock=1129755632 [NetworkStats], flags=0x0
D/PowerManagerNotifier( 2983): onWakeLockReleased: flags=1, tag="NetworkStats", packageName=android, ownerUid=1000, ownerPid=2983, workSource=null
D/PowerManagerService( 2983): updateWakeLockSummaryLocked: mWakefulness=Awake, mWakeLockSummary=0x0
D/PowerManagerService( 2983): updateScreenStateLocked: mDisplayReady=true, newScreenState=1, mWakefulness=1, mWakeLockSummary=0x0, mUserActivitySummary=0x0, mBootCompleted=true
D/PowerManagerService( 2983): Releasing suspend blocker "PowerManagerService.WakeLocks".
D/PowerManagerService( 2983): handleSandman: canDream=false, mWakefulness=Awake
D/PowerManagerService( 2983): userActivityNoUpdateLocked: eventTime=3665515, event=2, flags=0x0, uid=1000
D/PowerManagerNotifier( 2983): onUserActivity: event=2, uid=1000
D/PowerManagerService( 2983): updateUserActivitySummaryLocked: mWakefulness=Awake, mUserActivitySummary=0x1, nextTimeout=3689515 (in 23996 ms)
D/PowerManagerService( 2983): updateScreenStateLocked: mDisplayReady=false, newScreenState=2, mWakefulness=1, mWakeLockSummary=0x0, mUserActivitySummary=0x1, mBootCompleted=true
D/PowerManagerNotifier( 2983): onScreenBrightness: brightness=6
D/PowerManagerService( 2983): updateScreenStateLocked: mDisplayReady=true, newScreenState=2, mWakefulness=1, mWakeLockSummary=0x0, mUserActivitySummary=0x1, mBootCompleted=true
D/PowerManagerService( 2983): handleSandman: canDream=false, mWakefulness=Awake
I/ActivityManager( 2983): START u0 {cmp=com.jqh.kklive/.widget.WatcherActivity (has extras)} from pid 3978
V/HwWindowManagerService( 2983): moveTaskToTop mTaskChanged:true
D/PowerManagerService( 2983): acquireWakeLockInternal: lock=1126436128, flags=0x1, tag="ActivityManager-Launch", ws=null, uid=1000, pid=2983
D/PowerManagerNotifier( 2983): onWakeLockAcquired: flags=1, tag="ActivityManager-Launch", packageName=android, ownerUid=1000, ownerPid=2983, workSource=null
D/PowerManagerService( 2983): updateWakeLockSummaryLocked: mWakefulness=Awake, mWakeLockSummary=0x1
D/PowerManagerService( 2983): updateScreenStateLocked: mDisplayReady=true, newScreenState=2, mWakefulness=1, mWakeLockSummary=0x1, mUserActivitySummary=0x1, mBootCompleted=true
D/PowerManagerService( 2983): Acquiring suspend blocker "PowerManagerService.WakeLocks".
V/HwWindowManagerService( 2983): setFocusedApp update app ops, mTaskChanged set to:false
D/PowerManagerService( 2983): handleSandman: canDream=false, mWakefulness=Awake
D/WifiStateMachine( 2983): RouteDetect receive msg EVENT_ROUTE_CHECK
D/NetdConnector( 2983): SND -> {195 interface route readDefRoute}
D/NetdConnector( 2983): RMV <- {200 195 isWifiDefaultRouteExisted ok}
E/NetdConnector( 2983): NDC Command {195 interface route readDefRoute} took too long (1004ms)
D/WifiStateMachine( 2983): RouteDetect default exist, return true
I/PermissionManager( 3978): camera remind result:true
I/PermissionManager( 3978): camera remind result:true
D/PowerManagerService( 2983): acquireWakeLockInternal: lock=1132513664, flags=0x1, tag="AudioMix", ws=null, uid=1013, pid=2417
D/PowerManagerNotifier( 2983): onWakeLockAcquired: flags=1, tag="AudioMix", packageName=media, ownerUid=1013, ownerPid=2417, workSource=null
D/PowerManagerService( 2983): updateWakeLockSummaryLocked: mWakefulness=Awake, mWakeLockSummary=0x1
D/PowerManagerService( 2983): updateScreenStateLocked: mDisplayReady=true, newScreenState=2, mWakefulness=1, mWakeLockSummary=0x1, mUserActivitySummary=0x1, mBootCompleted=true
D/PowerManagerService( 2983): updateWakeLockWorkSourceInternal: lock=1132513664 [AudioMix], ws=null
D/PowerManagerService( 2983): acquireWakeLockInternal: lock=1139896352, flags=0x1, tag="AudioIn", ws=null, uid=1013, pid=2417
D/PowerManagerNotifier( 2983): onWakeLockAcquired: flags=1, tag="AudioIn", packageName=media, ownerUid=1013, ownerPid=2417, workSource=null
D/PowerManagerService( 2983): updateWakeLockSummaryLocked: mWakefulness=Awake, mWakeLockSummary=0x1
D/PowerManagerService( 2983): updateScreenStateLocked: mDisplayReady=true, newScreenState=2, mWakefulness=1, mWakeLockSummary=0x1, mUserActivitySummary=0x1, mBootCompleted=true
D/PowerManagerService( 2983): releaseWakeLockInternal: lock=1139896352 [AudioIn], flags=0x0
D/PowerManagerNotifier( 2983): onWakeLockReleased: flags=1, tag="AudioIn", packageName=media, ownerUid=1013, ownerPid=2417, workSource=null
D/PowerManagerService( 2983): updateWakeLockSummaryLocked: mWakefulness=Awake, mWakeLockSummary=0x1
D/PowerManagerService( 2983): updateScreenStateLocked: mDisplayReady=true, newScreenState=2, mWakefulness=1, mWakeLockSummary=0x1, mUserActivitySummary=0x1, mBootCompleted=true
D/PowerManagerService( 2983): handleSandman: canDream=false, mWakefulness=Awake
D/PowerManagerService( 2983): acquireWakeLockInternal: lock=1129535456, flags=0x1, tag="SCREEN_FROZEN", ws=null, uid=1000, pid=2983
D/PowerManagerNotifier( 2983): onWakeLockAcquired: flags=1, tag="SCREEN_FROZEN", packageName=android, ownerUid=1000, ownerPid=2983, workSource=null
D/PowerManagerService( 2983): updateWakeLockSummaryLocked: mWakefulness=Awake, mWakeLockSummary=0x1
D/PowerManagerService( 2983): updateScreenStateLocked: mDisplayReady=true, newScreenState=2, mWakefulness=1, mWakeLockSummary=0x1, mUserActivitySummary=0x1, mBootCompleted=true
I/ActivityManager( 2983): Config changes=480 {1.0 ?mcc?mnc zh_CN ldltr sw360dp w598dp h335dp 480dpi nrml land finger -keyb/v/h dpad/v suim:1 s.21}
D/PowerManagerService( 2983): handleSandman: canDream=false, mWakefulness=Awake
D/ConnectivityService( 2983): getMobileDataEnabled returning true
I/ActivityThread( 4046): com.android.systemui query other app provider, pkg:com.huawei.android.FloatTasks uid:10048
D/PhoneStatusBar( 4046): PhoneStatusBar recever configuration changed load resources
D/PhoneStatusBar( 4046): update ToolBox when the Configuration is changed.
I/ActivityManager( 2983): Config changes=480 {1.0 ?mcc?mnc zh_CN ldltr sw360dp w360dp h567dp 480dpi nrml port finger -keyb/v/h dpad/v suim:1 s.22}
D/ConnectivityService( 2983): getMobileDataEnabled returning true
I/ActivityThread( 4046): com.android.systemui query other app provider, pkg:com.huawei.android.FloatTasks uid:10048
D/PhoneStatusBar( 4046): PhoneStatusBar recever configuration changed load resources
D/PhoneStatusBar( 4046): update ToolBox when the Configuration is changed.
D/PowerManagerService( 2983): acquireWakeLockInternal: lock=1133392736, flags=0x1, tag="AudioIn", ws=WorkSource{10100}, uid=1013, pid=2417
D/PowerManagerNotifier( 2983): onWakeLockAcquired: flags=1, tag="AudioIn", packageName=media, ownerUid=1013, ownerPid=2417, workSource=WorkSource{10100}
D/PowerManagerService( 2983): updateWakeLockSummaryLocked: mWakefulness=Awake, mWakeLockSummary=0x1
D/PowerManagerService( 2983): updateScreenStateLocked: mDisplayReady=true, newScreenState=2, mWakefulness=1, mWakeLockSummary=0x1, mUserActivitySummary=0x1, mBootCompleted=true
D/PowerManagerService( 2983): updateWakeLockWorkSourceInternal: lock=1133392736 [AudioIn], ws=WorkSource{10100}
D/PowerManagerService( 2983): handleSandman: canDream=false, mWakefulness=Awake
E/AndroidRuntime( 3978): FATAL EXCEPTION: main
E/AndroidRuntime( 3978): Process: com.jqh.kklive, PID: 3978
E/AndroidRuntime( 3978): java.lang.NullPointerException
E/AndroidRuntime( 3978): 	at com.jqh.kklive.widget.WatcherActivity$4$1.run(WatcherActivity.java:148)
E/AndroidRuntime( 3978): 	at android.os.Handler.handleCallback(Handler.java:733)
E/AndroidRuntime( 3978): 	at android.os.Handler.dispatchMessage(Handler.java:95)
E/AndroidRuntime( 3978): 	at android.os.Looper.loop(Looper.java:136)
E/AndroidRuntime( 3978): 	at android.app.ActivityThread.main(ActivityThread.java:5314)
E/AndroidRuntime( 3978): 	at java.lang.reflect.Method.invokeNative(Native Method)
E/AndroidRuntime( 3978): 	at java.lang.reflect.Method.invoke(Method.java:515)
E/AndroidRuntime( 3978): 	at com.android.internal.os.ZygoteInit$MethodAndArgsCaller.run(ZygoteInit.java:864)
E/AndroidRuntime( 3978): 	at com.android.internal.os.ZygoteInit.main(ZygoteInit.java:680)
E/AndroidRuntime( 3978): 	at dalvik.system.NativeStart.main(Native Method)
W/ActivityManager( 2983):   Force finishing activity com.jqh.kklive/.widget.WatcherActivity
D/PowerManagerService( 2983): acquireWakeLockInternal: lock=1126436128, flags=0x1, tag="ActivityManager-Launch", ws=null, uid=1000, pid=2983
D/PowerManagerService( 2983): updateWakeLockSummaryLocked: mWakefulness=Awake, mWakeLockSummary=0x1
D/PowerManagerService( 2983): updateScreenStateLocked: mDisplayReady=true, newScreenState=2, mWakefulness=1, mWakeLockSummary=0x1, mUserActivitySummary=0x1, mBootCompleted=true
W/ActivityManager( 2983):   Force finishing activity com.jqh.kklive/.MainActivity
I/WindowManager( 2983): Screen frozen for +2s156ms due to Window{43aa64e8 u0 com.jqh.kklive/com.jqh.kklive.widget.WatcherActivity}
D/PowerManagerService( 2983): releaseWakeLockInternal: lock=1129535456 [SCREEN_FROZEN], flags=0x0
D/PowerManagerNotifier( 2983): onWakeLockReleased: flags=1, tag="SCREEN_FROZEN", packageName=android, ownerUid=1000, ownerPid=2983, workSource=null
D/PowerManagerService( 2983): updateWakeLockSummaryLocked: mWakefulness=Awake, mWakeLockSummary=0x1
D/PowerManagerService( 2983): updateScreenStateLocked: mDisplayReady=true, newScreenState=2, mWakefulness=1, mWakeLockSummary=0x1, mUserActivitySummary=0x1, mBootCompleted=true
V/HwWindowManagerService( 2983): moveTaskToTop mTaskChanged:true
V/HwWindowManagerService( 2983): setFocusedApp update app ops, mTaskChanged set to:false
D/PowerManagerService( 2983): handleSandman: canDream=false, mWakefulness=Awake
W/ActivityManager( 2983): Activity pause timeout for ActivityRecord{43c5c328 u0 com.jqh.kklive/.widget.WatcherActivity t21 f}
I/ActivityThread( 5790): com.huawei.android.launcher query other app provider, pkg:com.huawei.motionservice uid:10022
D/SettingsProvider( 2983): AppName: system
D/SettingsProvider( 2983): method:PUT_system||request:navigationbar_is_min||newValue:0
D/PowerManagerService( 2983): releaseWakeLockInternal: lock=1126436128 [ActivityManager-Launch], flags=0x0
D/PowerManagerNotifier( 2983): onWakeLockReleased: flags=1, tag="ActivityManager-Launch", packageName=android, ownerUid=1000, ownerPid=2983, workSource=null
D/PowerManagerService( 2983): updateWakeLockSummaryLocked: mWakefulness=Awake, mWakeLockSummary=0x1
D/PowerManagerService( 2983): updateScreenStateLocked: mDisplayReady=true, newScreenState=2, mWakefulness=1, mWakeLockSummary=0x1, mUserActivitySummary=0x1, mBootCompleted=true
D/PowerManagerService( 2983): handleSandman: canDream=false, mWakefulness=Awake
D/PowerManagerService( 2983): userActivityNoUpdateLocked: eventTime=3672353, event=2, flags=0x0, uid=1000
D/PowerManagerNotifier( 2983): onUserActivity: event=2, uid=1000
D/PowerManagerService( 2983): updateUserActivitySummaryLocked: mWakefulness=Awake, mUserActivitySummary=0x1, nextTimeout=3696353 (in 23999 ms)
D/PowerManagerService( 2983): updateScreenStateLocked: mDisplayReady=true, newScreenState=2, mWakefulness=1, mWakeLockSummary=0x1, mUserActivitySummary=0x1, mBootCompleted=true
D/PowerManagerService( 2983): handleSandman: canDream=false, mWakefulness=Awake
I/ActivityManager( 2983): Process com.jqh.kklive (pid 3978) has died.
I/ActivityManager( 2983): restoreDTSAndHSState success!unknown
I/WindowState( 2983): WIN DEATH: Window{43aa64e8 u0 com.jqh.kklive/com.jqh.kklive.widget.WatcherActivity}
W/WindowManager( 2983): Force-removing child win Window{43d3b818 u0 SurfaceView} from container Window{43aa64e8 u0 com.jqh.kklive/com.jqh.kklive.widget.WatcherActivity}
I/WindowState( 2983): WIN DEATH: Window{438b7a28 u0 com.jqh.kklive/com.jqh.kklive.MainActivity}
W/WindowManager( 2983): Failed looking up window
W/WindowManager( 2983): java.lang.IllegalArgumentException: Requested window android.os.BinderProxy@43a2b6a8 does not exist
W/WindowManager( 2983): 	at com.android.server.wm.WindowManagerService.windowForClientLocked(WindowManagerService.java:8214)
W/WindowManager( 2983): 	at com.android.server.wm.WindowManagerService.windowForClientLocked(WindowManagerService.java:8205)
W/WindowManager( 2983): 	at com.android.server.wm.WindowState$DeathRecipient.binderDied(WindowState.java:1079)
W/WindowManager( 2983): 	at android.os.BinderProxy.sendDeathNotice(Binder.java:493)
W/WindowManager( 2983): 	at dalvik.system.NativeStart.run(Native Method)
I/WindowState( 2983): WIN DEATH: null
D/PowerManagerService( 2983): releaseWakeLockInternal: lock=1133392736 [AudioIn], flags=0x0
D/PowerManagerNotifier( 2983): onWakeLockReleased: flags=1, tag="AudioIn", packageName=media, ownerUid=1013, ownerPid=2417, workSource=WorkSource{10100}
D/PowerManagerService( 2983): updateWakeLockSummaryLocked: mWakefulness=Awake, mWakeLockSummary=0x1
D/PowerManagerService( 2983): updateScreenStateLocked: mDisplayReady=true, newScreenState=2, mWakefulness=1, mWakeLockSummary=0x1, mUserActivitySummary=0x1, mBootCompleted=true
D/PowerManagerService( 2983): acquireWakeLockInternal: lock=1134645984, flags=0x1, tag="AudioIn", ws=null, uid=1013, pid=2417
D/PowerManagerNotifier( 2983): onWakeLockAcquired: flags=1, tag="AudioIn", packageName=media, ownerUid=1013, ownerPid=2417, workSource=null
D/PowerManagerService( 2983): updateWakeLockSummaryLocked: mWakefulness=Awake, mWakeLockSummary=0x1
D/PowerManagerService( 2983): updateScreenStateLocked: mDisplayReady=true, newScreenState=2, mWakefulness=1, mWakeLockSummary=0x1, mUserActivitySummary=0x1, mBootCompleted=true
D/PowerManagerService( 2983): releaseWakeLockInternal: lock=1134645984 [AudioIn], flags=0x0
D/PowerManagerNotifier( 2983): onWakeLockReleased: flags=1, tag="AudioIn", packageName=media, ownerUid=1013, ownerPid=2417, workSource=null
D/PowerManagerService( 2983): updateWakeLockSummaryLocked: mWakefulness=Awake, mWakeLockSummary=0x1
D/PowerManagerService( 2983): updateScreenStateLocked: mDisplayReady=true, newScreenState=2, mWakefulness=1, mWakeLockSummary=0x1, mUserActivitySummary=0x1, mBootCompleted=true
D/PowerManagerService( 2983): acquireWakeLockInternal: lock=1134511424, flags=0x1, tag="AudioIn", ws=null, uid=1013, pid=2417
D/PowerManagerNotifier( 2983): onWakeLockAcquired: flags=1, tag="AudioIn", packageName=media, ownerUid=1013, ownerPid=2417, workSource=null
D/PowerManagerService( 2983): updateWakeLockSummaryLocked: mWakefulness=Awake, mWakeLockSummary=0x1
D/PowerManagerService( 2983): updateScreenStateLocked: mDisplayReady=true, newScreenState=2, mWakefulness=1, mWakeLockSummary=0x1, mUserActivitySummary=0x1, mBootCompleted=true
D/PowerManagerService( 2983): releaseWakeLockInternal: lock=1134511424 [AudioIn], flags=0x0
D/PowerManagerNotifier( 2983): onWakeLockReleased: flags=1, tag="AudioIn", packageName=media, ownerUid=1013, ownerPid=2417, workSource=null
D/PowerManagerService( 2983): updateWakeLockSummaryLocked: mWakefulness=Awake, mWakeLockSummary=0x1
D/PowerManagerService( 2983): updateScreenStateLocked: mDisplayReady=true, newScreenState=2, mWakefulness=1, mWakeLockSummary=0x1, mUserActivitySummary=0x1, mBootCompleted=true
D/PowerManagerService( 2983): handleSandman: canDream=false, mWakefulness=Awake
D/PowerManagerService( 2983): userActivityNoUpdateLocked: eventTime=3674181, event=2, flags=0x0, uid=1000
D/PowerManagerNotifier( 2983): onUserActivity: event=2, uid=1000
D/PowerManagerService( 2983): updateUserActivitySummaryLocked: mWakefulness=Awake, mUserActivitySummary=0x1, nextTimeout=3698181 (in 23998 ms)
D/PowerManagerService( 2983): updateScreenStateLocked: mDisplayReady=true, newScreenState=2, mWakefulness=1, mWakeLockSummary=0x1, mUserActivitySummary=0x1, mBootCompleted=true
D/PowerManagerService( 2983): handleSandman: canDream=false, mWakefulness=Awake
I/ActivityManager( 2983): START u0 {act=android.intent.action.MAIN cat=[android.intent.category.LAUNCHER] flg=0x10200000 cmp=com.jqh.kklive/.widget.LoginActivity bnds=[12,657][276,936]} from pid 5790
V/HwWindowManagerService( 2983): moveTaskToTop mTaskChanged:true
