E/NetdConnector( 2983): NDC Command {1577 interface route readDefRoute} took too long (1011ms)
D/WifiStateMachine( 2983): RouteDetect default exist, return true
V/UsbDeviceManager( 2983): power_state is false usb_state is false
D/WifiStateMachine( 2983): RouteDetect receive msg EVENT_ROUTE_CHECK
D/NetdConnector( 2983): SND -> {1578 interface route readDefRoute}
D/NetdConnector( 2983): RMV <- {200 1578 isWifiDefaultRouteExisted ok}
E/NetdConnector( 2983): NDC Command {1578 interface route readDefRoute} took too long (1011ms)
D/WifiStateMachine( 2983): RouteDetect default exist, return true
V/AlarmManager( 2983): Checking for alarms... rtc=1518342660001, elapsed=77353021
D/PowerManagerService( 2983): acquireWakeLockInternal: lock=1127379624, flags=0x1, tag="AlarmManager", ws=WorkSource{1000}, uid=1000, pid=2983
D/PowerManagerNotifier( 2983): onWakeLockAcquired: flags=1, tag="AlarmManager", packageName=android, ownerUid=1000, ownerPid=2983, workSource=WorkSource{1000}
D/PowerManagerService( 2983): updateWakeLockSummaryLocked: mWakefulness=Awake, mWakeLockSummary=0x1
D/PowerManagerService( 2983): updateScreenStateLocked: mDisplayReady=true, newScreenState=1, mWakefulness=1, mWakeLockSummary=0x1, mUserActivitySummary=0x0, mBootCompleted=true
D/PowerManagerService( 2983): Acquiring suspend blocker "PowerManagerService.WakeLocks".
D/PowerManagerService( 2983): handleSandman: canDream=false, mWakefulness=Awake
D/PowerManagerService( 2983): releaseWakeLockInternal: lock=1127379624 [AlarmManager], flags=0x0
D/PowerManagerNotifier( 2983): onWakeLockReleased: flags=1, tag="AlarmManager", packageName=android, ownerUid=1000, ownerPid=2983, workSource=WorkSource{1000}
D/PowerManagerService( 2983): updateWakeLockSummaryLocked: mWakefulness=Awake, mWakeLockSummary=0x0
D/PowerManagerService( 2983): updateScreenStateLocked: mDisplayReady=true, newScreenState=1, mWakefulness=1, mWakeLockSummary=0x0, mUserActivitySummary=0x0, mBootCompleted=true
D/PowerManagerService( 2983): Releasing suspend blocker "PowerManagerService.WakeLocks".
D/PowerManagerService( 2983): handleSandman: canDream=false, mWakefulness=Awake
V/UsbDeviceManager( 2983): power_state is false usb_state is false
D/WifiStateMachine( 2983): RouteDetect receive msg EVENT_ROUTE_CHECK
D/NetdConnector( 2983): SND -> {1579 interface route readDefRoute}
D/NetdConnector( 2983): RMV <- {200 1579 isWifiDefaultRouteExisted ok}
E/NetdConnector( 2983): NDC Command {1579 interface route readDefRoute} took too long (1011ms)
D/WifiStateMachine( 2983): RouteDetect default exist, return true
I/EntropyMixer( 2983): Writing entropy...
V/UsbDeviceManager( 2983): power_state is false usb_state is false
D/WifiStateMachine( 2983): RouteDetect receive msg EVENT_ROUTE_CHECK
D/NetdConnector( 2983): SND -> {1580 interface route readDefRoute}
D/NetdConnector( 2983): RMV <- {200 1580 isWifiDefaultRouteExisted ok}
E/NetdConnector( 2983): NDC Command {1580 interface route readDefRoute} took too long (1011ms)
D/WifiStateMachine( 2983): RouteDetect default exist, return true
V/AlarmManager( 2983): Checking for alarms... rtc=1518342720001, elapsed=77413021
D/PowerManagerService( 2983): acquireWakeLockInternal: lock=1127379624, flags=0x1, tag="AlarmManager", ws=WorkSource{1000}, uid=1000, pid=2983
D/PowerManagerNotifier( 2983): onWakeLockAcquired: flags=1, tag="AlarmManager", packageName=android, ownerUid=1000, ownerPid=2983, workSource=WorkSource{1000}
D/PowerManagerService( 2983): updateWakeLockSummaryLocked: mWakefulness=Awake, mWakeLockSummary=0x1
D/PowerManagerService( 2983): updateScreenStateLocked: mDisplayReady=true, newScreenState=1, mWakefulness=1, mWakeLockSummary=0x1, mUserActivitySummary=0x0, mBootCompleted=true
D/PowerManagerService( 2983): Acquiring suspend blocker "PowerManagerService.WakeLocks".
D/PowerManagerService( 2983): releaseWakeLockInternal: lock=1127379624 [AlarmManager], flags=0x0
D/PowerManagerNotifier( 2983): onWakeLockReleased: flags=1, tag="AlarmManager", packageName=android, ownerUid=1000, ownerPid=2983, workSource=WorkSource{1000}
D/PowerManagerService( 2983): updateWakeLockSummaryLocked: mWakefulness=Awake, mWakeLockSummary=0x0
D/PowerManagerService( 2983): updateScreenStateLocked: mDisplayReady=true, newScreenState=1, mWakefulness=1, mWakeLockSummary=0x0, mUserActivitySummary=0x0, mBootCompleted=true
D/PowerManagerService( 2983): Releasing suspend blocker "PowerManagerService.WakeLocks".
D/PowerManagerService( 2983): handleSandman: canDream=false, mWakefulness=Awake
V/UsbDeviceManager( 2983): power_state is false usb_state is false
D/WifiStateMachine( 2983): RouteDetect receive msg EVENT_ROUTE_CHECK
D/NetdConnector( 2983): SND -> {1581 interface route readDefRoute}
D/NetdConnector( 2983): RMV <- {200 1581 isWifiDefaultRouteExisted ok}
E/NetdConnector( 2983): NDC Command {1581 interface route readDefRoute} took too long (1011ms)
D/WifiStateMachine( 2983): RouteDetect default exist, return true
D/PowerManagerService( 2983): acquireWakeLockInternal: lock=1129755632, flags=0x1, tag="NetworkStats", ws=null, uid=1000, pid=2983
D/PowerManagerNotifier( 2983): onWakeLockAcquired: flags=1, tag="NetworkStats", packageName=android, ownerUid=1000, ownerPid=2983, workSource=null
D/PowerManagerService( 2983): updateWakeLockSummaryLocked: mWakefulness=Awake, mWakeLockSummary=0x1
D/PowerManagerService( 2983): updateScreenStateLocked: mDisplayReady=true, newScreenState=1, mWakefulness=1, mWakeLockSummary=0x1, mUserActivitySummary=0x0, mBootCompleted=true
D/PowerManagerService( 2983): Acquiring suspend blocker "PowerManagerService.WakeLocks".
D/NetdConnector( 2983): SND -> {1582 bandwidth gettetherstats}
D/NetdConnector( 2983): RMV <- {200 1582 Tethering stats list completed}
D/PowerManagerService( 2983): releaseWakeLockInternal: lock=1129755632 [NetworkStats], flags=0x0
D/PowerManagerNotifier( 2983): onWakeLockReleased: flags=1, tag="NetworkStats", packageName=android, ownerUid=1000, ownerPid=2983, workSource=null
D/PowerManagerService( 2983): updateWakeLockSummaryLocked: mWakefulness=Awake, mWakeLockSummary=0x0
D/PowerManagerService( 2983): updateScreenStateLocked: mDisplayReady=true, newScreenState=1, mWakefulness=1, mWakeLockSummary=0x0, mUserActivitySummary=0x0, mBootCompleted=true
D/PowerManagerService( 2983): Releasing suspend blocker "PowerManagerService.WakeLocks".
D/PowerManagerService( 2983): handleSandman: canDream=false, mWakefulness=Awake
V/AlarmManager( 2983): Checking for alarms... rtc=1518342752667, elapsed=77445688
V/AlarmManager( 2983): sending alarm Alarm{43b37648 type 0 android},repeatInterval = 0
D/PowerManagerService( 2983): acquireWakeLockInternal: lock=1127379624, flags=0x1, tag="AlarmManager", ws=WorkSource{1000}, uid=1000, pid=2983
D/PowerManagerNotifier( 2983): onWakeLockAcquired: flags=1, tag="AlarmManager", packageName=android, ownerUid=1000, ownerPid=2983, workSource=WorkSource{1000}
D/PowerManagerService( 2983): updateWakeLockSummaryLocked: mWakefulness=Awake, mWakeLockSummary=0x1
D/PowerManagerService( 2983): updateScreenStateLocked: mDisplayReady=true, newScreenState=1, mWakefulness=1, mWakeLockSummary=0x1, mUserActivitySummary=0x0, mBootCompleted=true
D/PowerManagerService( 2983): Acquiring suspend blocker "PowerManagerService.WakeLocks".
D/PowerManagerService( 2983): acquireWakeLockInternal: lock=1126970696, flags=0x1, tag="eventloop", ws=null, uid=1000, pid=7201
D/PowerManagerNotifier( 2983): onWakeLockAcquired: flags=1, tag="eventloop", packageName=android, ownerUid=1000, ownerPid=7201, workSource=null
D/PowerManagerService( 2983): updateWakeLockSummaryLocked: mWakefulness=Awake, mWakeLockSummary=0x1
D/PowerManagerService( 2983): updateScreenStateLocked: mDisplayReady=true, newScreenState=1, mWakefulness=1, mWakeLockSummary=0x1, mUserActivitySummary=0x0, mBootCompleted=true
D/PowerManagerService( 2983): releaseWakeLockInternal: lock=1127379624 [AlarmManager], flags=0x0
D/PowerManagerNotifier( 2983): onWakeLockReleased: flags=1, tag="AlarmManager", packageName=android, ownerUid=1000, ownerPid=2983, workSource=WorkSource{1000}
D/PowerManagerService( 2983): updateWakeLockSummaryLocked: mWakefulness=Awake, mWakeLockSummary=0x1
D/PowerManagerService( 2983): updateScreenStateLocked: mDisplayReady=true, newScreenState=1, mWakefulness=1, mWakeLockSummary=0x1, mUserActivitySummary=0x0, mBootCompleted=true
V/AlarmManager( 2983): set(PendingIntent{437f62c0: PendingIntentRecord{434ae2d0 android broadcastIntent}}) : type=0 triggerAtTime=1518342762712 win=0 tElapsed=77455732 maxElapsed=77455732 interval=0 standalone=false
D/PowerManagerService( 2983): handleSandman: canDream=false, mWakefulness=Awake
D/PowerManagerService( 2983): releaseWakeLockInternal: lock=1126970696 [eventloop], flags=0x0
D/PowerManagerNotifier( 2983): onWakeLockReleased: flags=1, tag="eventloop", packageName=android, ownerUid=1000, ownerPid=7201, workSource=null
D/PowerManagerService( 2983): updateWakeLockSummaryLocked: mWakefulness=Awake, mWakeLockSummary=0x0
D/PowerManagerService( 2983): updateScreenStateLocked: mDisplayReady=true, newScreenState=1, mWakefulness=1, mWakeLockSummary=0x0, mUserActivitySummary=0x0, mBootCompleted=true
D/PowerManagerService( 2983): Releasing suspend blocker "PowerManagerService.WakeLocks".
D/PowerManagerService( 2983): acquireWakeLockInternal: lock=1137502888, flags=0x1, tag="dispatcher", ws=null, uid=1000, pid=7201
D/PowerManagerNotifier( 2983): onWakeLockAcquired: flags=1, tag="dispatcher", packageName=android, ownerUid=1000, ownerPid=7201, workSource=null
D/PowerManagerService( 2983): updateWakeLockSummaryLocked: mWakefulness=Awake, mWakeLockSummary=0x1
D/PowerManagerService( 2983): updateScreenStateLocked: mDisplayReady=true, newScreenState=1, mWakefulness=1, mWakeLockSummary=0x1, mUserActivitySummary=0x0, mBootCompleted=true
D/PowerManagerService( 2983): Acquiring suspend blocker "PowerManagerService.WakeLocks".
D/PowerManagerService( 2983): handleSandman: canDream=false, mWakefulness=Awake
V/AlarmManager( 2983): set(PendingIntent{43d8ccf8: PendingIntentRecord{43bdd798 android broadcastIntent}}) : type=0 triggerAtTime=1518343322862 win=0 tElapsed=78015882 maxElapsed=78015882 interval=0 standalone=false
D/PowerManagerService( 2983): acquireWakeLockInternal: lock=1126970696, flags=0x1, tag="eventloop", ws=null, uid=1000, pid=7201
D/PowerManagerNotifier( 2983): onWakeLockAcquired: flags=1, tag="eventloop", packageName=android, ownerUid=1000, ownerPid=7201, workSource=null
D/PowerManagerService( 2983): updateWakeLockSummaryLocked: mWakefulness=Awake, mWakeLockSummary=0x1
D/PowerManagerService( 2983): updateScreenStateLocked: mDisplayReady=true, newScreenState=1, mWakefulness=1, mWakeLockSummary=0x1, mUserActivitySummary=0x0, mBootCompleted=true
D/PowerManagerService( 2983): releaseWakeLockInternal: lock=1126970696 [eventloop], flags=0x0
D/PowerManagerNotifier( 2983): onWakeLockReleased: flags=1, tag="eventloop", packageName=android, ownerUid=1000, ownerPid=7201, workSource=null
D/PowerManagerService( 2983): updateWakeLockSummaryLocked: mWakefulness=Awake, mWakeLockSummary=0x1
D/PowerManagerService( 2983): updateScreenStateLocked: mDisplayReady=true, newScreenState=1, mWakefulness=1, mWakeLockSummary=0x1, mUserActivitySummary=0x0, mBootCompleted=true
D/PowerManagerService( 2983): handleSandman: canDream=false, mWakefulness=Awake
D/PowerManagerService( 2983): releaseWakeLockInternal: lock=1137502888 [dispatcher], flags=0x0
D/PowerManagerNotifier( 2983): onWakeLockReleased: flags=1, tag="dispatcher", packageName=android, ownerUid=1000, ownerPid=7201, workSource=null
D/PowerManagerService( 2983): updateWakeLockSummaryLocked: mWakefulness=Awake, mWakeLockSummary=0x0
D/PowerManagerService( 2983): updateScreenStateLocked: mDisplayReady=true, newScreenState=1, mWakefulness=1, mWakeLockSummary=0x0, mUserActivitySummary=0x0, mBootCompleted=true
D/PowerManagerService( 2983): Releasing suspend blocker "PowerManagerService.WakeLocks".
D/PowerManagerService( 2983): handleSandman: canDream=false, mWakefulness=Awake
V/UsbDeviceManager( 2983): power_state is false usb_state is false
D/WifiStateMachine( 2983): RouteDetect receive msg EVENT_ROUTE_CHECK
D/NetdConnector( 2983): SND -> {1583 interface route readDefRoute}
D/NetdConnector( 2983): RMV <- {200 1583 isWifiDefaultRouteExisted ok}
E/NetdConnector( 2983): NDC Command {1583 interface route readDefRoute} took too long (1010ms)
D/WifiStateMachine( 2983): RouteDetect default exist, return true
V/AlarmManager( 2983): Checking for alarms... rtc=1518342780001, elapsed=77473021
D/PowerManagerService( 2983): acquireWakeLockInternal: lock=1127379624, flags=0x1, tag="AlarmManager", ws=WorkSource{1000}, uid=1000, pid=2983
D/PowerManagerNotifier( 2983): onWakeLockAcquired: flags=1, tag="AlarmManager", packageName=android, ownerUid=1000, ownerPid=2983, workSource=WorkSource{1000}
D/PowerManagerService( 2983): updateWakeLockSummaryLocked: mWakefulness=Awake, mWakeLockSummary=0x1
D/PowerManagerService( 2983): updateScreenStateLocked: mDisplayReady=true, newScreenState=1, mWakefulness=1, mWakeLockSummary=0x1, mUserActivitySummary=0x0, mBootCompleted=true
D/PowerManagerService( 2983): Acquiring suspend blocker "PowerManagerService.WakeLocks".
D/PowerManagerService( 2983): handleSandman: canDream=false, mWakefulness=Awake
D/PowerManagerService( 2983): releaseWakeLockInternal: lock=1127379624 [AlarmManager], flags=0x0
D/PowerManagerNotifier( 2983): onWakeLockReleased: flags=1, tag="AlarmManager", packageName=android, ownerUid=1000, ownerPid=2983, workSource=WorkSource{1000}
D/PowerManagerService( 2983): updateWakeLockSummaryLocked: mWakefulness=Awake, mWakeLockSummary=0x0
D/PowerManagerService( 2983): updateScreenStateLocked: mDisplayReady=true, newScreenState=1, mWakefulness=1, mWakeLockSummary=0x0, mUserActivitySummary=0x0, mBootCompleted=true
D/PowerManagerService( 2983): Releasing suspend blocker "PowerManagerService.WakeLocks".
D/PowerManagerService( 2983): handleSandman: canDream=false, mWakefulness=Awake
D/PowerManagerService( 2983): acquireWakeLockInternal: lock=1129535456, flags=0x1, tag="SCREEN_FROZEN", ws=null, uid=1000, pid=2983
D/PowerManagerNotifier( 2983): onWakeLockAcquired: flags=1, tag="SCREEN_FROZEN", packageName=android, ownerUid=1000, ownerPid=2983, workSource=null
D/PowerManagerService( 2983): updateWakeLockSummaryLocked: mWakefulness=Awake, mWakeLockSummary=0x1
D/PowerManagerService( 2983): updateScreenStateLocked: mDisplayReady=true, newScreenState=1, mWakefulness=1, mWakeLockSummary=0x1, mUserActivitySummary=0x0, mBootCompleted=true
D/PowerManagerService( 2983): Acquiring suspend blocker "PowerManagerService.WakeLocks".
D/PowerManagerService( 2983): handleSandman: canDream=false, mWakefulness=Awake
I/ActivityManager( 2983): Config changes=480 {1.0 ?mcc?mnc zh_CN ldltr sw360dp w598dp h335dp 480dpi nrml land finger -keyb/v/h dpad/v suim:1 s.49}
W/ContextImpl(29362): Calling a method in the system process without a qualified user: android.app.ContextImpl.sendBroadcast:1204 android.content.ContextWrapper.sendBroadcast:365 android.app.ActivityThread.performPauseActivity:3303 android.app.ActivityThread.performPauseActivity:3264 android.app.ActivityThread.handleRelaunchActivity:3969 
W/ContextImpl(29362): Calling a method in the system process without a qualified user: android.app.ContextImpl.sendBroadcast:1204 android.content.ContextWrapper.sendBroadcast:365 android.app.ActivityThread.performResumeActivity:3020 android.app.ActivityThread.handleResumeActivity:3064 android.app.ActivityThread.handleLaunchActivity:2350 
D/ConnectivityService( 2983): getMobileDataEnabled returning true
I/ActivityManager( 2983): Start proc com.huawei.android.FloatTasks for content provider com.huawei.android.FloatTasks/com.huawei.android.FloatTasksContentProvider.MyContentProvider: pid=1398 uid=10048 gids={50048, 3001}
I/ActivityThread( 4046): com.android.systemui query other app provider, pkg:com.huawei.android.FloatTasks uid:10048
D/PhoneStatusBar( 4046): PhoneStatusBar recever configuration changed load resources
D/PhoneStatusBar( 4046): update ToolBox when the Configuration is changed.
I/ActivityManager( 2983): Config changes=480 {1.0 ?mcc?mnc zh_CN ldltr sw360dp w360dp h567dp 480dpi nrml port finger -keyb/v/h dpad/v suim:1 s.50}
W/ContextImpl(29362): Calling a method in the system process without a qualified user: android.app.ContextImpl.sendBroadcast:1204 android.content.ContextWrapper.sendBroadcast:365 android.app.ActivityThread.performPauseActivity:3303 android.app.ActivityThread.performPauseActivity:3264 android.app.ActivityThread.handleRelaunchActivity:3969 
W/ContextImpl(29362): Calling a method in the system process without a qualified user: android.app.ContextImpl.sendBroadcast:1204 android.content.ContextWrapper.sendBroadcast:365 android.app.ActivityThread.performResumeActivity:3020 android.app.ActivityThread.handleResumeActivity:3064 android.app.ActivityThread.handleLaunchActivity:2350 
W/ContextImpl(29362): Calling a method in the system process without a qualified user: android.app.ContextImpl.sendBroadcast:1204 android.content.ContextWrapper.sendBroadcast:365 android.app.ActivityThread.performPauseActivity:3303 android.app.ActivityThread.performPauseActivity:3264 android.app.ActivityThread.handleRelaunchActivity:3969 
D/ConnectivityService( 2983): getMobileDataEnabled returning true
I/ActivityThread( 4046): com.android.systemui query other app provider, pkg:com.huawei.android.FloatTasks uid:10048
W/ContextImpl(29362): Calling a method in the system process without a qualified user: android.app.ContextImpl.sendBroadcast:1204 android.content.ContextWrapper.sendBroadcast:365 android.app.ActivityThread.performResumeActivity:3020 android.app.ActivityThread.handleResumeActivity:3064 android.app.ActivityThread.handleLaunchActivity:2350 
D/PhoneStatusBar( 4046): PhoneStatusBar recever configuration changed load resources
D/PhoneStatusBar( 4046): update ToolBox when the Configuration is changed.
I/WindowManager( 2983): Screen frozen for +664ms due to Window{4354d168 u0 com.android.settings/com.android.settings.deviceinfo.UsbSettingsActivity}
D/PowerManagerService( 2983): releaseWakeLockInternal: lock=1129535456 [SCREEN_FROZEN], flags=0x0
D/PowerManagerNotifier( 2983): onWakeLockReleased: flags=1, tag="SCREEN_FROZEN", packageName=android, ownerUid=1000, ownerPid=2983, workSource=null
D/PowerManagerService( 2983): updateWakeLockSummaryLocked: mWakefulness=Awake, mWakeLockSummary=0x0
D/PowerManagerService( 2983): updateScreenStateLocked: mDisplayReady=true, newScreenState=1, mWakefulness=1, mWakeLockSummary=0x0, mUserActivitySummary=0x0, mBootCompleted=true
D/PowerManagerService( 2983): Releasing suspend blocker "PowerManagerService.WakeLocks".
D/PowerManagerService( 2983): userActivityNoUpdateLocked: eventTime=32511882, event=2, flags=0x0, uid=1000
D/PowerManagerNotifier( 2983): onUserActivity: event=2, uid=1000
D/PowerManagerService( 2983): updateUserActivitySummaryLocked: mWakefulness=Awake, mUserActivitySummary=0x1, nextTimeout=32535882 (in 23999 ms)
D/PowerManagerService( 2983): updateScreenStateLocked: mDisplayReady=false, newScreenState=2, mWakefulness=1, mWakeLockSummary=0x0, mUserActivitySummary=0x1, mBootCompleted=true
D/PowerManagerNotifier( 2983): onScreenBrightness: brightness=69
D/PowerManagerService( 2983): updateScreenStateLocked: mDisplayReady=true, newScreenState=2, mWakefulness=1, mWakeLockSummary=0x0, mUserActivitySummary=0x1, mBootCompleted=true
D/PowerManagerService( 2983): userActivityNoUpdateLocked: eventTime=32511886, event=1, flags=0x0, uid=1000
D/PowerManagerNotifier( 2983): onUserActivity: event=1, uid=1000
D/PowerManagerService( 2983): updateUserActivitySummaryLocked: mWakefulness=Awake, mUserActivitySummary=0x1, nextTimeout=32535886 (in 23997 ms)
D/PowerManagerService( 2983): updateScreenStateLocked: mDisplayReady=true, newScreenState=2, mWakefulness=1, mWakeLockSummary=0x0, mUserActivitySummary=0x1, mBootCompleted=true
D/PowerManagerService( 2983): handleSandman: canDream=false, mWakefulness=Awake
D/PowerManagerService( 2983): userActivityNoUpdateLocked: eventTime=32511984, event=0, flags=0x0, uid=1000
D/PowerManagerNotifier( 2983): onUserActivity: event=0, uid=1000
D/PowerManagerService( 2983): updateUserActivitySummaryLocked: mWakefulness=Awake, mUserActivitySummary=0x1, nextTimeout=32535984 (in 23999 ms)
D/PowerManagerService( 2983): updateScreenStateLocked: mDisplayReady=true, newScreenState=2, mWakefulness=1, mWakeLockSummary=0x0, mUserActivitySummary=0x1, mBootCompleted=true
D/PowerManagerService( 2983): userActivityNoUpdateLocked: eventTime=32511992, event=0, flags=0x0, uid=1000
D/PowerManagerNotifier( 2983): onUserActivity: event=0, uid=1000
D/PowerManagerService( 2983): updateUserActivitySummaryLocked: mWakefulness=Awake, mUserActivitySummary=0x1, nextTimeout=32535992 (in 24000 ms)
D/PowerManagerService( 2983): updateScreenStateLocked: mDisplayReady=true, newScreenState=2, mWakefulness=1, mWakeLockSummary=0x0, mUserActivitySummary=0x1, mBootCompleted=true
I/ActivityManager( 2983): START u0 {act=android.intent.action.MAIN cat=[android.intent.category.HOME] flg=0x10200000 cmp=com.huawei.android.launcher/.Launcher} from pid 2983
V/HwWindowManagerService( 2983): moveTaskToTop mTaskChanged:true
D/PowerManagerService( 2983): acquireWakeLockInternal: lock=1126436128, flags=0x1, tag="ActivityManager-Launch", ws=null, uid=1000, pid=2983
D/PowerManagerNotifier( 2983): onWakeLockAcquired: flags=1, tag="ActivityManager-Launch", packageName=android, ownerUid=1000, ownerPid=2983, workSource=null
D/PowerManagerService( 2983): updateWakeLockSummaryLocked: mWakefulness=Awake, mWakeLockSummary=0x1
D/PowerManagerService( 2983): updateScreenStateLocked: mDisplayReady=true, newScreenState=2, mWakefulness=1, mWakeLockSummary=0x1, mUserActivitySummary=0x1, mBootCompleted=true
D/PowerManagerService( 2983): Acquiring suspend blocker "PowerManagerService.WakeLocks".
W/ContextImpl(29362): Calling a method in the system process without a qualified user: android.app.ContextImpl.sendBroadcast:1204 android.content.ContextWrapper.sendBroadcast:365 android.app.ActivityThread.performPauseActivity:3303 android.app.ActivityThread.performPauseActivity:3264 android.app.ActivityThread.handlePauseActivity:3242 
V/HwWindowManagerService( 2983): setFocusedApp update app ops, mTaskChanged set to:false
--------- beginning of /dev/log/main
D/dalvikvm(29362): MakeBoost:0x415ff2c8 to 0
V/HwSystemManager( 5225): AppLockService:applock password not initial or function is closed
D/PowerManagerService( 2983): handleSandman: canDream=false, mWakefulness=Awake
I/HwLauncher( 5790): DynamicIconData , getDrawableForDynamic begin, pkg = com.android.deskclock, picName = deskclock_bg
I/HwLauncher( 5790): DynamicIconData , getDrawableForDynamic end, pkg = com.android.deskclock, picName = deskclock_bg
I/HwLauncher( 5790): DynamicIconData , getDrawableForDynamic begin, pkg = com.android.deskclock, picName = deskclock_bg
I/HwLauncher( 5790): DynamicIconData , getDrawableForDynamic end, pkg = com.android.deskclock, picName = deskclock_bg
I/HwLauncher( 5790): Launcher.Utilities createIconBitmap sourceWidth = 180sourceHeight = 180
I/HwLauncher( 5790): ClockDynamicUpdater calender update folder at CalenderDynamicUpdater
I/HwLauncher( 5790): DynamicUpdater call updateFolder
I/HwLauncher( 5790): DynamicUpdater call updateFolder
I/HwLauncher( 5790): DynamicIcon onResume  isvisible = false   mAttachedToWindow:true    mWindowVisible:falsecom.android.deskclock
I/HwLauncher( 5790): DynamicUpdater registerReceiver
I/HwLauncher( 5790): DynamicUpdater call updateFolder
I/HwLauncher( 5790): DynamicIcon onResume  isvisible = false   mAttachedToWindow:true    mWindowVisible:falsecom.android.calendar
I/HwLauncher( 5790): DynamicUpdater registerReceiver
I/HwLauncher( 5790): DynamicUpdater call updateFolder
I/HwLauncher( 5790): WeatherDynamicUpdaterpositiveUpdate at WeatherDynamicUpdater
I/HwLauncher( 5790): DynamicIcon onResume  isvisible = false   mAttachedToWindow:true    mWindowVisible:falsecom.huawei.android.totemweather
I/HwLauncher( 5790): Launcher onResume()
I/HwLauncher( 5790): Launcher doResumeWork()
V/SMCSAMSHelper( 2983): SMCSAMSHelper.addSTPEvent: cost 0 ms end.
V/SMCSAMSHelper( 2983): SMCSAMSHelper.smartTrimAddProcessRelation: cost 0 ms end.
D/MotionDetectionManager( 5790): startMotionAppsReco motionApps: 402
V/SMCSAMSHelper( 2983): SMCSAMSHelper.addSTPEvent: cost 0 ms end.
V/SMCSAMSHelper( 2983): SMCSAMSHelper.smartTrimAddProcessRelation: cost 0 ms end.
I/ActivityThread( 5790): com.huawei.android.launcher query other app provider, pkg:com.huawei.motionservice uid:10022
D/MRUtils ( 5790): getMotionEnableState enabled: 1
D/KeyguardViewMediator( 3843): setHidden false
D/KeyguardUpdateMonitor( 3843): sendKeyguardVisibilityChanged(true)
D/KeyguardUpdateMonitor( 3843): handleKeyguardVisibilityChanged(1)
D/MRUtils ( 5790): getMotionEnableState enabled: 0
W/MotionDetectionManager( 5790): startMotionAppsReco motionApps: 402 disabled
W/HwLauncher( 5790): Launcher.MotionManager failed to start TYPE_SHAKE_CHANGE_WALLPAPER
I/HwLauncher( 5790): Launcher.MotionManager startShakeMotion mIsShakeInHome=true
D/MotionDetectionManager( 5790): startMotionAppsReco motionApps: 404
D/MRUtils ( 5790): getMotionEnableState enabled: 1
D/MRUtils ( 5790): getMotionEnableState enabled: 0
W/MotionDetectionManager( 5790): startMotionAppsReco motionApps: 404 disabled
W/HwLauncher( 5790): Launcher.MotionManager failed to start TYPE_SHAKE_START_PRIVACY
I/HwLauncher( 5790): Launcher changeNaviBarStatus
D/HwLauncher( 5790): LauncherApplication   setAccessibilityManager: isTouchExplorationEnable = false 
W/HwLauncher( 5790): Launcher  updateMarginLayoutParamsForView:the target view is null.
I/HwLauncher( 5790): Launcher  onResume mIsToUninstallApp = false
D/KeyguardViewMediator( 3843): setHidden false
D/KeyguardUpdateMonitor( 3843): sendKeyguardVisibilityChanged(true)
I/HwLauncher( 5790): DynamicIcon onVisibilityChanged 0 - com.android.deskclock
I/HwLauncher( 5790): DynamicIcon onVisibilityChanged 0 - com.android.calendar
I/HwLauncher( 5790): DynamicIcon onVisibilityChanged 0 - com.huawei.android.totemweather
D/KeyguardUpdateMonitor( 3843): handleKeyguardVisibilityChanged(1)
I/HwLauncher( 5790): DynamicIcon onWindowVisibilityChanged 0 - com.android.deskclock
I/HwLauncher( 5790): DynamicIcon onWindowVisibilityChanged 0 - com.android.calendar
I/HwLauncher( 5790): DynamicIcon onWindowVisibilityChanged 0 - com.huawei.android.totemweather
D/SettingsProvider( 2983): AppName: system
D/SettingsProvider( 2983): method:PUT_system||request:navigationbar_is_min||newValue:0
I/PhoneStatusBar( 4046): hw_status_bar_operators = true, setSystemUIVisibily(SHOW_OPERATOR = false)
D/KeyguardViewMediator( 3843): setHidden false
D/KeyguardUpdateMonitor( 3843): sendKeyguardVisibilityChanged(true)
D/KeyguardUpdateMonitor( 3843): handleKeyguardVisibilityChanged(1)
D/mali_winsys( 5790): new_window_surface returns 0x3000
I/HwLauncher( 5790): WeatherDynamicUpdaterreceive action = com.huawei.android.action.launcher_weather_icon_change
I/HwLauncher( 5790): WeatherDynamicUpdaterreceiver data is int[] = [0, 0, 30, 0, 74, 0, 118, 0]
I/HwLauncher( 5790):  stringArray[] [sunny, negative, num1, tempc]
D/KeyguardViewMediator( 3843): setHidden false
D/KeyguardUpdateMonitor( 3843): sendKeyguardVisibilityChanged(true)
D/KeyguardUpdateMonitor( 3843): handleKeyguardVisibilityChanged(1)
D/CubicBezierInterpolator( 2983): CubicBezierInterpolator  mControlPoint1x = 0.5, mControlPoint1y = 0.2, mControlPoint2x = 0.6, mControlPoint2y = 1.0
D/CubicBezierInterpolator( 2983): CubicBezierInterpolator  mControlPoint1x = 0.5, mControlPoint1y = 0.2, mControlPoint2x = 0.6, mControlPoint2y = 1.0
D/KeyguardViewMediator( 3843): setHidden false
D/KeyguardUpdateMonitor( 3843): sendKeyguardVisibilityChanged(true)
D/KeyguardUpdateMonitor( 3843): handleKeyguardVisibilityChanged(1)
D/KeyguardViewMediator( 3843): setHidden false
D/KeyguardUpdateMonitor( 3843): sendKeyguardVisibilityChanged(true)
D/KeyguardUpdateMonitor( 3843): handleKeyguardVisibilityChanged(1)
I/PhoneStatusBar( 4046): hw_status_bar_operators = true, setSystemUIVisibily(SHOW_OPERATOR = false)
D/KeyguardViewMediator( 3843): setHidden false
D/KeyguardUpdateMonitor( 3843): sendKeyguardVisibilityChanged(true)
D/KeyguardUpdateMonitor( 3843): handleKeyguardVisibilityChanged(1)
D/KeyguardViewMediator( 3843): setHidden false
D/KeyguardUpdateMonitor( 3843): sendKeyguardVisibilityChanged(true)
D/KeyguardUpdateMonitor( 3843): handleKeyguardVisibilityChanged(1)
D/PowerManagerService( 2983): releaseWakeLockInternal: lock=1126436128 [ActivityManager-Launch], flags=0x0
D/PowerManagerNotifier( 2983): onWakeLockReleased: flags=1, tag="ActivityManager-Launch", packageName=android, ownerUid=1000, ownerPid=2983, workSource=null
D/PowerManagerService( 2983): updateWakeLockSummaryLocked: mWakefulness=Awake, mWakeLockSummary=0x0
D/PowerManagerService( 2983): updateScreenStateLocked: mDisplayReady=true, newScreenState=2, mWakefulness=1, mWakeLockSummary=0x0, mUserActivitySummary=0x1, mBootCompleted=true
D/PowerManagerService( 2983): Releasing suspend blocker "PowerManagerService.WakeLocks".
D/KeyguardViewMediator( 3843): setHidden false
D/KeyguardUpdateMonitor( 3843): sendKeyguardVisibilityChanged(true)
D/KeyguardUpdateMonitor( 3843): handleKeyguardVisibilityChanged(1)
I/ActivityManager( 2983): filter receiver for action = com.kingroot.common.ACTION_TOP_ACTIVITY_CHANGED
I/ActivityManager( 2983): filter receiver for action = com.kingroot.common.ACTION_SWITCH_IN_DESKTOP
I/ActivityManager( 2983): filter receiver for action = com.kingroot.common.ACTION_TOP_APP_CHANGED
D/PowerManagerService( 2983): handleSandman: canDream=false, mWakefulness=Awake
D/KeyguardViewMediator( 3843): setHidden false
D/KeyguardUpdateMonitor( 3843): sendKeyguardVisibilityChanged(true)
D/KeyguardUpdateMonitor( 3843): handleKeyguardVisibilityChanged(1)
D/KeyguardViewMediator( 3843): setHidden false
D/KeyguardUpdateMonitor( 3843): sendKeyguardVisibilityChanged(true)
D/KeyguardUpdateMonitor( 3843): handleKeyguardVisibilityChanged(1)
D/KeyguardViewMediator( 3843): setHidden false
D/KeyguardUpdateMonitor( 3843): sendKeyguardVisibilityChanged(true)
D/KeyguardUpdateMonitor( 3843): handleKeyguardVisibilityChanged(1)
D/KeyguardViewMediator( 3843): setHidden false
D/KeyguardUpdateMonitor( 3843): sendKeyguardVisibilityChanged(true)
D/KeyguardUpdateMonitor( 3843): handleKeyguardVisibilityChanged(1)
D/KeyguardViewMediator( 3843): setHidden false
D/KeyguardUpdateMonitor( 3843): sendKeyguardVisibilityChanged(true)
D/KeyguardUpdateMonitor( 3843): handleKeyguardVisibilityChanged(1)
V/HwSystemManager( 5225): AppLockService:applock password not initial or function is closed
D/HwWifiStateMachine( 2983): handleMessage: E msg.what=131155
D/HwWifiStateMachine( 2983): processMsg: ConnectedState
D/HwWifiStateMachine( 2983): processMsg: L2ConnectedState
D/WifiHW  ( 2983): wifi_send_command: cmd:'IFNAME=wlan0 SIGNAL_POLL'
D/wpa_supplicant( 7324): RX ctrl_iface - hexdump(len=11): 53 49 47 4e 41 4c 5f 50 4f 4c 4c
D/wpa_supplicant( 7324): wlan0: Control interface command 'SIGNAL_POLL'
D/wpa_supplicant( 7324): nl80211: survey data missing!
D/wpa_supplicant( 7324): wlan0: RSSI=-56, LINKSPEED=72, NOISE=9999, FREQUENCY=2462
D/WifiHW  ( 2983): wifi_send_command ret=0, len=48
D/HwWifiStateMachine( 2983): handleMessage: X
I/K3V3CpuGovernorPolicy( 4426): close previously scene Hmp policy : 300 , 150
V/SMCSAMSHelper( 2983): SMCSAMSHelper.addSTPEvent: cost 0 ms end.
V/SMCSAMSHelper( 2983): SMCSAMSHelper.smartTrimAddProcessRelation: cost 0 ms end.
V/SMCSAMSHelper( 2983): SMCSAMSHelper.addSTPEvent: cost 0 ms end.
V/SMCSAMSHelper( 2983): SMCSAMSHelper.smartTrimAddProcessRelation: cost 0 ms end.
V/SMCSAMSHelper( 2983): SMCSAMSHelper.addSTPEvent: cost 0 ms end.
V/SMCSAMSHelper( 2983): SMCSAMSHelper.smartTrimAddProcessRelation: cost 0 ms end.
V/SMCSAMSHelper( 2983): SMCSAMSHelper.addSTPEvent: cost 0 ms end.
V/SMCSAMSHelper( 2983): SMCSAMSHelper.smartTrimAddProcessRelation: cost 0 ms end.
V/SMCSAMSHelper( 2983): SMCSAMSHelper.addSTPEvent: cost 0 ms end.
V/SMCSAMSHelper( 2983): SMCSAMSHelper.smartTrimAddProcessRelation: cost 0 ms end.
D/PowerManagerService( 2983): userActivityNoUpdateLocked: eventTime=32513000, event=2, flags=0x0, uid=1000
D/PowerManagerNotifier( 2983): onUserActivity: event=2, uid=1000
D/PowerManagerService( 2983): updateUserActivitySummaryLocked: mWakefulness=Awake, mUserActivitySummary=0x1, nextTimeout=32537000 (in 23998 ms)
D/PowerManagerService( 2983): updateScreenStateLocked: mDisplayReady=true, newScreenState=2, mWakefulness=1, mWakeLockSummary=0x0, mUserActivitySummary=0x1, mBootCompleted=true
D/PowerManagerService( 2983): handleSandman: canDream=false, mWakefulness=Awake
I/K3V3CpuGovernorPolicy( 4426): set scene Hmp policy : 300 , 150
I/ActivityManager( 2983): START u0 {act=android.intent.action.MAIN cat=[android.intent.category.LAUNCHER] flg=0x10200000 cmp=com.jqh.kklive/.widget.LoginActivity bnds=[12,657][276,936]} from pid 5790
V/HwWindowManagerService( 2983): moveTaskToTop mTaskChanged:true
D/PowerManagerService( 2983): acquireWakeLockInternal: lock=1126436128, flags=0x1, tag="ActivityManager-Launch", ws=null, uid=1000, pid=2983
D/PowerManagerNotifier( 2983): onWakeLockAcquired: flags=1, tag="ActivityManager-Launch", packageName=android, ownerUid=1000, ownerPid=2983, workSource=null
D/SupplicantHeartBeat( 2983): handleMessage: E msg.what=999903
D/SupplicantHeartBeat( 2983): processMsg: HeartAckState
D/WifiHW  ( 2983): wifi_send_command: cmd:'IFNAME=wlan0 HEART_BEAT CHECK'
D/wpa_supplicant( 7324): RX ctrl_iface - hexdump(len=16): 48 45 41 52 54 5f 42 45 41 54 20 43 48 45 43 4b
D/wpa_supplicant( 7324): wlan0: Control interface command 'HEART_BEAT CHECK'
I/wpa_supplicant( 7324): wlan0: HEART-BEAT-ACK: 2154
D/wpa_supplicant( 7324): CTRL_IFACE monitor send - hexdump(len=40): 2f 64 61 74 61 2f 6d 69 73 63 2f 77 69 66 69 2f 73 6f 63 6b 65 74 73 2f 77 70 61 5f 63 74 72 6c ...
D/WifiHW  ( 2983): wifi ctrl recv res=0, nread=36
D/WifiHW  ( 2983): wifi_send_command ret=0, len=21
D/HwWifiStateMachine( 2983): handleMessage: E msg.what=147506
D/HwWifiStateMachine( 2983): processMsg: ConnectedState
D/HwWifiStateMachine( 2983): processMsg: L2ConnectedState
D/HwWifiStateMachine( 2983): processMsg: ConnectModeState
D/HwWifiStateMachine( 2983): processMsg: DriverStartedState
D/HwWifiStateMachine( 2983): processMsg: SupplicantStartedState
D/HwWifiStateMachine( 2983): handleMessage: X
D/SupplicantHeartBeat( 2983): transitionTo: destState=WaitingHeartAckState
D/SupplicantHeartBeat( 2983): handleMessage: new destination call exit/enter
D/SupplicantHeartBeat( 2983): setupTempStateStackWithStatesToEnter: X mTempStateStackCount=1,curStateInfo: state=EnterSupplicantStarted,active=true,parent=DefaultState
D/SupplicantHeartBeat( 2983): invokeExitMethods: HeartAckState
D/SupplicantHeartBeat( 2983): moveTempStackToStateStack: i=0,j=2
D/SupplicantHeartBeat( 2983): moveTempStackToStateStack: X mStateStackTop=2,startingIndex=2,Top=WaitingHeartAckState
D/SupplicantHeartBeat( 2983): invokeEnterMethods: WaitingHeartAckState
D/SupplicantHeartBeat( 2983): handleMessage: X
D/SupplicantHeartBeat( 2983): handleMessage: E msg.what=147506
D/SupplicantHeartBeat( 2983): processMsg: WaitingHeartAckState
D/SupplicantHeartBeat( 2983): transitionTo: destState=HeartAckState
D/SupplicantHeartBeat( 2983): handleMessage: new destination call exit/enter
D/SupplicantHeartBeat( 2983): setupTempStateStackWithStatesToEnter: X mTempStateStackCount=1,curStateInfo: state=EnterSupplicantStarted,active=true,parent=DefaultState
D/SupplicantHeartBeat( 2983): invokeExitMethods: WaitingHeartAckState
D/SupplicantHeartBeat( 2983): moveTempStackToStateStack: i=0,j=2
I/HwLauncher( 5790): Launcher onPause()
D/MotionDetectionManager( 5790): stopMotionAppsReco motionApps: 402
D/PowerManagerService( 2983): updateWakeLockSummaryLocked: mWakefulness=Awake, mWakeLockSummary=0x1
D/PowerManagerService( 2983): updateScreenStateLocked: mDisplayReady=true, newScreenState=2, mWakefulness=1, mWakeLockSummary=0x1, mUserActivitySummary=0x1, mBootCompleted=true
D/PowerManagerService( 2983): Acquiring suspend blocker "PowerManagerService.WakeLocks".
V/HwWindowManagerService( 2983): setFocusedApp update app ops, mTaskChanged set to:false
D/MotionDetectionManager( 5790): stopMotionAppsReco not recognition motionApps 402
W/HwLauncher( 5790): Launcher.MotionManager failed to stop TYPE_SHAKE_CHANGE_WALLPAPER
D/MotionDetectionManager( 5790): stopMotionAppsReco motionApps: 404
D/MotionDetectionManager( 5790): stopMotionAppsReco not recognition motionApps 404
W/HwLauncher( 5790): Launcher.MotionManager failed to stop TYPE_SHAKE_START_PRIVACY
D/SupplicantHeartBeat( 2983): moveTempStackToStateStack: X mStateStackTop=2,startingIndex=2,Top=HeartAckState
D/SupplicantHeartBeat( 2983): invokeEnterMethods: HeartAckState
D/SupplicantHeartBeat( 2983): handleMessage: X
D/KeyguardViewMediator( 3843): setHidden false
D/KeyguardUpdateMonitor( 3843): sendKeyguardVisibilityChanged(true)
D/KeyguardUpdateMonitor( 3843): handleKeyguardVisibilityChanged(1)
D/KeyguardViewMediator( 3843): setHidden false
D/KeyguardUpdateMonitor( 3843): sendKeyguardVisibilityChanged(true)
D/KeyguardUpdateMonitor( 3843): handleKeyguardVisibilityChanged(1)
D/dalvikvm( 1421): Late-enabling CheckJNI
I/ActivityManager( 2983): Start proc com.jqh.kklive for activity com.jqh.kklive/.widget.LoginActivity: pid=1421 uid=10100 gids={50100, 3003, 1028, 1015}
D/PowerManagerService( 2983): handleSandman: canDream=false, mWakefulness=Awake
D/KeyguardViewMediator( 3843): setHidden false
D/KeyguardUpdateMonitor( 3843): sendKeyguardVisibilityChanged(true)
D/KeyguardUpdateMonitor( 3843): handleKeyguardVisibilityChanged(1)
D/dalvikvm( 2414): GC_EXPLICIT freed 44K, 4% free 27156K/28096K, paused 4ms+2ms, total 37ms
I/HwLauncher( 5790): Launcher onStop()
E/HwLauncher( 5790): Launcher dialog dismiss failed : java.lang.IllegalArgumentException: no dialog with id 1 was ever shown via Activity#showDialog
I/HwLauncher( 5790): Launcher dynamicIconsUnregister
I/HwLauncher( 5790): DynamicUpdater unregisterReceiver
V/SMCSAMSHelper( 2983): SMCSAMSHelper.addSTPEvent: cost 0 ms end.
V/SMCSAMSHelper( 2983): SMCSAMSHelper.smartTrimProcessPackageResume: cost time 1 ms end.
D/KeyguardViewMediator( 3843): setHidden false
D/KeyguardUpdateMonitor( 3843): sendKeyguardVisibilityChanged(true)
D/KeyguardUpdateMonitor( 3843): handleKeyguardVisibilityChanged(1)
D/KeyguardViewMediator( 3843): setHidden false
D/KeyguardUpdateMonitor( 3843): sendKeyguardVisibilityChanged(true)
D/KeyguardUpdateMonitor( 3843): handleKeyguardVisibilityChanged(1)
D/KeyguardViewMediator( 3843): setHidden false
D/KeyguardUpdateMonitor( 3843): sendKeyguardVisibilityChanged(true)
D/KeyguardUpdateMonitor( 3843): handleKeyguardVisibilityChanged(1)
I/PhoneStatusBar( 4046): hw_status_bar_operators = true, setSystemUIVisibily(SHOW_OPERATOR = false)
I/HwLauncher( 5790): DynamicIcon onPause  isvisible = true   mAttachedToWindow:true    mWindowVisible:truecom.android.deskclock
I/HwLauncher( 5790): DynamicUpdater unregisterReceiver
D/KeyguardViewMediator( 3843): setHidden false
D/KeyguardUpdateMonitor( 3843): sendKeyguardVisibilityChanged(true)
D/KeyguardUpdateMonitor( 3843): handleKeyguardVisibilityChanged(1)
I/HwLauncher( 5790): DynamicIcon onPause  isvisible = true   mAttachedToWindow:true    mWindowVisible:truecom.android.calendar
I/HwLauncher( 5790): DynamicUpdater unregisterReceiver
I/HwLauncher( 5790): DynamicIcon onPause  isvisible = true   mAttachedToWindow:true    mWindowVisible:truecom.huawei.android.totemweather
I/HwLauncher( 5790): DynamicIcon onVisibilityChanged 4 - com.android.deskclock
I/HwLauncher( 5790): DynamicIcon onVisibilityChanged 4 - com.android.calendar
I/HwLauncher( 5790): DynamicIcon onVisibilityChanged 4 - com.huawei.android.totemweather
D/dalvikvm( 5790): MakeBoost:0x415ff2c8 to 0
D/dalvikvm( 2414): GC_EXPLICIT freed <1K, 4% free 27156K/28096K, paused 1ms+2ms, total 18ms
V/HwSystemManager( 5225): AppLockService:applock password not initial or function is closed
V/HwSystemManager( 5225): AppLockService:applock password not initial or function is closed
I/HwLauncher( 5790): DynamicIcon onWindowVisibilityChanged 8 - com.android.deskclock
I/HwLauncher( 5790): DynamicIcon onWindowVisibilityChanged 8 - com.android.calendar
I/HwLauncher( 5790): DynamicIcon onWindowVisibilityChanged 8 - com.huawei.android.totemweather
D/dalvikvm( 2414): GC_EXPLICIT freed <1K, 4% free 27156K/28096K, paused 2ms+3ms, total 22ms
D/KeyguardViewMediator( 3843): setHidden false
D/KeyguardUpdateMonitor( 3843): sendKeyguardVisibilityChanged(true)
D/KeyguardUpdateMonitor( 3843): handleKeyguardVisibilityChanged(1)
E/cutils  ( 2407): Failed to mkdirat(/storage/sdcard1/Android): Read-only file system
W/ContextImpl( 1421): Failed to ensure directory: /storage/sdcard1/Android/data/com.jqh.kklive/cache
D/DiskLruCacheUtils( 1421): .
D/DiskLruCacheUtils( 1421): :/storage/emulated/0/Android/data/com.jqh.kklive/cache/jcache
D/dalvikvm( 1421): MakeBoost:0x415ff2c8 to 1
D/VoldConnector( 2983): SND -> {199 volume mkdirs /storage/sdcard1/Android/data/com.jqh.kklive/cache/}
W/Vold    ( 2407): Returning OperationFailed - no handler for errno 30
D/VoldConnector( 2983): RMV <- {400 199 volume operation failed (Read-only file system)}
V/HwPolicyFactory( 1421): : success to get AllImpl object and return....
V/HwWidgetFactory( 1421): : successes to get AllImpl object and return....
I/dalvikvm( 1421): Could not find method android.view.Window$Callback.onProvideKeyboardShortcuts, referenced from method android.support.v7.view.WindowCallbackWrapper.onProvideKeyboardShortcuts
W/dalvikvm( 1421): VFY: unable to resolve interface method 18301: Landroid/view/Window$Callback;.onProvideKeyboardShortcuts (Ljava/util/List;Landroid/view/Menu;I)V
D/dalvikvm( 1421): VFY: replacing opcode 0x72 at 0x0002
W/dalvikvm( 1421): VFY: unable to find class referenced in signature (Landroid/view/SearchEvent;)
I/dalvikvm( 1421): Could not find method android.view.Window$Callback.onSearchRequested, referenced from method android.support.v7.view.WindowCallbackWrapper.onSearchRequested
W/dalvikvm( 1421): VFY: unable to resolve interface method 18303: Landroid/view/Window$Callback;.onSearchRequested (Landroid/view/SearchEvent;)Z
D/dalvikvm( 1421): VFY: replacing opcode 0x72 at 0x0002
I/dalvikvm( 1421): Could not find method android.view.Window$Callback.onWindowStartingActionMode, referenced from method android.support.v7.view.WindowCallbackWrapper.onWindowStartingActionMode
W/dalvikvm( 1421): VFY: unable to resolve interface method 18307: Landroid/view/Window$Callback;.onWindowStartingActionMode (Landroid/view/ActionMode$Callback;I)Landroid/view/ActionMode;
D/dalvikvm( 1421): VFY: replacing opcode 0x72 at 0x0002
I/dalvikvm( 1421): Could not find method android.content.res.TypedArray.getChangingConfigurations, referenced from method android.support.v7.widget.TintTypedArray.getChangingConfigurations
W/dalvikvm( 1421): VFY: unable to resolve virtual method 502: Landroid/content/res/TypedArray;.getChangingConfigurations ()I
D/dalvikvm( 1421): VFY: replacing opcode 0x6e at 0x0002
I/dalvikvm( 1421): Could not find method android.content.res.TypedArray.getType, referenced from method android.support.v7.widget.TintTypedArray.getType
W/dalvikvm( 1421): VFY: unable to resolve virtual method 524: Landroid/content/res/TypedArray;.getType (I)I
D/dalvikvm( 1421): VFY: replacing opcode 0x6e at 0x0008
I/dalvikvm( 1421): Could not find method android.content.res.Resources.getDrawable, referenced from method android.support.v7.widget.ResourcesWrapper.getDrawable
W/dalvikvm( 1421): VFY: unable to resolve virtual method 465: Landroid/content/res/Resources;.getDrawable (ILandroid/content/res/Resources$Theme;)Landroid/graphics/drawable/Drawable;
D/dalvikvm( 1421): VFY: replacing opcode 0x6e at 0x0002
I/dalvikvm( 1421): Could not find method android.content.res.Resources.getDrawableForDensity, referenced from method android.support.v7.widget.ResourcesWrapper.getDrawableForDensity
W/dalvikvm( 1421): VFY: unable to resolve virtual method 467: Landroid/content/res/Resources;.getDrawableForDensity (IILandroid/content/res/Resources$Theme;)Landroid/graphics/drawable/Drawable;
D/dalvikvm( 1421): VFY: replacing opcode 0x6e at 0x0002
E/dalvikvm( 1421): Could not find class 'android.graphics.drawable.RippleDrawable', referenced from method android.support.v7.widget.AppCompatImageHelper.hasOverlappingRendering
W/dalvikvm( 1421): VFY: unable to resolve instanceof 151 (Landroid/graphics/drawable/RippleDrawable;) in Landroid/support/v7/widget/AppCompatImageHelper;
D/dalvikvm( 1421): VFY: replacing opcode 0x20 at 0x000c
I/dalvikvm( 1421): Could not find method android.content.Context.getColorStateList, referenced from method android.support.v7.content.res.AppCompatResources.getColorStateList
W/dalvikvm( 1421): VFY: unable to resolve virtual method 306: Landroid/content/Context;.getColorStateList (I)Landroid/content/res/ColorStateList;
D/dalvikvm( 1421): VFY: replacing opcode 0x6e at 0x0006
D/KeyguardViewMediator( 3843): setHidden false
D/KeyguardUpdateMonitor( 3843): sendKeyguardVisibilityChanged(true)
D/KeyguardUpdateMonitor( 3843): handleKeyguardVisibilityChanged(1)
D/KeyguardViewMediator( 3843): setHidden false
D/KeyguardUpdateMonitor( 3843): sendKeyguardVisibilityChanged(true)
D/KeyguardUpdateMonitor( 3843): handleKeyguardVisibilityChanged(1)
D/mali_winsys( 1421): new_window_surface returns 0x3000
D/OpenGLRenderer( 1421): Enabling debug mode 0
I/ActivityManager( 2983): filter receiver for action = com.kingroot.common.ACTION_TOP_ACTIVITY_CHANGED
I/ActivityManager( 2983): filter receiver for action = com.kingroot.common.ACTION_SWITCH_OUT_DESKTOP
I/ActivityManager( 2983): filter receiver for action = com.kingroot.common.ACTION_TOP_APP_CHANGED
I/ActivityManager( 2983): filter receiver for action = com.kingroot.common.ACTION_NEW_APP_STARTED
W/dalvikvm( 1421): VFY: unable to find class referenced in signature (Ljava/nio/file/Path;)
W/dalvikvm( 1421): VFY: unable to find class referenced in signature ([Ljava/nio/file/OpenOption;)
I/dalvikvm( 1421): Could not find method java.nio.file.Files.newOutputStream, referenced from method okio.Okio.sink
W/dalvikvm( 1421): VFY: unable to resolve static method 24559: Ljava/nio/file/Files;.newOutputStream (Ljava/nio/file/Path;[Ljava/nio/file/OpenOption;)Ljava/io/OutputStream;
D/dalvikvm( 1421): VFY: replacing opcode 0x71 at 0x000a
W/dalvikvm( 1421): VFY: unable to find class referenced in signature (Ljava/nio/file/Path;)
W/dalvikvm( 1421): VFY: unable to find class referenced in signature ([Ljava/nio/file/OpenOption;)
I/dalvikvm( 1421): Could not find method java.nio.file.Files.newInputStream, referenced from method okio.Okio.source
W/dalvikvm( 1421): VFY: unable to resolve static method 24558: Ljava/nio/file/Files;.newInputStream (Ljava/nio/file/Path;[Ljava/nio/file/OpenOption;)Ljava/io/InputStream;
D/dalvikvm( 1421): VFY: replacing opcode 0x71 at 0x000a
D/KeyguardViewMediator( 3843): setHidden false
D/KeyguardUpdateMonitor( 3843): sendKeyguardVisibilityChanged(true)
D/KeyguardUpdateMonitor( 3843): handleKeyguardVisibilityChanged(1)
D/KeyguardViewMediator( 3843): setHidden false
D/KeyguardUpdateMonitor( 3843): sendKeyguardVisibilityChanged(true)
D/KeyguardUpdateMonitor( 3843): handleKeyguardVisibilityChanged(1)
D/KeyguardViewMediator( 3843): setHidden false
D/KeyguardUpdateMonitor( 3843): sendKeyguardVisibilityChanged(true)
D/KeyguardUpdateMonitor( 3843): handleKeyguardVisibilityChanged(1)
D/KeyguardViewMediator( 3843): setHidden false
D/KeyguardUpdateMonitor( 3843): sendKeyguardVisibilityChanged(true)
D/KeyguardUpdateMonitor( 3843): handleKeyguardVisibilityChanged(1)
I/ActivityManager( 2983): START u0 {cmp=com.jqh.kklive/.MainActivity} from pid 1421
V/HwWindowManagerService( 2983): moveTaskToTop mTaskChanged:true
D/KeyguardViewMediator( 3843): setHidden false
D/KeyguardUpdateMonitor( 3843): sendKeyguardVisibilityChanged(true)
D/PowerManagerService( 2983): acquireWakeLockInternal: lock=1126436128, flags=0x1, tag="ActivityManager-Launch", ws=null, uid=1000, pid=2983
D/PowerManagerService( 2983): updateWakeLockSummaryLocked: mWakefulness=Awake, mWakeLockSummary=0x1
D/PowerManagerService( 2983): updateScreenStateLocked: mDisplayReady=true, newScreenState=2, mWakefulness=1, mWakeLockSummary=0x1, mUserActivitySummary=0x1, mBootCompleted=true
V/HwWindowManagerService( 2983): setFocusedApp update app ops, mTaskChanged set to:false
D/KeyguardUpdateMonitor( 3843): handleKeyguardVisibilityChanged(1)
V/SMCSAMSHelper( 2983): SMCSAMSHelper.addSTPEvent: cost 0 ms end.
V/SMCSAMSHelper( 2983): SMCSAMSHelper.smartTrimProcessPackageResume: cost time 0 ms end.
D/KeyguardViewMediator( 3843): setHidden false
D/KeyguardUpdateMonitor( 3843): sendKeyguardVisibilityChanged(true)
D/KeyguardUpdateMonitor( 3843): handleKeyguardVisibilityChanged(1)
D/CubicBezierInterpolator( 2983): CubicBezierInterpolator  mControlPoint1x = 0.45, mControlPoint1y = 0.1, mControlPoint2x = 0.6, mControlPoint2y = 1.0
D/KeyguardViewMediator( 3843): setHidden false
D/KeyguardUpdateMonitor( 3843): sendKeyguardVisibilityChanged(true)
D/KeyguardUpdateMonitor( 3843): handleKeyguardVisibilityChanged(1)
D/KeyguardViewMediator( 3843): setHidden false
D/KeyguardUpdateMonitor( 3843): sendKeyguardVisibilityChanged(true)
D/KeyguardUpdateMonitor( 3843): handleKeyguardVisibilityChanged(1)
D/KeyguardViewMediator( 3843): setHidden false
D/KeyguardUpdateMonitor( 3843): sendKeyguardVisibilityChanged(true)
D/KeyguardUpdateMonitor( 3843): handleKeyguardVisibilityChanged(1)
D/PowerManagerService( 2983): acquireWakeLockInternal: lock=1130455672, flags=0x2000000a, tag="WindowManager", ws=WorkSource{10100}, uid=1000, pid=2983
D/PowerManagerNotifier( 2983): onWakeLockAcquired: flags=536870922, tag="WindowManager", packageName=android, ownerUid=1000, ownerPid=2983, workSource=WorkSource{10100}
