I/DEBUG   ( 2410):     4154b1f0 2e707474 3a72616a 7379732f 2f6d6574  
I/DEBUG   ( 2410):     4154b200 6d617266 726f7765 6f632f6b 6a2d6572  
I/DEBUG   ( 2410):     4154b210 74696e75 72616a2e 79732f3a 6d657473  
I/DEBUG   ( 2410):     4154b220 6172662f 6f77656d 622f6b72 636e756f  
I/DEBUG   ( 2410):     4154b230 73616379 2e656c74 3a72616a 7379732f  
I/DEBUG   ( 2410):     4154b240 2f6d6574 6d617266 726f7765 78652f6b  
I/DEBUG   ( 2410): 
I/DEBUG   ( 2410): memory near r7:
I/DEBUG   ( 2410):     bed7f348 00000000 bed7f370 6d4b8d80 4154b6b8  
I/DEBUG   ( 2410):     bed7f358 bed7f384 6d909d08 4154b6a8 00000004  
I/DEBUG   ( 2410):     bed7f368 6d4b8d88 4156bb90 6d4b8d80 00000001  
I/DEBUG   ( 2410):     bed7f378 765ab8b7 460f4098 43265828 4159c257  
I/DEBUG   ( 2410):     bed7f388 6d4b8d80 765ab8b4 7d0d9229 4154b6b8  
I/DEBUG   ( 2410):     bed7f398 79e2b2d8 400c70f7 c4400019 00000000  
I/DEBUG   ( 2410):     bed7f3a8 415ff7a8 4010538c 4154b6d0 00000040  
I/DEBUG   ( 2410):     bed7f3b8 4154b6d0 415c1c89 4154b6a8 79e2b2d8  
I/DEBUG   ( 2410):     bed7f3c8 00000001 00000008 415fac5c 415c7bb5  
I/DEBUG   ( 2410):     bed7f3d8 00000000 00000003 6d8ee230 6d909d40  
I/DEBUG   ( 2410):     bed7f3e8 00000000 00000001 00000000 415ba13b  
I/DEBUG   ( 2410):     bed7f3f8 00000044 4326cac0 6ec84a8c 4326cac0  
I/DEBUG   ( 2410):     bed7f408 6f279ac3 bed7f44c 0000000f 00000001  
I/DEBUG   ( 2410):     bed7f418 00000002 0000582b bed7f44c 6f279ac3  
I/DEBUG   ( 2410):     bed7f428 00000001 00000001 00000002 6ec84a8c  
I/DEBUG   ( 2410):     bed7f438 000041be 6f529000 00000071 2eed5378  
I/DEBUG   ( 2410): 
I/DEBUG   ( 2410): memory near r8:
I/DEBUG   ( 2410):     5f0ffffc 00000000 00000000 00000000 00000000  
I/DEBUG   ( 2410):     5f10000c 00000000 00000000 00000000 00000000  
I/DEBUG   ( 2410):     5f10001c 00000000 00000000 00000000 00000000  
I/DEBUG   ( 2410):     5f10002c 00000000 00000000 00000000 00000000  
I/DEBUG   ( 2410):     5f10003c 00000000 00000000 00000000 00000000  
I/DEBUG   ( 2410):     5f10004c 00000000 00000000 00000000 00000000  
I/DEBUG   ( 2410):     5f10005c 00000000 00000000 00000000 00000000  
I/DEBUG   ( 2410):     5f10006c 00000000 00000000 00000000 00000000  
I/DEBUG   ( 2410):     5f10007c 00000000 00000000 00000000 00000000  
I/DEBUG   ( 2410):     5f10008c 00000000 00000000 00000000 00000000  
I/DEBUG   ( 2410):     5f10009c 00000000 00000000 00000000 00000000  
I/DEBUG   ( 2410):     5f1000ac 00000000 00000000 00000000 00000000  
I/DEBUG   ( 2410):     5f1000bc 00000000 00000000 00000000 00000000  
I/DEBUG   ( 2410):     5f1000cc 00000000 00000000 00000000 00000000  
I/DEBUG   ( 2410):     5f1000dc 00000000 00000000 00000000 00000000  
I/DEBUG   ( 2410):     5f1000ec 00000000 00000000 00000000 00000000  
I/DEBUG   ( 2410): 
I/DEBUG   ( 2410): memory near r9:
I/DEBUG   ( 2410):     6d4b8d60 00000000 43367ab0 6d4b8d9c 6d4b8d9c  
I/DEBUG   ( 2410):     6d4b8d70 764c446a 6d909d08 00000006 00000000  
I/DEBUG   ( 2410):     6d4b8d80 5f10001d 00000001 6d4b8dbc 764c4486  
I/DEBUG   ( 2410):     6d4b8d90 6d909298 764c446a 00000000 460e9e48  
I/DEBUG   ( 2410):     6d4b8da0 460f4600 00000001 6d4b8de0 764c2a5a  
I/DEBUG   ( 2410):     6d4b8db0 6d9092d8 764c4486 00000000 6d56e9c8  
I/DEBUG   ( 2410):     6d4b8dc0 460e9e48 460f4600 00000001 6d4b8e04  
I/DEBUG   ( 2410):     6d4b8dd0 764c2174 6d909108 764c2a5a 00000000  
I/DEBUG   ( 2410):     6d4b8de0 460e9e48 00000001 460e9b50 460f4600  
I/DEBUG   ( 2410):     6d4b8df0 6d4b8e28 6ee47e94 6d909bf0 764c2174  
I/DEBUG   ( 2410):     6d4b8e00 00000000 460e9b50 460f3dd8 460f4600  
I/DEBUG   ( 2410):     6d4b8e10 460c9ce0 6d4b8e60 6ed409d0 6d9043a0  
I/DEBUG   ( 2410):     6d4b8e20 6ee47e94 00000000 6ef622b6 460f3dd8  
I/DEBUG   ( 2410):     6d4b8e30 00000000 460f4600 460c9ce0 460df4c8  
I/DEBUG   ( 2410):     6d4b8e40 00000000 460c9e20 460df4c8 6d4b8e80  
I/DEBUG   ( 2410):     6d4b8e50 6ef60a94 6d557230 6ed409d0 00000000  
I/DEBUG   ( 2410): 
I/DEBUG   ( 2410): memory near sl:
I/DEBUG   ( 2410):     4154b698 00000000 00000800 6d4b0008 0000045b  
I/DEBUG   ( 2410):     4154b6a8 6ee49ee4 6d4b8d80 6d909298 72d8a000  
I/DEBUG   ( 2410):     4154b6b8 460f45f0 00000000 bed7f4a0 00000000  
I/DEBUG   ( 2410):     4154b6c8 bed7f4f4 00000001 00000000 4156bd00  
I/DEBUG   ( 2410):     4154b6d8 00000000 00000000 6c883070 6d4b3300  
I/DEBUG   ( 2410):     4154b6e8 00000000 00000000 00000001 00006000  
I/DEBUG   ( 2410):     4154b6f8 00000000 4009f154 4156bd00 41570bc0  
I/DEBUG   ( 2410):     4154b708 00000000 41574cbc 41574d30 41574be0  
I/DEBUG   ( 2410):     4154b718 41574c00 41574c5c 00000000 00000000  
I/DEBUG   ( 2410):     4154b728 79e07b50 00000028 00000000 00000000  
I/DEBUG   ( 2410):     4154b738 00000000 00000006 00001fff 415ff9fc  
I/DEBUG   ( 2410):     4154b748 00000000 6d909d40 00000008 718c0e70  
I/DEBUG   ( 2410):     4154b758 00000001 00000080 00000200 00000000  
I/DEBUG   ( 2410):     4154b768 00000002 6ee49ee0 6ee49ee0 00000003  
I/DEBUG   ( 2410):     4154b778 6ee47e72 6d595920 5c8c04e8 86261120  
I/DEBUG   ( 2410):     4154b788 e7e42dc0 357c7429 82760cd6 5c8c04dc  
I/DEBUG   ( 2410): 
I/DEBUG   ( 2410): memory near fp:
I/DEBUG   ( 2410):     460f45f0 460f4098 00000000 00000000 0007081b  
I/DEBUG   ( 2410):     460f4600 41605800 00000000 00070800 00000000  
I/DEBUG   ( 2410):     460f4610 35333332 38383735 39393837 3c3b393a  
I/DEBUG   ( 2410):     460f4620 3b3b3b3d 3d3d3c3c 40403f3e 42414040  
I/DEBUG   ( 2410):     460f4630 43434342 44454543 43454645 49484745  
I/DEBUG   ( 2410):     460f4640 4b4a4a4a 4d4e4d4d 4e4e4e4e 54505150  
I/DEBUG   ( 2410):     460f4650 55565553 58585757 5d5c5d5a 61615e60  
I/DEBUG   ( 2410):     460f4660 66656361 6b696866 706d6d6c 7272706f  
I/DEBUG   ( 2410):     460f4670 76747473 77767775 7a797878 7c7d7b7b  
I/DEBUG   ( 2410):     460f4680 807e7d7d 8080807f 81818080 84838281  
I/DEBUG   ( 2410):     460f4690 84848484 86868684 87878686 88888886  
I/DEBUG   ( 2410):     460f46a0 88878887 89898988 8a898988 89898989  
I/DEBUG   ( 2410):     460f46b0 898a898a 8989898a 8a898a8a 8a898989  
I/DEBUG   ( 2410):     460f46c0 898b898a 88898989 84858788 7c7f8082  
I/DEBUG   ( 2410):     460f46d0 7074767a 65696d6f 5a5e6163 4d515456  
I/DEBUG   ( 2410):     460f46e0 3c41454a 2b2f3439 1f212529 1416191c  
I/DEBUG   ( 2410): 
I/DEBUG   ( 2410): memory near sp:
I/DEBUG   ( 2410):     bed7f2b0 7fcb4020 2eed5378 7da54e2b 7dd1eab4  
I/DEBUG   ( 2410):     bed7f2c0 4154b170 7d0d92bb 7d0d95d0 0005fa00  
I/DEBUG   ( 2410):     bed7f2d0 00000085 415dec81 00000000 760690b8  
I/DEBUG   ( 2410):     bed7f2e0 00000000 00000000 00000000 760690b8  
I/DEBUG   ( 2410):     bed7f2f0 00000000 00000000 00000000 78010001  
I/DEBUG   ( 2410):     bed7f300 78c8ce70 bed7f31c 00000007 4042bc55  
I/DEBUG   ( 2410):     bed7f310 78c8b1b8 4042bf55 bed7f334 00000001  
I/DEBUG   ( 2410):     bed7f320 4154b170 5f10001d 460e9e4c 460e9e48  
I/DEBUG   ( 2410):     bed7f330 00000000 2eed5378 42960000 00000000  
I/DEBUG   ( 2410):     bed7f340 00000000 00000000 00000000 bed7f370  
I/DEBUG   ( 2410):     bed7f350 6d4b8d80 4154b6b8 bed7f384 6d909d08  
I/DEBUG   ( 2410):     bed7f360 4154b6a8 00000004 6d4b8d88 4156bb90  
I/DEBUG   ( 2410):     bed7f370 6d4b8d80 00000001 765ab8b7 460f4098  
I/DEBUG   ( 2410):     bed7f380 43265828 4159c257 6d4b8d80 765ab8b4  
I/DEBUG   ( 2410):     bed7f390 7d0d9229 4154b6b8 79e2b2d8 400c70f7  
I/DEBUG   ( 2410):     bed7f3a0 c4400019 00000000 415ff7a8 4010538c  
I/DEBUG   ( 2410): 
I/DEBUG   ( 2410): code around pc:
I/DEBUG   ( 2410):     7d0d92f0 68087010 290269c1 4abfdb1c 447a2100  
I/DEBUG   ( 2410):     7d0d9300 68c36812 44586980 eb00689b 440b0041  
I/DEBUG   ( 2410):     7d0d9310 70587880 68c36810 44586980 eb00685b  
I/DEBUG   ( 2410):     7d0d9320 440b0041 705878c0 68101c8b 69c53101  
I/DEBUG   ( 2410):     7d0d9330 dbe642ab 210068c4 6521a2b1 64616901  
I/DEBUG   ( 2410):     7d0d9340 64a16941 9800e9d0 f8d949ac 44790000  
I/DEBUG   ( 2410):     7d0d9350 f8d99011 90120028 f8d92003 f78f602c  
I/DEBUG   ( 2410):     7d0d9360 48aeebde 68004478 e02c6800 24006830  
I/DEBUG   ( 2410):     7d0d9370 f8d04641 46305300 4988e0dd 2003a288  
I/DEBUG   ( 2410):     7d0d9380 f78f4479 488aebcc 44784a8a 6800447a  
I/DEBUG   ( 2410):     7d0d9390 68016812 f8c168c9 6801b000 68cc6810  
I/DEBUG   ( 2410):     7d0d93a0 17d36ec2 2322e9c4 9800e9d1 1000f8d9  
I/DEBUG   ( 2410):     7d0d93b0 f8d99111 91121028 602cf8d9 2100e003  
I/DEBUG   ( 2410):     7d0d93c0 91112400 25009112 5508e9c0 f78f3008  
I/DEBUG   ( 2410):     7d0d93d0 a817ed50 95162100 ec00f78f ab164890  
I/DEBUG   ( 2410):     7d0d93e0 5a17e9dd 44784622 68006800 0108f100  
I/DEBUG   ( 2410): 
I/DEBUG   ( 2410): code around lr:
I/DEBUG   ( 2410):     7d0d9298 447848cc 68286805 698268c1 46596808  
I/DEBUG   ( 2410):     7d0d92a8 ebd2f78f a2c86828 69834621 f78f2003  
I/DEBUG   ( 2410):     7d0d92b8 48cdec32 68014478 68096828 6e8968c4  
I/DEBUG   ( 2410):     7d0d92c8 e9c417ca 69c11222 db302901 698049c7  
I/DEBUG   ( 2410):     7d0d92d8 68a24479 f81b6809 70100000 68c26808  
I/DEBUG   ( 2410):     7d0d92e8 44586980 78406852 68087010 290269c1  
I/DEBUG   ( 2410):     7d0d92f8 4abfdb1c 447a2100 68c36812 44586980  
I/DEBUG   ( 2410):     7d0d9308 eb00689b 440b0041 70587880 68c36810  
I/DEBUG   ( 2410):     7d0d9318 44586980 eb00685b 440b0041 705878c0  
I/DEBUG   ( 2410):     7d0d9328 68101c8b 69c53101 dbe642ab 210068c4  
I/DEBUG   ( 2410):     7d0d9338 6521a2b1 64616901 64a16941 9800e9d0  
I/DEBUG   ( 2410):     7d0d9348 f8d949ac 44790000 f8d99011 90120028  
I/DEBUG   ( 2410):     7d0d9358 f8d92003 f78f602c 48aeebde 68004478  
I/DEBUG   ( 2410):     7d0d9368 e02c6800 24006830 f8d04641 46305300  
I/DEBUG   ( 2410):     7d0d9378 4988e0dd 2003a288 f78f4479 488aebcc  
I/DEBUG   ( 2410):     7d0d9388 44784a8a 6800447a 68016812 f8c168c9  
I/DEBUG   ( 2410): 
I/DEBUG   ( 2410): memory map around fault addr 46166000:
I/DEBUG   ( 2410):     41604000-43166000 rw- /dev/ashmem/dalvik-zygote (deleted)
I/DEBUG   ( 2410):     43166000-461d7000 rw- /dev/ashmem/dalvik-heap (deleted)
I/DEBUG   ( 2410):     461d7000-464ee000 --- /dev/ashmem/dalvik-heap (deleted)
I/BootReceiver( 2983): Copying /data/tombstones/tombstone_08 to DropBox (SYSTEM_TOMBSTONE)
D/PushAVStream( 1421): push --- video options end 
W/ActivityManager( 2983):   Force finishing activity com.jqh.kklive/.widget.WatcherActivity
D/PowerManagerService( 2983): acquireWakeLockInternal: lock=1126436128, flags=0x1, tag="ActivityManager-Launch", ws=null, uid=1000, pid=2983
D/PowerManagerService( 2983): updateWakeLockSummaryLocked: mWakefulness=Awake, mWakeLockSummary=0x1
D/PowerManagerService( 2983): updateScreenStateLocked: mDisplayReady=true, newScreenState=2, mWakefulness=1, mWakeLockSummary=0x1, mUserActivitySummary=0x1, mBootCompleted=true
W/ActivityManager( 2983):   Force finishing activity com.jqh.kklive/.MainActivity
V/HwWindowManagerService( 2983): moveTaskToTop mTaskChanged:true
V/HwWindowManagerService( 2983): setFocusedApp update app ops, mTaskChanged set to:false
D/dalvikvm( 1421): GC_FOR_ALLOC freed 7719K, 13% free 68147K/77644K, paused 16ms, total 16ms
W/ActivityManager( 2983): Skipping native crash dialog of ProcessRecord{438aa278 1421:com.jqh.kklive/u0a100}
I/logserver( 2425): Object Path:/data/system/dropbox/, mask=0x00000080
I/logserver( 2425): event->len=48, name=data_app_native_crash@1518342790893.txt.gz
I/logserver( 2425): process_one_event, can not find this event(data_app_native_crash@1518342790893.txt.gz)
I/logserver( 2425): clean_cur_cache:962, system(rm -r /data/log/logcache/17106720/* > /dev/null 2>&1)
D/PowerManagerService( 2983): handleSandman: canDream=false, mWakefulness=Awake
E/PushAVStream( 1421): [libx264 @ 0x78c90c10] frame=  61 QP=39.00 NAL=2 Slice:P Poc:2   I:234  P:827  SKIP:469  size=15569 bytes
D/PushAVStream( 1421): push --- time1=18446744072546.835938 time2=18446744072546.898438  diff = 0.062500
D/PushAVStream( 1421): test3
D/PushAVStream( 1421): avcodec_encode_video2 result=1
D/PushAVStream( 1421): index:134,ji:1,pts:8866,dts:8866,duration:66,time_base:1,1000 cal:0,time_base_q:1,1000000 fsize:0.000000
D/PushAVStream( 1421): count3 0 134
D/PushAVStream( 1421): push --- audio 
E/PushAVStream( 1421): [adpcm_swf @ 0x7c411990] AVFrame.width or height is not set
D/PushAVStream( 1421): push --- time1=18446744072546.898438 time2=18446744072546.898438  diff = 0.000000
D/PushAVStream( 1421): test3
D/PushAVStream( 1421): avcodec_encode_video2 result=1
D/PushAVStream( 1421): index:135,ji:0,pts:8933,dts:8933,duration:66,time_base:1,1000 cal:0,time_base_q:1,1000000 fsize:1024.000000
D/PushAVStream( 1421): count3 0 135
D/PushAVStream( 1421): push --- video 
D/PushAVStream( 1421): push --- video memcpy end 391680
I/logserver( 2425): Object Path:/data/system/dropbox/, mask=0x00000080
I/logserver( 2425): event->len=48, name=SYSTEM_TOMBSTONE@1518342790930.txt.gz
I/logserver( 2425): find_first_match: find match, plogs(type=1, pfile=/data/system/dropbox/, match=TOMBSTONE)
I/logserver( 2425): is_only_tombstone, tombstone type force close.
I/logserver( 2425): move_dir:src_path=/data/log/dbox/appdbg/logcache
I/logserver( 2425): move_dir:dst_path=/data/log/logcache/17106720/
I/logserver( 2425): is_all_ready, any file is ready in non-keyfile exception.
I/logserver( 2425): find_correspond_tombstone, tombs=/data/tombstones/tombstone_08
I/logserver( 2425): extract_appname, forward search, appname=com.jqh.kklive
I/logserver( 2425): is_only_tombstone, tombstone type force close.
I/logserver( 2425): archive_and_send, only tombstone.
I/logserver( 2425): get_fault_appname, appname=com.jqh.kklive
I/logserver( 2425): archive_and_send, pos=0, type=crash, output=20180211175310_tombstone
I/logserver( 2425): ---copy_match_files enter!!--
I/logserver( 2425): [copy_match_files,829]: copy [/data/system/dropbox/SYSTEM_TOMBSTONE@1518342790930.txt.gz] to [/data/log/logcache/17106720/SYSTEM_TOMBSTONE@1518342790930.txt.gz]
I/logserver( 2425): internal_archive, argc=7
I/logserver( 2425): get_fault_appname, appname=com.jqh.kklive
I/logserver( 2425): handle_archive_exception, argc=7
I/logserver( 2425): get alarm time = 77483 (sec.)!
I/logserver( 2425): log_apr_add_record open file:/data/log/apr/H60-L11_V100R001CHNC00B317_7N2TDM155V008242_20180210122241_statistics
I/logserver( 2425): move_input_files, create dir [/data/log/unzip/H60-L11_V100R001CHNC00B317_7N2TDM155V008242_20180211175310_tombstone]
I/logserver( 2425): copy_file_to_dir, /data/log/logcache/17106720/data_app_native_crash@1518342790893.txt.gz -> /data/log/unzip/H60-L11_V100R001CHNC00B317_7N2TDM155V008242_20180211175310_tombstone
I/logserver( 2425): copy_file_to_dir, /data/log/logcache/17106720/SYSTEM_TOMBSTONE@1518342790930.txt.gz -> /data/log/unzip/H60-L11_V100R001CHNC00B317_7N2TDM155V008242_20180211175310_tombstone
I/logserver( 2425): copy_file_to_dir, /data/log/logcache/17106720/finger.txt -> /data/log/unzip/H60-L11_V100R001CHNC00B317_7N2TDM155V008242_20180211175310_tombstone
I/logserver( 2425): init_notify_fifo, before change /data/log/logcontrol owner
I/logserver( 2425): Process 4620 opening FIFO for O_WRONLY
I/logserver( 2425): Process 4620 opened fifo(20)
I/logserver( 2425): notify_logcontrol, 4620 sent /data/log/unzip/H60-L11_V100R001CHNC00B317_7N2TDM155V008242_20180211175310_tombstone 
I/logserver( 2425): thread_logcontrol, select ret = 1
I/logserver( 2425): check_dir_size, dir[/data/log/coredump/] doesn't exist
I/logserver( 2425): clean_cur_cache:962, system(rm -r /data/log/logcache/17106720/* > /dev/null 2>&1)
I/logserver( 2425): handle_notify_event, read res = 324, client pid = 4620, data=/data/log/unzip/H60-L11_V100R001CHNC00B317_7N2TDM155V008242_20180211175310_tombstone
I/logserver( 2425): build_notify_string,ModuleName = com.jqh.kklive
I/logserver( 2425): build_notify_string,product name = H60-L11
I/logserver( 2425): handle_notify_event, send msg [submit:trigger=0,bugtype=12,modulename=com.jqh.kklive,level=1,testtype=NORMAL,path=/data/log/unzip/H60-L11_V100R001CHNC00B317_7N2TDM155V008242_20180211175310_tombstone;]
I/logserver( 2425): send_to_client, send to (19) res = 168
E/SubmitMessage( 4361): Submit string: submit:trigger=0,bugtype=12,modulename=com.jqh.kklive,level=1,testtype=NORMAL,path=/data/log/unzip/H60-L11_V100R001CHNC00B317_7N2TDM155V008242_20180211175310_tombstone
D/SubmitMessage( 4361): testTypeInFile is NORMAL
D/LogCollectService( 4361): msg = 101 received
D/LogCollectService( 4361): Log Message received.submit:trigger=0,bugtype=12,modulename=com.jqh.kklive,level=1,testtype=NORMAL,path=/data/log/unzip/H60-L11_V100R001CHNC00B317_7N2TDM155V008242_20180211175310_tombstone,mDuplicateFlag=false
D/LogBase ( 4361): SYSTEM_TOMBSTONE@1518342790930.txt.gz
I/logserver( 2425): Object Path:/data/log/apr/, mask=0x00000008
I/logserver( 2425): event->len=80, name=H60-L11_V100R001CHNC00B317_7N2TDM155V008242_20180210122241_statistics
I/logserver( 2425): process_one_event, can not find this event(H60-L11_V100R001CHNC00B317_7N2TDM155V008242_20180210122241_statistics)
I/logserver( 2425): clean_cur_cache:962, system(rm -r /data/log/logcache/17106720/* > /dev/null 2>&1)
D/LogFilter( 4361): LogSummaryInfo: {apkName, com.jqh.kklive }{reason, SIGSEGV }{stack, #00  pc 000ed310  /data/app-lib/com.jqh.kklive-2/libffmpegjni.so (Java_com_jqh_jmedia_JMediaJni_flushStreamData+231) }{stackFuzzy, #00  pc 000ed310  /data/app-lib/com.jqh.kklive-2/libffmpegjni.so (Java_com_jqh_jmedia_JMediaJni_flushStreamData+231),#01  pc 0001eb8c  /system/lib/libdvm.so (dvmPlatformInvoke+112),#02  pc 0004f253  /system/lib/libdvm.so (dvmCallJNIMethod(unsigned int const*, JValue*, Method const*, Thread*)+398),#03  pc 00027fa0  /system/lib/libdvm.so,#04  pc 0002f110  /system/lib/libdvm.so (dvmMterpStd(Thread*)+76),#05  pc 0002c774  /system/lib/libdvm.so (dvmInterpret(Thread*, Method const*, JValue*)+184),#06  pc 000619e9  /system/lib/libdvm.so (dvmInvokeMethod(Object*, Method const*, ArrayObject*, ArrayObject*, ClassObject*, bool)+392),#07  pc 00069af7  /system/lib/libdvm.so,#08  pc 00027fa0  /system/lib/libdvm.so,#09  pc 0002f110  /system/lib/libdvm.so (dvmMterpStd(Thread*)+76),#10  pc 0002c774  /system/lib/libdvm.so (dvmInterpret(Thread*, Method const*, JValue*)+184),#11  pc 00061705  /system/lib/libdvm.so (dvmCallMethodV(Thread*, Method const*, Object*, bool, JValue*, std::__va_list)+336),#12  pc 0004ae1b  /system/lib/libdvm.so,#13  pc 00050547  /system/lib/libandroid_runtime.so,#14  pc 000512d3  /system/lib/libandroid_runtime.so (android::AndroidRuntime::start(char const*, char const*)+386),#15  pc 0000105b  /system/bin/app_process,#16  pc 0000e5e7  /system/lib/libc.so (__libc_init+50),#17  pc 00000d7c  /system/bin/app_process }
D/dalvikvm( 4361): GC_CONCURRENT freed 2061K, 17% free 27544K/33184K, paused 3ms+2ms, total 23ms
D/dalvikvm( 4361): WAIT_FOR_CONCURRENT_GC blocked 19ms
D/dalvikvm( 4361): GC_FOR_ALLOC freed 1K, 11% free 29587K/33184K, paused 16ms, total 16ms
D/dalvikvm( 4361): GC_CONCURRENT freed <1K, 6% free 31514K/33184K, paused 3ms+3ms, total 21ms
W/CameraService( 2417): Disconnecting camera client 0xb8c841f0 since the binder for it died (this pid 2417)
I/CameraHardwareCore( 2417): [CAMERA_EVENT] stop Preview
I/PostBufferThread( 2417): close camera, there are 0 frames in PostBufferThread!
I/        ( 2417): [CAMERA]enter ispv3_af_auto_focus: flag: 0, focus state:0, focus_mode:6, result:0
E/        ( 2417): [CAMERA]ispv3_auto_focus param error!
I/        ( 2417): [CAMERA]enter ispv3_af_focus_withdraw, focus thread exit!!
I/        ( 2417): [CAMERA]enter ispv3_stop_preview, flow[0]
I/        ( 2417): [CAMERA]enter ispv3_dynamic_fps, fps_action:0
I/        ( 2417): [CAMERA]exit ispv3_dynamic_fps_thread, ###########
D/HwSystemManager( 5225): BgPowerManagerService:onProcessDied uid = 10100
I/ActivityManager( 2983): Process com.jqh.kklive (pid 1421) has died.
I/ActivityManager( 2983): restoreDTSAndHSState success!unknown
I/        ( 2417): [CAMERA]ispv3_stop_preview_cmdset, 325. flow[0]
I/HuaweiPreprocessing( 2417): PreprocessingFx_Command: EFFECT_CMD_DISABLE
V/AudioPolicyManagerBase( 2417): setEffectEnabled(false) total CPU 0
V/AudioPolicyManagerBase( 2417): unregisterEffect() effect Huawei Audio Preprocessing Effect, ID 123, memory 0 total memory 0
I/audio_hw_primary( 2417): get_mic_by_policy : get mic by scene = 5
D/KeyguardViewMediator( 3843): setHidden false
D/KeyguardUpdateMonitor( 3843): sendKeyguardVisibilityChanged(true)
D/KeyguardUpdateMonitor( 3843): handleKeyguardVisibilityChanged(1)
D/KeyguardViewMediator( 3843): setHidden false
D/KeyguardUpdateMonitor( 3843): sendKeyguardVisibilityChanged(true)
D/KeyguardUpdateMonitor( 3843): handleKeyguardVisibilityChanged(1)
D/KeyguardViewMediator( 3843): setHidden false
D/KeyguardUpdateMonitor( 3843): sendKeyguardVisibilityChanged(true)
I/WindowState( 2983): WIN DEATH: Window{436f3e08 u0 com.jqh.kklive/com.jqh.kklive.MainActivity}
I/WindowState( 2983): WIN DEATH: Window{43769bf8 u0 com.jqh.kklive/com.jqh.kklive.widget.WatcherActivity}
D/KeyguardUpdateMonitor( 3843): handleKeyguardVisibilityChanged(1)
D/KeyguardViewMediator( 3843): setHidden false
D/KeyguardUpdateMonitor( 3843): sendKeyguardVisibilityChanged(true)
D/KeyguardUpdateMonitor( 3843): handleKeyguardVisibilityChanged(1)
I/WindowState( 2983): WIN DEATH: Window{43772390 u0 SurfaceView}
D/Zygote  ( 2414): Process 1421 terminated by signal (11)
V/SMCSAMSHelper( 2983): SMCSAMSHelper.addSTPEvent: cost 0 ms end.
V/SMCSAMSHelper( 2983): SMCSAMSHelper.smartTrimProcessPackageResume: cost time 0 ms end.
D/KeyguardViewMediator( 3843): setHidden false
D/KeyguardUpdateMonitor( 3843): sendKeyguardVisibilityChanged(true)
D/KeyguardUpdateMonitor( 3843): handleKeyguardVisibilityChanged(1)
I/HwLauncher( 5790): DynamicIcon onWindowVisibilityChanged 4 - com.android.deskclock
I/HwLauncher( 5790): DynamicIcon onWindowVisibilityChanged 4 - com.android.calendar
I/HwLauncher( 5790): DynamicIcon onWindowVisibilityChanged 4 - com.huawei.android.totemweather
D/KeyguardViewMediator( 3843): setHidden false
D/KeyguardUpdateMonitor( 3843): sendKeyguardVisibilityChanged(true)
D/KeyguardUpdateMonitor( 3843): handleKeyguardVisibilityChanged(1)
D/PowerManagerService( 2983): releaseWakeLockInternal: lock=1135938080 [AudioIn], flags=0x0
D/PowerManagerNotifier( 2983): onWakeLockReleased: flags=1, tag="AudioIn", packageName=media, ownerUid=1013, ownerPid=2417, workSource=WorkSource{10100}
D/PowerManagerService( 2983): updateWakeLockSummaryLocked: mWakefulness=Awake, mWakeLockSummary=0x1
D/PowerManagerService( 2983): updateScreenStateLocked: mDisplayReady=true, newScreenState=2, mWakefulness=1, mWakeLockSummary=0x1, mUserActivitySummary=0x1, mBootCompleted=true
D/PowerManagerService( 2983): acquireWakeLockInternal: lock=1137459320, flags=0x1, tag="AudioIn", ws=null, uid=1013, pid=2417
D/PowerManagerNotifier( 2983): onWakeLockAcquired: flags=1, tag="AudioIn", packageName=media, ownerUid=1013, ownerPid=2417, workSource=null
D/PowerManagerService( 2983): updateWakeLockSummaryLocked: mWakefulness=Awake, mWakeLockSummary=0x1
D/PowerManagerService( 2983): updateScreenStateLocked: mDisplayReady=true, newScreenState=2, mWakefulness=1, mWakeLockSummary=0x1, mUserActivitySummary=0x1, mBootCompleted=true
V/HwSystemManager( 5225): AppLockService:applock password not initial or function is closed
I/HwLauncher( 5790): Launcher onStart()
I/HwLauncher( 5790): Launcher dynamicIconsRegister
I/HwLauncher( 5790): DynamicUpdater registerReceiver
D/PowerManagerService( 2983): releaseWakeLockInternal: lock=1137459320 [AudioIn], flags=0x0
D/PowerManagerNotifier( 2983): onWakeLockReleased: flags=1, tag="AudioIn", packageName=media, ownerUid=1013, ownerPid=2417, workSource=null
D/PowerManagerService( 2983): updateWakeLockSummaryLocked: mWakefulness=Awake, mWakeLockSummary=0x1
D/PowerManagerService( 2983): updateScreenStateLocked: mDisplayReady=true, newScreenState=2, mWakefulness=1, mWakeLockSummary=0x1, mUserActivitySummary=0x1, mBootCompleted=true
D/PowerManagerService( 2983): acquireWakeLockInternal: lock=1136629248, flags=0x1, tag="AudioIn", ws=null, uid=1013, pid=2417
D/PowerManagerNotifier( 2983): onWakeLockAcquired: flags=1, tag="AudioIn", packageName=media, ownerUid=1013, ownerPid=2417, workSource=null
D/PowerManagerService( 2983): updateWakeLockSummaryLocked: mWakefulness=Awake, mWakeLockSummary=0x1
D/PowerManagerService( 2983): updateScreenStateLocked: mDisplayReady=true, newScreenState=2, mWakefulness=1, mWakeLockSummary=0x1, mUserActivitySummary=0x1, mBootCompleted=true
W/AudioPolicyManagerBase( 2417): unregisterEffect() unknown effect ID 123
W/AudioFlinger( 2417): removeEffect_l() 0xb8bda1f0 cannot promote chain for effect 0xb8e73020
W/AudioPolicyManagerBase( 2417): unregisterEffect() unknown effect ID 123
I/HuaweiPreprocessing( 2417): PreprocessingLib_Release
I/HuaweiPreprocessing_dump_adp( 2417): algo_release
I/HuaweiPreprocessing_hdr_adp( 2417): algo_release
I/HuaweiPreprocessing_rnr_adp( 2417): algo_release
I/HwLauncher( 5790): DynamicUpdater call updateFolder
I/HwLauncher( 5790): DynamicIcon onResume  isvisible = false   mAttachedToWindow:true    mWindowVisible:falsecom.android.deskclock
I/HwLauncher( 5790): DynamicUpdater registerReceiver
I/HuaweiPreprocessing_ldr_adp( 2417): algo_release
I/HuaweiPreprocessing_wnr_adp( 2417): algo_release
I/HuaweiPreprocessing_stereo_enhancement_adp( 2417): algo_release
I/HuaweiPreprocessing_dump_adp( 2417): algo_release
I/HwLauncher( 5790): DynamicUpdater call updateFolder
I/HwLauncher( 5790): DynamicIcon onResume  isvisible = false   mAttachedToWindow:true    mWindowVisible:falsecom.android.calendar
I/HwLauncher( 5790): DynamicUpdater registerReceiver
D/PowerManagerService( 2983): releaseWakeLockInternal: lock=1136629248 [AudioIn], flags=0x0
D/PowerManagerNotifier( 2983): onWakeLockReleased: flags=1, tag="AudioIn", packageName=media, ownerUid=1013, ownerPid=2417, workSource=null
D/PowerManagerService( 2983): updateWakeLockSummaryLocked: mWakefulness=Awake, mWakeLockSummary=0x1
D/PowerManagerService( 2983): updateScreenStateLocked: mDisplayReady=true, newScreenState=2, mWakefulness=1, mWakeLockSummary=0x1, mUserActivitySummary=0x1, mBootCompleted=true
I/HwLauncher( 5790): DynamicUpdater call updateFolder
I/HwLauncher( 5790): WeatherDynamicUpdaterpositiveUpdate at WeatherDynamicUpdater
I/HwLauncher( 5790): DynamicIcon onResume  isvisible = false   mAttachedToWindow:true    mWindowVisible:falsecom.huawei.android.totemweather
I/HwLauncher( 5790): Launcher onResume()
I/HwLauncher( 5790): Launcher doResumeWork()
V/SMCSAMSHelper( 2983): SMCSAMSHelper.addSTPEvent: cost 0 ms end.
V/SMCSAMSHelper( 2983): SMCSAMSHelper.smartTrimAddProcessRelation: cost 0 ms end.
D/MotionDetectionManager( 5790): startMotionAppsReco motionApps: 402
V/SMCSAMSHelper( 2983): SMCSAMSHelper.addSTPEvent: cost 0 ms end.
V/SMCSAMSHelper( 2983): SMCSAMSHelper.smartTrimAddProcessRelation: cost 0 ms end.
I/ActivityThread( 5790): com.huawei.android.launcher query other app provider, pkg:com.huawei.motionservice uid:10022
D/MRUtils ( 5790): getMotionEnableState enabled: 1
I/        ( 2417): [CAMERA]cmdset_done_hander enter, cmdset_done_id 0x2
I/        ( 2417): [CAMERA]COMMAND_FINISHED, cmdid[2]
I/        ( 2417): [CAMERA]enter ispv3_stat_close
I/CameraPreviewCore( 2417): [CAMERA_EVENT] thread [PreviewThread] terminated
I/IppExecuter( 2417): [CAMERA_EVENT] thread [IppExecuterThread] terminated
I/IppExecuterThread( 2417): [CAMERA_EVENT] thread [IppExecuterThread] destructed
I/IppExecuter( 2417): [CAMERA_EVENT] IppExecuter destructed
I/        ( 2417): [CAMERA]enter k3_buffer_init_queue
I/        ( 2417): [CAMERA]enter k3_buffer_init
I/WindowMemAllocator( 2417): enter deallocate()
I/WindowMemAllocator( 2417): enter deallocate()
E/BufferQueue( 2412): [SurfaceView] cancelBuffer: slot 1 is not owned by the client (state=0)
I/WindowMemAllocator( 2417): enter deallocate()
E/BufferQueue( 2412): [SurfaceView] cancelBuffer: slot 2 is not owned by the client (state=3)
I/WindowMemAllocator( 2417): enter deallocate()
I/WindowMemAllocator( 2417): enter deallocate()
I/WindowMemAllocator( 2417): enter deallocate()
I/WindowMemAllocator( 2417): enter deallocate()
I/WindowMemAllocator( 2417): enter deallocate()
E/BufferQueue( 2412): [SurfaceView] cancelBuffer: slot 0 is not owned by the client (state=0)
E/BufferQueue( 2412): [SurfaceView] cancelBuffer: slot 1 is not owned by the client (state=0)
E/BufferQueue( 2412): [SurfaceView] cancelBuffer: slot 2 is not owned by the client (state=3)
E/BufferQueue( 2412): [SurfaceView] cancelBuffer: slot 3 is not owned by the client (state=0)
E/BufferQueue( 2412): [SurfaceView] cancelBuffer: slot 4 is not owned by the client (state=0)
E/BufferQueue( 2412): [SurfaceView] cancelBuffer: slot 5 is not owned by the client (state=0)
E/BufferQueue( 2412): [SurfaceView] cancelBuffer: slot 6 is not owned by the client (state=0)
E/BufferQueue( 2412): [SurfaceView] cancelBuffer: slot 7 is not owned by the client (state=0)
I/PreviewThread( 2417): [CAMERA_EVENT] thread [PreviewThread] destructed
I/CameraPreviewCore( 2417): [CAMERA_STATE] change state from [RUNNING]->[READY]
I/FocusManager( 2417): auto focus already stoped!
I/CameraHardwareCore( 2417): [CAMERA_EVENT] cancel snapshot
I/CameraPreviewCore( 2417): [CAMERA_EVENT] release preview resource
I/        ( 2417): [CAMERA]enter k3_buffer_init_queue
I/        ( 2417): [CAMERA]enter k3_buffer_init
I/CameraPreviewCore( 2417): [CAMERA_EVENT] set camera preview display window[0x0]
I/CameraPreviewCore( 2417): [CAMERA_STATE] change state from [READY]->[IDLE]
I/CameraClient( 2417): Destroying camera 0
I/CameraPreviewCore( 2417): [CAMERA_EVENT] CameraPreviewCore destructed
I/PostBufferThread( 2417): [HWA] exit of mExit is true 2
D/MRUtils ( 5790): getMotionEnableState enabled: 0
W/MotionDetectionManager( 5790): startMotionAppsReco motionApps: 402 disabled
W/HwLauncher( 5790): Launcher.MotionManager failed to start TYPE_SHAKE_CHANGE_WALLPAPER
I/HwLauncher( 5790): Launcher.MotionManager startShakeMotion mIsShakeInHome=true
D/MotionDetectionManager( 5790): startMotionAppsReco motionApps: 404
I/JpegEncoderThread( 2417): enter freeOutBuffers ()
I/JpegEncoderThread( 2417): [CAMERA_EVENT] thread [JpegEncoderThread] destructed
I/SnapshotCore( 2417): [CAMERA_EVENT] thread [PostBufferThread] terminated
I/PostBufferThread( 2417): [HWA] thread [PostBufferThread] destructed
I/SnapshotCore( 2417): [CAMERA_EVENT] SnapshotCore destructed
I/IppCore ( 2417): [CAMERA_EVENT] IppCore destructed
V/IppThirdPartAlgo( 2417): enter ~IppThirdPartAlgo()
I/SingleAutoFocusThread( 2417): [CAMERA_EVENT] thread [autofocus-thread] destructed
I/ContinuousAutoFocusThread( 2417): [CAMERA_EVENT] thread [continuous-autofocus-thread] destructed
E/FocusManager( 2417): enter stopGsensorStatCollect()
D/PowerManagerService( 2983): handleSandman: canDream=false, mWakefulness=Awake
D/dalvikvm( 4361): GC_FOR_ALLOC freed 4131K, 17% free 28895K/34456K, paused 10ms, total 10ms
D/dalvikvm( 4361): GC_FOR_ALLOC freed 0K, 11% free 30943K/34456K, paused 9ms, total 9ms
I/GsensorStatCollectThread( 2417): [CAMERA_EVENT] thread [gsensor-statcollect-thread] destructed
D/CameraCracker( 2417): ===========================================
D/CameraCracker( 2417): [   preview  ]frames:153   time:5036ms   fps:30.40
D/CameraCracker( 2417): [   render   ]frames:150   time:4937ms   fps:37.25
D/CameraCracker( 2417): [tiny stream ]frames:0   time:1000ms   fps:4294967295.00
D/CameraCracker( 2417): ===========================================
I/CameraMsgQueue( 2417): stop msg queue thread now!
I/CameraMsgQueue( 2417): [CAMERA_EVENT] thread [MsgQueueThread] destructed
I/        ( 2417): [CAMERA]enter close_camera_dev
I/        ( 2417): [CAMERA]enter k3_camdrv_close
I/        ( 2417): [CAMERA]enter ispv3_metadata_clean
I/        ( 2417): [CAMERA]enter ispv3_metadata_clean, meta_process_state is done
I/        ( 2417): [CAMERA]exit ispv3_metadata_clean
I/        ( 2417): [CAMERA]enter ispv3_af_auto_focus: flag: 0, focus state:0, focus_mode:6, result:0
E/        ( 2417): [CAMERA]ispv3_auto_focus param error!
I/        ( 2417): [CAMERA]ispv3_deinit_focus
I/        ( 2417): [CAMERA]ispv3_deinit_flash, 1024.
D/dalvikvm(22657): GC_EXPLICIT freed 139K, 4% free 27257K/28308K, paused 3ms+6ms, total 30ms
D/MRUtils ( 5790): getMotionEnableState enabled: 1
I/        ( 2417): [CAMERA]k3_sensor_unload dlclose libcamera_sensor.so.
I/        ( 2417): [CAMERA]enter ispv3_isr_stop
I/        ( 2417): [CAMERA]read from pipe: Stop Thread.
I/        ( 2417): [CAMERA]exit thread
I/        ( 2417): [CAMERA]ispv3_base_release: instance freed
I/        ( 2417): 
I/        ( 2417): [CAMERA]thread:cam_logu_poll_thd exit
I/CameraHardwareCore( 2417): [CAMERA_EVENT] close camera device
I/HwAlgorithmicInformation( 2417): HwAlgorithmicInformation destruction
I/CameraHardwareCore( 2417): [CAMERA_EVENT] CameraHardwareCore destructed
I/PostMediaServerThread( 2417): need to call back 0 frame to app!
I/PostMediaServerThread( 2417): post media server thread start, threadLoop()
D/dalvikvm( 4361): GC_CONCURRENT freed 0K, 9% free 31514K/34456K, paused 3ms+6ms, total 24ms
D/SensorHub( 2983): Channel activate-> handle: 0, enabled:0, err: 0
D/MRUtils ( 5790): getMotionEnableState enabled: 0
W/MotionDetectionManager( 5790): startMotionAppsReco motionApps: 404 disabled
W/HwLauncher( 5790): Launcher.MotionManager failed to start TYPE_SHAKE_START_PRIVACY
I/HwLauncher( 5790): Launcher changeNaviBarStatus
D/HwLauncher( 5790): LauncherApplication   setAccessibilityManager: isTouchExplorationEnable = false 
W/HwLauncher( 5790): Launcher  updateMarginLayoutParamsForView:the target view is null.
I/HwLauncher( 5790): Launcher  onResume mIsToUninstallApp = false
D/KeyguardViewMediator( 3843): setHidden false
D/KeyguardUpdateMonitor( 3843): sendKeyguardVisibilityChanged(true)
D/KeyguardUpdateMonitor( 3843): handleKeyguardVisibilityChanged(1)
I/HwLauncher( 5790): DynamicIcon onVisibilityChanged 0 - com.android.deskclock
I/HwLauncher( 5790): DynamicIcon onVisibilityChanged 0 - com.android.calendar
I/HwLauncher( 5790): DynamicIcon onVisibilityChanged 0 - com.huawei.android.totemweather
D/SettingsProvider( 2983): AppName: system
D/SettingsProvider( 2983): method:PUT_system||request:navigationbar_is_min||newValue:0
I/HwLauncher( 5790): DynamicIcon onWindowVisibilityChanged 0 - com.android.deskclock
I/HwLauncher( 5790): DynamicIcon onWindowVisibilityChanged 0 - com.android.calendar
I/HwLauncher( 5790): DynamicIcon onWindowVisibilityChanged 0 - com.huawei.android.totemweather
I/PhoneStatusBar( 4046): hw_status_bar_operators = true, setSystemUIVisibily(SHOW_OPERATOR = false)
D/KeyguardViewMediator( 3843): setHidden false
D/KeyguardUpdateMonitor( 3843): sendKeyguardVisibilityChanged(true)
D/KeyguardUpdateMonitor( 3843): handleKeyguardVisibilityChanged(1)
D/mali_winsys( 5790): new_window_surface returns 0x3000
I/HwLauncher( 5790): WeatherDynamicUpdaterreceive action = com.huawei.android.action.launcher_weather_icon_change
I/HwLauncher( 5790): WeatherDynamicUpdaterreceiver data is int[] = [0, 0, 30, 0, 74, 0, 118, 0]
I/HwLauncher( 5790):  stringArray[] [sunny, negative, num1, tempc]
W/InputMethodManagerService( 2983): Got RemoteException sending setActive(false) notification to pid 1421 uid 10100
W/Binder  ( 4298): Caught a RuntimeException from the binder stub implementation.
W/Binder  ( 4298): java.lang.NullPointerException
W/Binder  ( 4298): 	at android.inputmethodservice.IInputMethodWrapper.setSessionEnabled(IInputMethodWrapper.java:280)
W/Binder  ( 4298): 	at com.android.internal.view.IInputMethod$Stub.onTransact(IInputMethod.java:129)
W/Binder  ( 4298): 	at android.os.Binder.execTransact(Binder.java:404)
W/Binder  ( 4298): 	at dalvik.system.NativeStart.run(Native Method)
W/System.err( 4298): java.lang.NullPointerException
W/System.err( 4298): 	at android.inputmethodservice.IInputMethodWrapper.setSessionEnabled(IInputMethodWrapper.java:280)
W/System.err( 4298): 	at com.android.internal.view.IInputMethod$Stub.onTransact(IInputMethod.java:129)
W/System.err( 4298): 	at android.os.Binder.execTransact(Binder.java:404)
W/System.err( 4298): 	at dalvik.system.NativeStart.run(Native Method)
I/ActivityManager( 2983): filter receiver for action = com.kingroot.common.ACTION_TOP_ACTIVITY_CHANGED
I/ActivityManager( 2983): filter receiver for action = com.kingroot.common.ACTION_SWITCH_IN_DESKTOP
I/ActivityManager( 2983): filter receiver for action = com.kingroot.common.ACTION_TOP_APP_CHANGED
D/LogInfoDBManager( 4361): isLogInfoExist id = -1
D/LogInfoDBManager( 4361): insertLogInfo id = 18
I/LogsInDoneDirManger( 4361): putLogInfo: values = log_name=H60-L11_V100R001CHNC00B317_7N2TDM155V008242_20180211175310_tombstone bug_type=tombstone bug_detail_info=#00  pc 000ed310  /data/app-lib/com.jqh.kklive-2/libffmpegjni.so (Java_com_jqh_jmedia_JMediaJni_flushStreamData+231);#01  pc 0001eb8c  /system/lib/libdvm.so (dvmPlatformInvoke+112);#02  pc 0004f253  /system/lib/libdvm.so (dvmCallJNIMethod(unsigned int const*, JValue*, Method const*, Thread*)+398);#03  pc 00027fa0  /system/lib/libdvm.so;#04  pc 0002f110  /system/lib/libdvm.so (dvmMterpStd(Thread*)+76);#05  pc 0002c774  /system/lib/libdvm.so (dvmInterpret(Thread*, Method const*, JValue*)+184);#06  pc 000619e9  /system/lib/libdvm.so (dvmInvokeMethod(Object*, Method const*, ArrayObject*, ArrayObject*, ClassObject*, bool)+392);#07  pc 00069af7  /system/lib/libdvm.so;#08  pc 00027fa0  /system/lib/libdvm.so;#09  pc 0002f110  /system/lib/libdvm.so (dvmMterpStd(Thread*)+76);#10  pc 0002c774  /system/lib/libdvm.so (dvmInterpret(Thread*, Method const*, JValue*)+184);#11  pc 00061705  /system/lib/libdvm.so (dvmCallMethodV(Thread*, Method const*, Object*, bool, JValue*, std::__va_list)+336);#12  pc 0004ae1b  /system/lib/libdvm.so;#13  pc 00050547  /system/lib/libandroid_runtime.so;#14  pc 000512d3  /system/lib/libandroid_runtime.so (android::AndroidRuntime::start(char const*, char const*)+386);#15  pc 0000105b  /system/bin/app_process;#16  pc 0000e5e7  /system/lib/libc.so (__libc_init+50);#17  pc 00000d7c  /system/bin/app_process; version_number=null module_name=com.jqh.kklive time_stamp=20180211175310 size=0 test_mode=NORMAL
D/LogDatabase( 4361): addMertricLogMessageFolder message:submit:trigger=0,bugtype=12,modulename=com.jqh.kklive,level=1,testtype=NORMAL,path=/data/log/unzip/H60-L11_V100R001CHNC00B317_7N2TDM155V008242_20180211175310_tombstone,mDuplicateFlag=false
D/LogDatabase( 4361): msg = 7 received
D/LogDatabase( 4361): Handler Thread:com.huawei.lcagent.service.LogDatabase
D/LogDatabase( 4361): handleAddSubmitMessage messagesubmit:trigger=0,bugtype=12,modulename=com.jqh.kklive,level=1,testtype=NORMAL,path=/data/log/unzip/H60-L11_V100R001CHNC00B317_7N2TDM155V008242_20180211175310_tombstone,mDuplicateFlag=false
D/LogDatabase( 4361): addFileInDirectory method
D/KeyguardViewMediator( 3843): setHidden false
D/KeyguardUpdateMonitor( 3843): sendKeyguardVisibilityChanged(true)
D/KeyguardUpdateMonitor( 3843): handleKeyguardVisibilityChanged(1)
D/PowerManagerService( 2983): releaseWakeLockInternal: lock=1126436128 [ActivityManager-Launch], flags=0x0
D/PowerManagerNotifier( 2983): onWakeLockReleased: flags=1, tag="ActivityManager-Launch", packageName=android, ownerUid=1000, ownerPid=2983, workSource=null
D/PowerManagerService( 2983): updateWakeLockSummaryLocked: mWakefulness=Awake, mWakeLockSummary=0x1
D/KeyguardViewMediator( 3843): setHidden false
D/KeyguardUpdateMonitor( 3843): sendKeyguardVisibilityChanged(true)
D/PowerManagerService( 2983): updateScreenStateLocked: mDisplayReady=true, newScreenState=2, mWakefulness=1, mWakeLockSummary=0x1, mUserActivitySummary=0x1, mBootCompleted=true
D/KeyguardUpdateMonitor( 3843): handleKeyguardVisibilityChanged(1)
D/KeyguardViewMediator( 3843): setHidden false
D/KeyguardUpdateMonitor( 3843): sendKeyguardVisibilityChanged(true)
D/KeyguardUpdateMonitor( 3843): handleKeyguardVisibilityChanged(1)
I/PhoneStatusBar( 4046): hw_status_bar_operators = true, setSystemUIVisibily(SHOW_OPERATOR = false)
D/KeyguardViewMediator( 3843): setHidden false
D/KeyguardUpdateMonitor( 3843): sendKeyguardVisibilityChanged(true)
D/KeyguardUpdateMonitor( 3843): handleKeyguardVisibilityChanged(1)
I/LogsInDoneDirManger( 4361): putLogZipInfo: zipName = Stabilization_H60-L11_V100R001CHNC00B317_RlQ$BfwyHBqWBnxqvvBdnqiYQuibYhUcP2csZCt9cSE=_20180211175310_tombstone_NORMAL.zip, size = 13934
D/KeyguardViewMediator( 3843): setHidden false
D/KeyguardUpdateMonitor( 3843): sendKeyguardVisibilityChanged(true)
D/KeyguardUpdateMonitor( 3843): handleKeyguardVisibilityChanged(1)
D/LogCountContentProvider( 4361): update
I/LogCountContentProvider( 4361): logs_in_done_dirisLogCountExist
I/LogCountContentProvider( 4361): logs_in_done_dir, contents_id
I/LogCountContentProvider( 4361): update: _id=18
D/PowerManagerService( 2983): handleSandman: canDream=false, mWakefulness=Awake
D/LogServiceSetting( 4361): checkAutoUpload
D/LogServiceSetting( 4361): Sim is not ready, do not submit
I/LogServiceSetting( 4361): checkMemorydumpByPath: filePath is /storage/emulated/legacy/bugreports/ramdump
D/LogCollectService( 4361): msg = 15 received
I/LogServiceSetting( 4361): CheckMemorydumpByPath: /storage/emulated/legacy/bugreports/ramdumpis not exist.
I/LogServiceSetting( 4361): checkMemorydumpByPath: filePath is /storage/sdcard1/bugreports/ramdump
I/LogServiceSetting( 4361): CheckMemorydumpByPath: /storage/sdcard1/bugreports/ramdumpis not exist.
D/LogCollectService( 4361): handleCheckRootDirSize size = 19608473
D/LogCollectService( 4361): msg = 32 received
D/LogCollectService( 4361): handleCheckUploadingFiles
I/PackageLogInfoManager( 4361): checkPackageLogState
E/PackageLogInfoManager( 4361): checkPackageLogState, cr: android.app.ContextImpl$ApplicationContentResolver@4317dd48, packageNames: null
D/dalvikvm( 4361): GC_CONCURRENT freed 6113K, 21% free 27435K/34456K, paused 3ms+3ms, total 26ms
D/KeyguardViewMediator( 3843): setHidden false
D/KeyguardUpdateMonitor( 3843): sendKeyguardVisibilityChanged(true)
D/KeyguardUpdateMonitor( 3843): handleKeyguardVisibilityChanged(1)
D/KeyguardViewMediator( 3843): setHidden false
D/KeyguardUpdateMonitor( 3843): sendKeyguardVisibilityChanged(true)
D/KeyguardUpdateMonitor( 3843): handleKeyguardVisibilityChanged(1)
D/KeyguardViewMediator( 3843): setHidden false
D/KeyguardUpdateMonitor( 3843): sendKeyguardVisibilityChanged(true)
D/KeyguardUpdateMonitor( 3843): handleKeyguardVisibilityChanged(1)
D/WifiController( 2983): handleMessage: E msg.what=155652
D/WifiController( 2983): processMsg: DeviceActiveState
D/WifiController( 2983): processMsg: StaEnabledState
D/WifiController( 2983): processMsg: DefaultState
D/WifiController( 2983): handleMessage: X
D/KeyguardUpdateMonitor( 3843): received broadcast android.intent.action.BATTERY_CHANGED
V/UsbDeviceManager( 2983): mBatteryChangedReceiver plugType is 2
D/WifiController( 2983): battery changed pluggedType: 2
D/PowerManagerService( 2983): updateIsPoweredLocked: wasPowered=true, mIsPowered=true, oldPlugType=2, mPlugType=2, mBatteryLevel=100
D/KeyguardUpdateMonitor( 3843): handleBatteryUpdate
D/HwPowerMonitor.Utils( 4396): ScrOff setChargingState mIsCharging = true
D/HwSystemManager( 5225): BgPowerManagerService:BgPowerManagerSerivce plugged =2 currentThreshold = 8 mRawLevel = 100mLastRawLevel100
D/BgPowerManagerService( 5225):  mTimes = 299488 firstTime = 77185404 firstmBatteryCapacity =2988
D/PowerManagerService( 2983): handleSandman: canDream=false, mWakefulness=Awake
D/HwWifiStateMachine( 2983): handleMessage: E msg.what=131155
D/HwWifiStateMachine( 2983): processMsg: ConnectedState
D/HwWifiStateMachine( 2983): processMsg: L2ConnectedState
D/WifiHW  ( 2983): wifi_send_command: cmd:'IFNAME=wlan0 SIGNAL_POLL'
D/wpa_supplicant( 7324): RX ctrl_iface - hexdump(len=11): 53 49 47 4e 41 4c 5f 50 4f 4c 4c
D/wpa_supplicant( 7324): wlan0: Control interface command 'SIGNAL_POLL'
D/wpa_supplicant( 7324): nl80211: survey data missing!
D/wpa_supplicant( 7324): wlan0: RSSI=-53, LINKSPEED=72, NOISE=9999, FREQUENCY=2462
D/WifiHW  ( 2983): wifi_send_command ret=0, len=48
D/HwWifiStateMachine( 2983): handleMessage: X
E/Thermal-daemon( 2423): [flash_led] temp_new :31  temp_old :30
E/Thermal-daemon( 2423): [ap] temp_new :35  temp_old :34
D/HwWifiStateMachine( 2983): handleMessage: E msg.what=131155
D/HwWifiStateMachine( 2983): processMsg: ConnectedState
D/HwWifiStateMachine( 2983): processMsg: L2ConnectedState
D/WifiHW  ( 2983): wifi_send_command: cmd:'IFNAME=wlan0 SIGNAL_POLL'
D/wpa_supplicant( 7324): RX ctrl_iface - hexdump(len=11): 53 49 47 4e 41 4c 5f 50 4f 4c 4c
D/wpa_supplicant( 7324): wlan0: Control interface command 'SIGNAL_POLL'
D/wpa_supplicant( 7324): nl80211: survey data missing!
D/wpa_supplicant( 7324): wlan0: RSSI=-55, LINKSPEED=72, NOISE=9999, FREQUENCY=2462
D/WifiHW  ( 2983): wifi_send_command ret=0, len=48
D/HwWifiStateMachine( 2983): handleMessage: X
D/PowerManagerService( 2983): releaseWakeLockInternal: lock=1142139320 [AudioMix], flags=0x0
D/PowerManagerNotifier( 2983): onWakeLockReleased: flags=1, tag="AudioMix", packageName=media, ownerUid=1013, ownerPid=2417, workSource=null
D/PowerManagerService( 2983): updateWakeLockSummaryLocked: mWakefulness=Awake, mWakeLockSummary=0x0
D/PowerManagerService( 2983): updateScreenStateLocked: mDisplayReady=true, newScreenState=2, mWakefulness=1, mWakeLockSummary=0x0, mUserActivitySummary=0x1, mBootCompleted=true
D/PowerManagerService( 2983): Releasing suspend blocker "PowerManagerService.WakeLocks".
D/PowerManagerService( 2983): handleSandman: canDream=false, mWakefulness=Awake
E/Thermal-daemon( 2423): [ap] temp_new :34  temp_old :35
E/Thermal-daemon( 2423): Report temperature: [ap] temp :34  report_threshold:1
D/ThermalStateManager( 4426): Thermal type: 0 cur_temperature:34
D/HwWifiStateMachine( 2983): handleMessage: E msg.what=131155
D/HwWifiStateMachine( 2983): processMsg: ConnectedState
D/HwWifiStateMachine( 2983): processMsg: L2ConnectedState
D/WifiHW  ( 2983): wifi_send_command: cmd:'IFNAME=wlan0 SIGNAL_POLL'
D/wpa_supplicant( 7324): RX ctrl_iface - hexdump(len=11): 53 49 47 4e 41 4c 5f 50 4f 4c 4c
D/wpa_supplicant( 7324): wlan0: Control interface command 'SIGNAL_POLL'
D/wpa_supplicant( 7324): nl80211: survey data missing!
D/wpa_supplicant( 7324): wlan0: RSSI=-56, LINKSPEED=72, NOISE=9999, FREQUENCY=2462
D/WifiHW  ( 2983): wifi_send_command ret=0, len=48
D/HwWifiStateMachine( 2983): handleMessage: X
D/SupplicantHeartBeat( 2983): handleMessage: E msg.what=999903
D/SupplicantHeartBeat( 2983): processMsg: HeartAckState
D/WifiHW  ( 2983): wifi_send_command: cmd:'IFNAME=wlan0 HEART_BEAT CHECK'
D/wpa_supplicant( 7324): RX ctrl_iface - hexdump(len=16): 48 45 41 52 54 5f 42 45 41 54 20 43 48 45 43 4b
D/wpa_supplicant( 7324): wlan0: Control interface command 'HEART_BEAT CHECK'
I/wpa_supplicant( 7324): wlan0: HEART-BEAT-ACK: 2155
D/wpa_supplicant( 7324): CTRL_IFACE monitor send - hexdump(len=40): 2f 64 61 74 61 2f 6d 69 73 63 2f 77 69 66 69 2f 73 6f 63 6b 65 74 73 2f 77 70 61 5f 63 74 72 6c ...
D/WifiHW  ( 2983): wifi_send_command ret=0, len=21
D/WifiHW  ( 2983): wifi ctrl recv res=0, nread=36
D/SupplicantHeartBeat( 2983): transitionTo: destState=WaitingHeartAckState
D/SupplicantHeartBeat( 2983): handleMessage: new destination call exit/enter
D/HwWifiStateMachine( 2983): handleMessage: E msg.what=147506
D/HwWifiStateMachine( 2983): processMsg: ConnectedState
D/SupplicantHeartBeat( 2983): setupTempStateStackWithStatesToEnter: X mTempStateStackCount=1,curStateInfo: state=EnterSupplicantStarted,active=true,parent=DefaultState
D/HwWifiStateMachine( 2983): processMsg: L2ConnectedState
D/SupplicantHeartBeat( 2983): invokeExitMethods: HeartAckState
D/HwWifiStateMachine( 2983): processMsg: ConnectModeState
D/SupplicantHeartBeat( 2983): moveTempStackToStateStack: i=0,j=2
D/SupplicantHeartBeat( 2983): moveTempStackToStateStack: X mStateStackTop=2,startingIndex=2,Top=WaitingHeartAckState
D/HwWifiStateMachine( 2983): processMsg: DriverStartedState
D/SupplicantHeartBeat( 2983): invokeEnterMethods: WaitingHeartAckState
D/HwWifiStateMachine( 2983): processMsg: SupplicantStartedState
D/HwWifiStateMachine( 2983): handleMessage: X
D/SupplicantHeartBeat( 2983): handleMessage: X
D/SupplicantHeartBeat( 2983): handleMessage: E msg.what=147506
D/SupplicantHeartBeat( 2983): processMsg: WaitingHeartAckState
D/SupplicantHeartBeat( 2983): transitionTo: destState=HeartAckState
D/SupplicantHeartBeat( 2983): handleMessage: new destination call exit/enter
D/SupplicantHeartBeat( 2983): setupTempStateStackWithStatesToEnter: X mTempStateStackCount=1,curStateInfo: state=EnterSupplicantStarted,active=true,parent=DefaultState
D/SupplicantHeartBeat( 2983): invokeExitMethods: WaitingHeartAckState
D/SupplicantHeartBeat( 2983): moveTempStackToStateStack: i=0,j=2
D/SupplicantHeartBeat( 2983): moveTempStackToStateStack: X mStateStackTop=2,startingIndex=2,Top=HeartAckState
D/SupplicantHeartBeat( 2983): invokeEnterMethods: HeartAckState
D/SupplicantHeartBeat( 2983): handleMessage: X
V/UsbDeviceManager( 2983): power_state is false usb_state is false
D/WifiController( 2983): handleMessage: E msg.what=155652
D/WifiController( 2983): processMsg: DeviceActiveState
D/WifiController( 2983): processMsg: StaEnabledState
D/WifiController( 2983): processMsg: DefaultState
D/WifiController( 2983): handleMessage: X
D/WifiController( 2983): battery changed pluggedType: 2
D/KeyguardUpdateMonitor( 3843): received broadcast android.intent.action.BATTERY_CHANGED
D/KeyguardUpdateMonitor( 3843): handleBatteryUpdate
V/UsbDeviceManager( 2983): mBatteryChangedReceiver plugType is 2
D/PowerManagerService( 2983): updateIsPoweredLocked: wasPowered=true, mIsPowered=true, oldPlugType=2, mPlugType=2, mBatteryLevel=100
D/HwPowerMonitor.Utils( 4396): ScrOff setChargingState mIsCharging = true
D/HwSystemManager( 5225): BgPowerManagerService:BgPowerManagerSerivce plugged =2 currentThreshold = 8 mRawLevel = 100mLastRawLevel100
D/BgPowerManagerService( 5225):  mTimes = 307917 firstTime = 77185404 firstmBatteryCapacity =2988
