D/CubicBezierInterpolator( 2983): CubicBezierInterpolator  mControlPoint1x = 0.45, mControlPoint1y = 0.1, mControlPoint2x = 0.6, mControlPoint2y = 1.0
I/        ( 2417): [CAMERA]ispv3_dynamic_fps_thread, focus is running, can't change frame rate
I/HuaweiPreprocessing_hdr_adp( 2417): algo_get_parameter: key = Enable
I/HuaweiPreprocessing( 2417): PreprocessingFx_Process: algorithm RNR is processing
I/AudioRecord(11897): sendStateChangedIntent, state=3
I/AudioService( 2983): sendAudioRecordStateChangedIntentAudioRecord 3 11897
I/Choreographer(11897): Skipped 233 frames!  The application may be doing too much work on its main thread.
I/        ( 2417): [CAMERA]ispv3_dynamic_fps_thread, focus is running, can't change frame rate
D/PushAVStream(11897): count3 0 0
D/PushAVStream(11897): push --- audio 
E/PushAVStream(11897): [adpcm_swf @ 0x7a8829c0] AVFrame.width or height is not set
D/PushAVStream(11897): push --- time1=18446744072238.140625 time2=18446744072238.140625  diff = 0.000000
D/PushAVStream(11897): test3
D/PushAVStream(11897): avcodec_encode_video2 result=1
D/PushAVStream(11897): index:1,ji:0,pts:0,dts:0,duration:66,time_base:1,1000 cal:0,time_base_q:1,1000000 fsize:1024.000000
I/        ( 2417): [CAMERA]ispv3_dynamic_fps_thread, focus is running, can't change frame rate
D/PushAVStream(11897): count3 0 1
D/PushAVStream(11897): push --- audio 
E/PushAVStream(11897): [adpcm_swf @ 0x7a8829c0] AVFrame.width or height is not set
D/PushAVStream(11897): push --- time1=18446744072238.179688 time2=18446744072238.179688  diff = 0.000000
D/PushAVStream(11897): test3
D/PushAVStream(11897): avcodec_encode_video2 result=1
D/PushAVStream(11897): index:2,ji:0,pts:66,dts:66,duration:66,time_base:1,1000 cal:0,time_base_q:1,1000000 fsize:1024.000000
D/SupplicantHeartBeat( 2983): handleMessage: E msg.what=999904
D/SupplicantHeartBeat( 2983): processMsg: HeartAckState
D/SupplicantHeartBeat( 2983): processMsg: EnterSupplicantStarted
D/SupplicantHeartBeat( 2983): processMsg: DefaultState
D/SupplicantHeartBeat( 2983): handleMessage: X
I/        ( 2417): [CAMERA]ispv3_dynamic_fps_thread, focus is running, can't change frame rate
I/ActivityManager( 2983): Displayed com.jqh.kklive/.widget.WatcherActivity: +5s122ms (total +4m34s543ms)
D/AndroidRuntime(11897): Shutting down VM
W/dalvikvm(11897): threadid=1: thread exiting with uncaught exception (group=0x41613c50)
D/JankManagerService( 2413): START_APP: JL_APP_LAUNCHING_END and JL_APP_LAUNCHING_BEGIN too long| span:274539  | log2:2018-02-10 21:31:07.780,log1:2018-02-10 21:26:33.240
E/AndroidRuntime(11897): FATAL EXCEPTION: main
E/AndroidRuntime(11897): Process: com.jqh.kklive, PID: 11897
E/AndroidRuntime(11897): java.lang.NullPointerException
E/AndroidRuntime(11897): 	at com.jqh.kklive.widget.WatcherActivity$4$1.run(WatcherActivity.java:148)
E/AndroidRuntime(11897): 	at android.os.Handler.handleCallback(Handler.java:733)
E/AndroidRuntime(11897): 	at android.os.Handler.dispatchMessage(Handler.java:95)
E/AndroidRuntime(11897): 	at android.os.Looper.loop(Looper.java:136)
E/AndroidRuntime(11897): 	at android.app.ActivityThread.main(ActivityThread.java:5314)
E/AndroidRuntime(11897): 	at java.lang.reflect.Method.invokeNative(Native Method)
E/AndroidRuntime(11897): 	at java.lang.reflect.Method.invoke(Method.java:515)
E/AndroidRuntime(11897): 	at com.android.internal.os.ZygoteInit$MethodAndArgsCaller.run(ZygoteInit.java:864)
E/AndroidRuntime(11897): 	at com.android.internal.os.ZygoteInit.main(ZygoteInit.java:680)
E/AndroidRuntime(11897): 	at dalvik.system.NativeStart.main(Native Method)
D/PushAVStream(11897): count3 0 2
D/PushAVStream(11897): push --- audio 
E/PushAVStream(11897): [adpcm_swf @ 0x7a8829c0] AVFrame.width or height is not set
D/PushAVStream(11897): push --- time1=18446744072238.222656 time2=18446744072238.222656  diff = 0.000000
D/PushAVStream(11897): test3
D/PushAVStream(11897): avcodec_encode_video2 result=1
D/PushAVStream(11897): index:3,ji:0,pts:133,dts:133,duration:66,time_base:1,1000 cal:0,time_base_q:1,1000000 fsize:1024.000000
W/ActivityManager( 2983):   Force finishing activity com.jqh.kklive/.widget.WatcherActivity
I/        ( 2417): [CAMERA]ispv3_dynamic_fps_thread, focus is running, can't change frame rate
I/logserver( 2425): Object Path:/data/system/dropbox/, mask=0x00000080
I/logserver( 2425): event->len=48, name=data_app_crash@1518269467810.txt
I/logserver( 2425): find_first_match: find match, plogs(type=1, pfile=/data/system/dropbox/, match=app_crash)
D/PowerManagerService( 2983): acquireWakeLockInternal: lock=1126436128, flags=0x1, tag="ActivityManager-Launch", ws=null, uid=1000, pid=2983
D/PowerManagerService( 2983): updateWakeLockSummaryLocked: mWakefulness=Awake, mWakeLockSummary=0x1
D/PowerManagerService( 2983): updateScreenStateLocked: mDisplayReady=true, newScreenState=2, mWakefulness=1, mWakeLockSummary=0x1, mUserActivitySummary=0x1, mBootCompleted=true
W/ActivityManager( 2983):   Force finishing activity com.jqh.kklive/.MainActivity
V/HwWindowManagerService( 2983): moveTaskToTop mTaskChanged:true
V/HwWindowManagerService( 2983): setFocusedApp update app ops, mTaskChanged set to:false
I/logserver( 2425): move_dir:src_path=/data/log/dbox/appdbg/logcache
I/logserver( 2425): move_dir:dst_path=/data/log/logcache/17106720/
I/logserver( 2425): is_all_ready, any file is ready in non-keyfile exception.
I/logserver( 2425): extract_appname, forward search, appname=com.jqh.kklive
I/logserver( 2425): archive_and_send, pos=0, type=crash, output=20180210213107_crash
I/logserver( 2425): ---copy_match_files enter!!--
I/logserver( 2425): [copy_match_files,829]: copy [/data/system/dropbox/data_app_crash@1518269467810.txt] to [/data/log/logcache/17106720/data_app_crash@1518269467810.txt]
I/logserver( 2425): internal_archive, argc=7
I/logserver( 2425): get_fault_appname, appname=com.jqh.kklive
I/logserver( 2425): handle_archive_exception, argc=7
I/logserver( 2425): get alarm time = 4160 (sec.)!
I/logserver( 2425): log_apr_add_record open file:/data/log/apr/H60-L11_V100R001CHNC00B317_7N2TDM155V008242_20180210122241_statistics
I/logserver( 2425): move_input_files, create dir [/data/log/unzip/H60-L11_V100R001CHNC00B317_7N2TDM155V008242_20180210213107_crash]
I/logserver( 2425): copy_file_to_dir, /data/log/logcache/17106720/data_app_crash@1518269467810.txt -> /data/log/unzip/H60-L11_V100R001CHNC00B317_7N2TDM155V008242_20180210213107_crash
I/logserver( 2425): copy_file_to_dir, /data/log/logcache/17106720/finger.txt -> /data/log/unzip/H60-L11_V100R001CHNC00B317_7N2TDM155V008242_20180210213107_crash
I/logserver( 2425): init_notify_fifo, before change /data/log/logcontrol owner
I/logserver( 2425): Process 4620 opening FIFO for O_WRONLY
I/logserver( 2425): Process 4620 opened fifo(20)
I/logserver( 2425): notify_logcontrol, 4620 sent /data/log/unzip/H60-L11_V100R001CHNC00B317_7N2TDM155V008242_20180210213107_crash 
I/logserver( 2425): thread_logcontrol, select ret = 1
I/logserver( 2425): handle_notify_event, read res = 324, client pid = 4620, data=/data/log/unzip/H60-L11_V100R001CHNC00B317_7N2TDM155V008242_20180210213107_crash
I/logserver( 2425): build_notify_string,ModuleName = com.jqh.kklive
I/logserver( 2425): build_notify_string,product name = H60-L11
I/logserver( 2425): handle_notify_event, send msg [submit:trigger=0,bugtype=2,modulename=com.jqh.kklive,level=1,testtype=NORMAL,path=/data/log/unzip/H60-L11_V100R001CHNC00B317_7N2TDM155V008242_20180210213107_crash;]
I/logserver( 2425): send_to_client, send to (19) res = 163
I/logserver( 2425): check_dir_size, dir[/data/log/coredump/] doesn't exist
I/logserver( 2425): clean_cur_cache:962, system(rm -r /data/log/logcache/17106720/* > /dev/null 2>&1)
E/SubmitMessage( 4361): Submit string: submit:trigger=0,bugtype=2,modulename=com.jqh.kklive,level=1,testtype=NORMAL,path=/data/log/unzip/H60-L11_V100R001CHNC00B317_7N2TDM155V008242_20180210213107_crash
D/SubmitMessage( 4361): testTypeInFile is NORMAL
D/LogCollectService( 4361): msg = 101 received
D/LogCollectService( 4361): Log Message received.submit:trigger=0,bugtype=2,modulename=com.jqh.kklive,level=1,testtype=NORMAL,path=/data/log/unzip/H60-L11_V100R001CHNC00B317_7N2TDM155V008242_20180210213107_crash,mDuplicateFlag=false
D/LogBase ( 4361): data_app_crash@1518269467810.txt
D/LogFilter( 4361): LogSummaryInfo: {apkName, com.jqh.kklive }{version, 1.0 }{reason, java.lang.NullPointerException }{stack, at com.jqh.kklive.widget.WatcherActivity$4$1.run(WatcherActivity.java:148) }{stackFuzzy, at com.jqh.kklive.widget.WatcherActivity$4$1.run(WatcherActivity.java:148),at android.os.Handler.handleCallback(Handler.java:733),at android.os.Handler.dispatchMessage(Handler.java:95),at android.os.Looper.loop(Looper.java:136),at android.app.ActivityThread.main(ActivityThread.java:5314),at java.lang.reflect.Method.invokeNative(Native Method),at java.lang.reflect.Method.invoke(Method.java:515),at com.android.internal.os.ZygoteInit$MethodAndArgsCaller.run(ZygoteInit.java:864),at com.android.internal.os.ZygoteInit.main(ZygoteInit.java:680),at dalvik.system.NativeStart.main(Native Method) }
D/CubicBezierInterpolator( 2983): CubicBezierInterpolator  mControlPoint1x = 0.2, mControlPoint1y = 0.65, mControlPoint2x = 0.28, mControlPoint2y = 0.97
D/CubicBezierInterpolator( 2983): CubicBezierInterpolator  mControlPoint1x = 0.2, mControlPoint1y = 0.65, mControlPoint2x = 0.28, mControlPoint2y = 0.97
D/CubicBezierInterpolator( 2983): CubicBezierInterpolator  mControlPoint1x = 0.2, mControlPoint1y = 0.65, mControlPoint2x = 0.28, mControlPoint2y = 0.97
D/CubicBezierInterpolator( 2983): CubicBezierInterpolator  mControlPoint1x = 0.2, mControlPoint1y = 0.65, mControlPoint2x = 0.28, mControlPoint2y = 0.97
I/logserver( 2425): Object Path:/data/log/apr/, mask=0x00000008
I/logserver( 2425): event->len=80, name=H60-L11_V100R001CHNC00B317_7N2TDM155V008242_20180210122241_statistics
I/logserver( 2425): process_one_event, can not find this event(H60-L11_V100R001CHNC00B317_7N2TDM155V008242_20180210122241_statistics)
I/logserver( 2425): clean_cur_cache:962, system(rm -r /data/log/logcache/17106720/* > /dev/null 2>&1)
D/LogInfoDBManager( 4361): isLogInfoExist id = 5
D/LogInfoDBManager( 4361): getLogInfoById id=5
D/LogInfoDBManager( 4361): updateOccurTimes id = 5 OccurTimes = 4
I/        ( 2417): [CAMERA]ispv3_dynamic_fps_thread, focus is running, can't change frame rate
D/LogDatabase( 4361): addMertricLogMessageFolder message:submit:trigger=0,bugtype=2,modulename=com.jqh.kklive,level=1,testtype=NORMAL,path=/data/log/unzip/H60-L11_V100R001CHNC00B317_7N2TDM155V008242_20180210213107_crash,mDuplicateFlag=true
D/LogDatabase( 4361): msg = 7 received
D/LogDatabase( 4361): Handler Thread:com.huawei.lcagent.service.LogDatabase
D/LogDatabase( 4361): handleAddSubmitMessage messagesubmit:trigger=0,bugtype=2,modulename=com.jqh.kklive,level=1,testtype=NORMAL,path=/data/log/unzip/H60-L11_V100R001CHNC00B317_7N2TDM155V008242_20180210213107_crash,mDuplicateFlag=true
D/LogDatabase( 4361): addFileInDirectory method
D/LogDatabase( 4361): moveToUploaingDir
D/FileUtils( 4361): deleteOldestFile length = 5 threshold = 5
D/PowerManagerService( 2983): handleSandman: canDream=false, mWakefulness=Awake
D/LogServiceSetting( 4361): checkAutoUpload
D/LogServiceSetting( 4361): Sim is not ready, do not submit
I/LogServiceSetting( 4361): checkMemorydumpByPath: filePath is /storage/emulated/legacy/bugreports/ramdump
D/LogCollectService( 4361): msg = 15 received
I/LogServiceSetting( 4361): CheckMemorydumpByPath: /storage/emulated/legacy/bugreports/ramdumpis not exist.
I/LogServiceSetting( 4361): checkMemorydumpByPath: filePath is /storage/sdcard1/bugreports/ramdump
I/LogServiceSetting( 4361): CheckMemorydumpByPath: /storage/sdcard1/bugreports/ramdumpis not exist.
D/PushAVStream(11897): count3 0 3
D/PushAVStream(11897): push --- audio 
E/PushAVStream(11897): [adpcm_swf @ 0x7a8829c0] AVFrame.width or height is not set
D/PushAVStream(11897): push --- time1=18446744072238.281250 time2=18446744072238.281250  diff = 0.000000
D/PushAVStream(11897): test3
D/PushAVStream(11897): avcodec_encode_video2 result=1
D/PushAVStream(11897): index:4,ji:0,pts:200,dts:200,duration:66,time_base:1,1000 cal:0,time_base_q:1,1000000 fsize:1024.000000
I/        ( 2417): [CAMERA]ispv3_dynamic_fps_thread, focus is running, can't change frame rate
D/CubicBezierInterpolator( 2983): CubicBezierInterpolator  mControlPoint1x = 0.5, mControlPoint1y = 0.2, mControlPoint2x = 0.55, mControlPoint2y = 0.9
D/CubicBezierInterpolator( 2983): CubicBezierInterpolator  mControlPoint1x = 0.5, mControlPoint1y = 0.2, mControlPoint2x = 0.55, mControlPoint2y = 0.9
D/PushAVStream(11897): count3 0 4
D/PushAVStream(11897): push --- audio 
E/PushAVStream(11897): [adpcm_swf @ 0x7a8829c0] AVFrame.width or height is not set
D/PushAVStream(11897): push --- time1=18446744072238.320312 time2=18446744072238.320312  diff = 0.000000
D/PushAVStream(11897): test3
D/PushAVStream(11897): avcodec_encode_video2 result=1
D/PushAVStream(11897): index:5,ji:0,pts:266,dts:266,duration:66,time_base:1,1000 cal:0,time_base_q:1,1000000 fsize:1024.000000
I/        ( 2417): [CAMERA]ispv3_dynamic_fps_thread, focus is running, can't change frame rate
D/dalvikvm( 4361): GC_CONCURRENT freed 2051K, 10% free 27959K/30952K, paused 4ms+2ms, total 32ms
D/dalvikvm( 4361): WAIT_FOR_CONCURRENT_GC blocked 12ms
I/        ( 2417): [CAMERA]++++frame 100:cur_y=0x16, gain=0x180, expo=0x74d0, fps:30
I/        ( 2417): [CAMERA]ispv3_dynamic_fps_thread, focus is running, can't change frame rate
D/PushAVStream(11897): count3 0 5
D/PushAVStream(11897): push --- audio 
E/PushAVStream(11897): [adpcm_swf @ 0x7a8829c0] AVFrame.width or height is not set
D/PushAVStream(11897): push --- time1=18446744072238.359375 time2=18446744072238.359375  diff = 0.000000
D/PushAVStream(11897): test3
D/PushAVStream(11897): avcodec_encode_video2 result=1
D/PushAVStream(11897): index:6,ji:0,pts:333,dts:333,duration:66,time_base:1,1000 cal:0,time_base_q:1,1000000 fsize:1024.000000
I/        ( 2417): [CAMERA]ispv3_dynamic_fps_thread, focus is running, can't change frame rate
D/LogCollectService( 4361): handleCheckRootDirSize size = 19499760
D/LogCollectService( 4361): msg = 32 received
D/LogCollectService( 4361): handleCheckUploadingFiles
I/PackageLogInfoManager( 4361): checkPackageLogState
E/PackageLogInfoManager( 4361): checkPackageLogState, cr: android.app.ContextImpl$ApplicationContentResolver@4317dd48, packageNames: null
D/PushAVStream(11897): count3 0 6
D/PushAVStream(11897): push --- audio 
E/PushAVStream(11897): [adpcm_swf @ 0x7a8829c0] AVFrame.width or height is not set
D/PushAVStream(11897): push --- time1=18446744072238.402344 time2=18446744072238.402344  diff = 0.000000
D/PushAVStream(11897): test3
D/PushAVStream(11897): avcodec_encode_video2 result=1
D/PushAVStream(11897): index:7,ji:0,pts:400,dts:400,duration:66,time_base:1,1000 cal:0,time_base_q:1,1000000 fsize:1024.000000
I/        ( 2417): [CAMERA]ispv3_dynamic_fps_thread, focus is running, can't change frame rate
I/        ( 2417): [CAMERA]ispv3_dynamic_fps_thread, focus is running, can't change frame rate
D/PushAVStream(11897): count3 0 7
D/PushAVStream(11897): push --- audio 
E/PushAVStream(11897): [adpcm_swf @ 0x7a8829c0] AVFrame.width or height is not set
D/PushAVStream(11897): push --- time1=18446744072238.460938 time2=18446744072238.460938  diff = 0.000000
D/PushAVStream(11897): test3
D/PushAVStream(11897): avcodec_encode_video2 result=1
D/PushAVStream(11897): index:8,ji:0,pts:466,dts:466,duration:66,time_base:1,1000 cal:0,time_base_q:1,1000000 fsize:1024.000000
I/        ( 2417): [CAMERA]ispv3_dynamic_fps_thread, focus is running, can't change frame rate
D/PushAVStream(11897): count3 0 8
D/PushAVStream(11897): push --- audio 
E/PushAVStream(11897): [adpcm_swf @ 0x7a8829c0] AVFrame.width or height is not set
D/PushAVStream(11897): push --- time1=18446744072238.500000 time2=18446744072238.500000  diff = 0.000000
D/PushAVStream(11897): test3
D/PushAVStream(11897): avcodec_encode_video2 result=1
D/PushAVStream(11897): index:9,ji:0,pts:533,dts:533,duration:66,time_base:1,1000 cal:0,time_base_q:1,1000000 fsize:1024.000000
I/        ( 2417): [CAMERA]ispv3_dynamic_fps_thread, focus is running, can't change frame rate
D/PushAVStream(11897): count3 0 9
D/PushAVStream(11897): push --- audio 
E/PushAVStream(11897): [adpcm_swf @ 0x7a8829c0] AVFrame.width or height is not set
D/PushAVStream(11897): push --- time1=18446744072238.539062 time2=18446744072238.539062  diff = 0.000000
D/PushAVStream(11897): test3
D/PushAVStream(11897): avcodec_encode_video2 result=1
D/PushAVStream(11897): index:10,ji:0,pts:600,dts:600,duration:66,time_base:1,1000 cal:0,time_base_q:1,1000000 fsize:1024.000000
I/        ( 2417): [CAMERA]ispv3_dynamic_fps_thread, focus is running, can't change frame rate
I/        ( 2417): [CAMERA]ispv3_dynamic_fps_thread, focus is running, can't change frame rate
D/PushAVStream(11897): count3 0 10
D/PushAVStream(11897): push --- audio 
E/PushAVStream(11897): [adpcm_swf @ 0x7a8829c0] AVFrame.width or height is not set
D/PushAVStream(11897): push --- time1=18446744072238.601562 time2=18446744072238.601562  diff = 0.000000
D/PushAVStream(11897): test3
D/PushAVStream(11897): avcodec_encode_video2 result=1
D/PushAVStream(11897): index:11,ji:0,pts:666,dts:666,duration:66,time_base:1,1000 cal:0,time_base_q:1,1000000 fsize:1024.000000
I/        ( 2417): [CAMERA]ispv3_dynamic_fps_thread, focus is running, can't change frame rate
D/PushAVStream(11897): count3 0 11
D/PushAVStream(11897): push --- audio 
E/PushAVStream(11897): [adpcm_swf @ 0x7a8829c0] AVFrame.width or height is not set
D/PushAVStream(11897): push --- time1=18446744072238.640625 time2=18446744072238.640625  diff = 0.000000
D/PushAVStream(11897): test3
D/PushAVStream(11897): avcodec_encode_video2 result=1
D/PushAVStream(11897): index:12,ji:0,pts:733,dts:733,duration:66,time_base:1,1000 cal:0,time_base_q:1,1000000 fsize:1024.000000
I/        ( 2417): [CAMERA]ispv3_dynamic_fps_thread, focus is running, can't change frame rate
D/PushAVStream(11897): count3 0 12
D/PushAVStream(11897): push --- audio 
E/PushAVStream(11897): [adpcm_swf @ 0x7a8829c0] AVFrame.width or height is not set
D/PushAVStream(11897): push --- time1=18446744072238.679688 time2=18446744072238.683594  diff = 0.003906
D/PushAVStream(11897): test3
D/PushAVStream(11897): avcodec_encode_video2 result=1
D/PushAVStream(11897): index:13,ji:0,pts:800,dts:800,duration:66,time_base:1,1000 cal:0,time_base_q:1,1000000 fsize:1024.000000
I/        ( 2417): [CAMERA]ispv3_dynamic_fps_thread, focus is running, can't change frame rate
D/PushAVStream(11897): count3 0 13
D/PushAVStream(11897): push --- audio 
E/PushAVStream(11897): [adpcm_swf @ 0x7a8829c0] AVFrame.width or height is not set
D/PushAVStream(11897): push --- time1=18446744072238.722656 time2=18446744072238.722656  diff = 0.000000
D/PushAVStream(11897): test3
D/PushAVStream(11897): avcodec_encode_video2 result=1
D/PushAVStream(11897): index:14,ji:0,pts:866,dts:866,duration:66,time_base:1,1000 cal:0,time_base_q:1,1000000 fsize:1024.000000
I/        ( 2417): [CAMERA]ispv3_dynamic_fps_thread, focus is running, can't change frame rate
W/ActivityManager( 2983): Activity pause timeout for ActivityRecord{43284a88 u0 com.jqh.kklive/.widget.WatcherActivity t25 f}
V/SMCSAMSHelper( 2983): SMCSAMSHelper.addSTPEvent: cost 0 ms end.
V/SMCSAMSHelper( 2983): SMCSAMSHelper.smartTrimProcessPackageResume: cost time 0 ms end.
V/HwSystemManager( 5225): AppLockService:applock password not initial or function is closed
I/HwLauncher( 5790): DynamicIcon onWindowVisibilityChanged 4 - com.android.deskclock
I/HwLauncher( 5790): DynamicIcon onWindowVisibilityChanged 4 - com.android.calendar
I/HwLauncher( 5790): DynamicIcon onWindowVisibilityChanged 4 - com.huawei.android.totemweather
D/dalvikvm( 5790): MakeBoost:0x415ff2c8 to 1
I/HwLauncher( 5790): Launcher onStart()
I/HwLauncher( 5790): Launcher dynamicIconsRegister
I/HwLauncher( 5790): DynamicUpdater registerReceiver
I/HwLauncher( 5790): DynamicIconData , getDrawableForDynamic begin, pkg = com.android.deskclock, picName = deskclock_bg
I/HwLauncher( 5790): DynamicIconData , getDrawableForDynamic end, pkg = com.android.deskclock, picName = deskclock_bg
I/        ( 2417): [CAMERA]ispv3_dynamic_fps_thread, focus is running, can't change frame rate
I/HwLauncher( 5790): DynamicIconData , getDrawableForDynamic begin, pkg = com.android.deskclock, picName = deskclock_bg
I/HwLauncher( 5790): DynamicIconData , getDrawableForDynamic end, pkg = com.android.deskclock, picName = deskclock_bg
D/dalvikvm( 5790): ---Heap option for 129616
D/PushAVStream(11897): count3 0 14
D/PushAVStream(11897): push --- audio 
E/PushAVStream(11897): [adpcm_swf @ 0x7a8829c0] AVFrame.width or height is not set
D/PushAVStream(11897): push --- time1=18446744072238.781250 time2=18446744072238.781250  diff = 0.000000
D/PushAVStream(11897): test3
D/PushAVStream(11897): avcodec_encode_video2 result=1
D/PushAVStream(11897): index:15,ji:0,pts:933,dts:933,duration:66,time_base:1,1000 cal:0,time_base_q:1,1000000 fsize:1024.000000
I/        ( 2417): [CAMERA]ispv3_dynamic_fps_thread, focus is running, can't change frame rate
D/dalvikvm( 5790): GC_CONCURRENT freed 4640K, 15% free 41420K/48284K, paused 3ms+3ms, total 30ms
D/dalvikvm( 5790): WAIT_FOR_CONCURRENT_GC blocked 27ms
I/HwLauncher( 5790): Launcher.Utilities createIconBitmap sourceWidth = 180sourceHeight = 180
I/HwLauncher( 5790): ClockDynamicUpdater calender update folder at CalenderDynamicUpdater
I/HwLauncher( 5790): DynamicUpdater call updateFolder
I/HwLauncher( 5790): DynamicUpdater call updateFolder
I/HwLauncher( 5790): DynamicIcon onResume  isvisible = false   mAttachedToWindow:true    mWindowVisible:falsecom.android.deskclock
I/HwLauncher( 5790): DynamicUpdater registerReceiver
I/HwLauncher( 5790): DynamicUpdater call updateFolder
I/HwLauncher( 5790): DynamicIcon onResume  isvisible = false   mAttachedToWindow:true    mWindowVisible:falsecom.android.calendar
I/HwLauncher( 5790): DynamicUpdater registerReceiver
I/HwLauncher( 5790): DynamicUpdater call updateFolder
I/HwLauncher( 5790): DynamicIcon onResume  isvisible = false   mAttachedToWindow:true    mWindowVisible:falsecom.huawei.android.totemweather
I/HwLauncher( 5790): Launcher onResume()
I/HwLauncher( 5790): WeatherDynamicUpdaterpositiveUpdate at WeatherDynamicUpdater
I/HwLauncher( 5790): Launcher doResumeWork()
V/SMCSAMSHelper( 2983): SMCSAMSHelper.addSTPEvent: cost 0 ms end.
V/SMCSAMSHelper( 2983): SMCSAMSHelper.smartTrimAddProcessRelation: cost 0 ms end.
D/MotionDetectionManager( 5790): startMotionAppsReco motionApps: 402
V/SMCSAMSHelper( 2983): SMCSAMSHelper.addSTPEvent: cost 0 ms end.
V/SMCSAMSHelper( 2983): SMCSAMSHelper.smartTrimAddProcessRelation: cost 1 ms end.
D/PushAVStream(11897): count3 0 15
D/PushAVStream(11897): push --- audio 
E/PushAVStream(11897): [adpcm_swf @ 0x7a8829c0] AVFrame.width or height is not set
D/PushAVStream(11897): push --- time1=18446744072238.820312 time2=18446744072238.820312  diff = 0.000000
D/PushAVStream(11897): test3
D/PushAVStream(11897): avcodec_encode_video2 result=1
D/PushAVStream(11897): index:16,ji:0,pts:1000,dts:1000,duration:66,time_base:1,1000 cal:0,time_base_q:1,1000000 fsize:1024.000000
I/        ( 2417): [CAMERA]ispv3_dynamic_fps_thread, focus is running, can't change frame rate
I/ActivityThread( 5790): com.huawei.android.launcher query other app provider, pkg:com.huawei.motionservice uid:10022
D/MRUtils ( 5790): getMotionEnableState enabled: 1
D/MRUtils ( 5790): getMotionEnableState enabled: 0
W/MotionDetectionManager( 5790): startMotionAppsReco motionApps: 402 disabled
W/HwLauncher( 5790): Launcher.MotionManager failed to start TYPE_SHAKE_CHANGE_WALLPAPER
I/HwLauncher( 5790): Launcher.MotionManager startShakeMotion mIsShakeInHome=true
D/MotionDetectionManager( 5790): startMotionAppsReco motionApps: 404
D/MRUtils ( 5790): getMotionEnableState enabled: 1
I/        ( 2417): [CAMERA]ispv3_dynamic_fps_thread, focus is running, can't change frame rate
D/PushAVStream(11897): count3 0 16
D/PushAVStream(11897): push --- audio 
E/PushAVStream(11897): [adpcm_swf @ 0x7a8829c0] AVFrame.width or height is not set
D/PushAVStream(11897): push --- time1=18446744072238.859375 time2=18446744072238.863281  diff = 0.003906
D/PushAVStream(11897): test3
D/PushAVStream(11897): avcodec_encode_video2 result=1
D/PushAVStream(11897): index:17,ji:0,pts:1066,dts:1066,duration:66,time_base:1,1000 cal:0,time_base_q:1,1000000 fsize:1024.000000
D/MRUtils ( 5790): getMotionEnableState enabled: 0
W/MotionDetectionManager( 5790): startMotionAppsReco motionApps: 404 disabled
W/HwLauncher( 5790): Launcher.MotionManager failed to start TYPE_SHAKE_START_PRIVACY
I/HwLauncher( 5790): Launcher changeNaviBarStatus
D/HwLauncher( 5790): LauncherApplication   setAccessibilityManager: isTouchExplorationEnable = false 
W/HwLauncher( 5790): Launcher  updateMarginLayoutParamsForView:the target view is null.
I/HwLauncher( 5790): Launcher  onResume mIsToUninstallApp = false
D/SettingsProvider( 2983): AppName: system
D/SettingsProvider( 2983): method:PUT_system||request:navigationbar_is_min||newValue:0
I/HwLauncher( 5790): DynamicIcon onVisibilityChanged 0 - com.android.deskclock
I/HwLauncher( 5790): DynamicIcon onVisibilityChanged 0 - com.android.calendar
I/HwLauncher( 5790): DynamicIcon onVisibilityChanged 0 - com.huawei.android.totemweather
I/HwLauncher( 5790): DynamicIcon onWindowVisibilityChanged 0 - com.android.deskclock
I/HwLauncher( 5790): DynamicIcon onWindowVisibilityChanged 0 - com.android.calendar
I/HwLauncher( 5790): DynamicIcon onWindowVisibilityChanged 0 - com.huawei.android.totemweather
D/mali_winsys( 5790): new_window_surface returns 0x3000
I/        ( 2417): [CAMERA]ispv3_dynamic_fps_thread, focus is running, can't change frame rate
I/HwLauncher( 5790): WeatherDynamicUpdaterreceive action = com.huawei.android.action.launcher_weather_icon_change
I/HwLauncher( 5790): WeatherDynamicUpdaterreceiver data is int[] = [0, 0, 30, 0, 74, 0, 118, 0]
I/HwLauncher( 5790):  stringArray[] [sunny, negative, num5, tempc]
D/PushAVStream(11897): count3 0 17
D/PushAVStream(11897): push --- audio 
E/PushAVStream(11897): [adpcm_swf @ 0x7a8829c0] AVFrame.width or height is not set
D/PushAVStream(11897): push --- time1=18446744072238.921875 time2=18446744072238.921875  diff = 0.000000
I/        ( 2417): [CAMERA]ispv3_dynamic_fps_thread, focus is running, can't change frame rate
D/PushAVStream(11897): test3
D/PushAVStream(11897): avcodec_encode_video2 result=1
D/PushAVStream(11897): index:18,ji:0,pts:1133,dts:1133,duration:66,time_base:1,1000 cal:0,time_base_q:1,1000000 fsize:1024.000000
D/PowerManagerService( 2983): releaseWakeLockInternal: lock=1126436128 [ActivityManager-Launch], flags=0x0
D/PowerManagerNotifier( 2983): onWakeLockReleased: flags=1, tag="ActivityManager-Launch", packageName=android, ownerUid=1000, ownerPid=2983, workSource=null
D/PowerManagerService( 2983): updateWakeLockSummaryLocked: mWakefulness=Awake, mWakeLockSummary=0x1
D/PowerManagerService( 2983): updateScreenStateLocked: mDisplayReady=true, newScreenState=2, mWakefulness=1, mWakeLockSummary=0x1, mUserActivitySummary=0x1, mBootCompleted=true
D/CubicBezierInterpolator( 2983): CubicBezierInterpolator  mControlPoint1x = 0.5, mControlPoint1y = 0.2, mControlPoint2x = 0.6, mControlPoint2y = 1.0
D/CubicBezierInterpolator( 2983): CubicBezierInterpolator  mControlPoint1x = 0.5, mControlPoint1y = 0.2, mControlPoint2x = 0.6, mControlPoint2y = 1.0
I/PhoneStatusBar( 4046): hw_status_bar_operators = true, setSystemUIVisibily(SHOW_OPERATOR = false)
I/        ( 2417): [CAMERA]ispv3_dynamic_fps_thread, focus is running, can't change frame rate
D/PushAVStream(11897): count3 0 18
D/PushAVStream(11897): push --- audio 
E/PushAVStream(11897): [adpcm_swf @ 0x7a8829c0] AVFrame.width or height is not set
D/PushAVStream(11897): push --- time1=18446744072238.960938 time2=18446744072238.960938  diff = 0.000000
D/PushAVStream(11897): test3
D/PushAVStream(11897): avcodec_encode_video2 result=1
D/PushAVStream(11897): index:19,ji:0,pts:1200,dts:1200,duration:66,time_base:1,1000 cal:0,time_base_q:1,1000000 fsize:1024.000000
I/        ( 2417): [CAMERA]ispv3_dynamic_fps_thread, focus is running, can't change frame rate
D/PowerManagerService( 2983): handleSandman: canDream=false, mWakefulness=Awake
D/PushAVStream(11897): count3 0 19
D/PushAVStream(11897): push --- audio 
E/PushAVStream(11897): [adpcm_swf @ 0x7a8829c0] AVFrame.width or height is not set
D/PushAVStream(11897): push --- time1=18446744072239.000000 time2=18446744072239.000000  diff = 0.000000
D/PushAVStream(11897): test3
D/PushAVStream(11897): avcodec_encode_video2 result=1
D/PushAVStream(11897): index:20,ji:0,pts:1266,dts:1266,duration:66,time_base:1,1000 cal:0,time_base_q:1,1000000 fsize:1024.000000
I/        ( 2417): [CAMERA]ispv3_dynamic_fps_thread, focus is running, can't change frame rate
D/PushAVStream(11897): count3 0 20
D/PushAVStream(11897): push --- audio 
E/PushAVStream(11897): [adpcm_swf @ 0x7a8829c0] AVFrame.width or height is not set
D/PushAVStream(11897): push --- time1=18446744072239.039062 time2=18446744072239.039062  diff = 0.000000
D/PushAVStream(11897): test3
D/PushAVStream(11897): avcodec_encode_video2 result=1
D/PushAVStream(11897): index:21,ji:0,pts:1333,dts:1333,duration:66,time_base:1,1000 cal:0,time_base_q:1,1000000 fsize:1024.000000
I/        ( 2417): [CAMERA]ispv3_dynamic_fps_thread, focus is running, can't change frame rate
I/        ( 2417): [CAMERA]ispv3_dynamic_fps_thread, focus is running, can't change frame rate
D/PushAVStream(11897): count3 0 21
D/PushAVStream(11897): push --- audio 
E/PushAVStream(11897): [adpcm_swf @ 0x7a8829c0] AVFrame.width or height is not set
D/PushAVStream(11897): push --- time1=18446744072239.101562 time2=18446744072239.101562  diff = 0.000000
D/PushAVStream(11897): test3
D/PushAVStream(11897): avcodec_encode_video2 result=1
D/PushAVStream(11897): index:22,ji:0,pts:1400,dts:1400,duration:66,time_base:1,1000 cal:0,time_base_q:1,1000000 fsize:1024.000000
I/        ( 2417): [CAMERA]ispv3_dynamic_fps_thread, focus is running, can't change frame rate
D/PushAVStream(11897): count3 0 22
D/PushAVStream(11897): push --- audio 
E/PushAVStream(11897): [adpcm_swf @ 0x7a8829c0] AVFrame.width or height is not set
D/PushAVStream(11897): push --- time1=18446744072239.140625 time2=18446744072239.140625  diff = 0.000000
D/PushAVStream(11897): test3
D/PushAVStream(11897): avcodec_encode_video2 result=1
D/PushAVStream(11897): index:23,ji:0,pts:1466,dts:1466,duration:66,time_base:1,1000 cal:0,time_base_q:1,1000000 fsize:1024.000000
I/        ( 2417): [CAMERA]ispv3_dynamic_fps_thread, focus is running, can't change frame rate
D/PushAVStream(11897): count3 0 23
D/PushAVStream(11897): push --- audio 
E/PushAVStream(11897): [adpcm_swf @ 0x7a8829c0] AVFrame.width or height is not set
D/PushAVStream(11897): push --- time1=18446744072239.183594 time2=18446744072239.183594  diff = 0.000000
D/PushAVStream(11897): test3
D/PushAVStream(11897): avcodec_encode_video2 result=1
D/PushAVStream(11897): index:24,ji:0,pts:1533,dts:1533,duration:66,time_base:1,1000 cal:0,time_base_q:1,1000000 fsize:1024.000000
I/        ( 2417): [CAMERA]ispv3_dynamic_fps_thread, focus is running, can't change frame rate
I/        ( 2417): [CAMERA]ispv3_dynamic_fps_thread, focus is running, can't change frame rate
D/PushAVStream(11897): count3 0 24
D/PushAVStream(11897): push --- audio 
E/PushAVStream(11897): [adpcm_swf @ 0x7a8829c0] AVFrame.width or height is not set
D/PushAVStream(11897): push --- time1=18446744072239.242188 time2=18446744072239.242188  diff = 0.000000
D/PushAVStream(11897): test3
D/PushAVStream(11897): avcodec_encode_video2 result=1
D/PushAVStream(11897): index:25,ji:0,pts:1600,dts:1600,duration:66,time_base:1,1000 cal:0,time_base_q:1,1000000 fsize:1024.000000
I/        ( 2417): [CAMERA]ispv3_dynamic_fps_thread, focus is running, can't change frame rate
D/PushAVStream(11897): count3 0 25
D/PushAVStream(11897): push --- audio 
E/PushAVStream(11897): [adpcm_swf @ 0x7a8829c0] AVFrame.width or height is not set
D/PushAVStream(11897): push --- time1=18446744072239.281250 time2=18446744072239.281250  diff = 0.000000
D/PushAVStream(11897): test3
D/PushAVStream(11897): avcodec_encode_video2 result=1
D/PushAVStream(11897): index:26,ji:0,pts:1666,dts:1666,duration:66,time_base:1,1000 cal:0,time_base_q:1,1000000 fsize:1024.000000
I/        ( 2417): [CAMERA]ispv3_dynamic_fps_thread, focus is running, can't change frame rate
I/        ( 2417): [CAMERA]ispv3_dynamic_fps_thread, focus is running, can't change frame rate
D/PushAVStream(11897): count3 0 26
D/PushAVStream(11897): push --- audio 
E/PushAVStream(11897): [adpcm_swf @ 0x7a8829c0] AVFrame.width or height is not set
D/PushAVStream(11897): push --- time1=18446744072239.320312 time2=18446744072239.320312  diff = 0.000000
D/PushAVStream(11897): test3
D/PushAVStream(11897): avcodec_encode_video2 result=1
D/PushAVStream(11897): index:27,ji:0,pts:1733,dts:1733,duration:66,time_base:1,1000 cal:0,time_base_q:1,1000000 fsize:1024.000000
E/Thermal-daemon( 2423): [ap] temp_new :33  temp_old :32
I/        ( 2417): [CAMERA]ispv3_dynamic_fps_thread, focus is running, can't change frame rate
V/HwSystemManager( 5225): AppLockService:applock password not initial or function is closed
D/PushAVStream(11897): count3 0 27
D/PushAVStream(11897): push --- audio 
E/PushAVStream(11897): [adpcm_swf @ 0x7a8829c0] AVFrame.width or height is not set
D/PushAVStream(11897): push --- time1=18446744072239.378906 time2=18446744072239.378906  diff = 0.000000
D/PushAVStream(11897): test3
D/PushAVStream(11897): avcodec_encode_video2 result=1
D/PushAVStream(11897): index:28,ji:0,pts:1800,dts:1800,duration:66,time_base:1,1000 cal:0,time_base_q:1,1000000 fsize:1024.000000
I/        ( 2417): [CAMERA]ispv3_dynamic_fps_thread, focus is running, can't change frame rate
I/        ( 2417): [CAMERA]ispv3_dynamic_fps_thread, focus is running, can't change frame rate
D/PushAVStream(11897): count3 0 28
D/PushAVStream(11897): push --- audio 
E/PushAVStream(11897): [adpcm_swf @ 0x7a8829c0] AVFrame.width or height is not set
D/PushAVStream(11897): push --- time1=18446744072239.441406 time2=18446744072239.441406  diff = 0.000000
D/PushAVStream(11897): test3
D/PushAVStream(11897): avcodec_encode_video2 result=1
D/PushAVStream(11897): index:29,ji:0,pts:1866,dts:1866,duration:66,time_base:1,1000 cal:0,time_base_q:1,1000000 fsize:1024.000000
I/        ( 2417): [CAMERA]ispv3_dynamic_fps_thread, focus is running, can't change frame rate
D/PushAVStream(11897): count3 0 29
D/PushAVStream(11897): push --- audio 
E/PushAVStream(11897): [adpcm_swf @ 0x7a8829c0] AVFrame.width or height is not set
D/PushAVStream(11897): push --- time1=18446744072239.480469 time2=18446744072239.480469  diff = 0.000000
D/PushAVStream(11897): test3
D/PushAVStream(11897): avcodec_encode_video2 result=1
D/PushAVStream(11897): index:30,ji:0,pts:1933,dts:1933,duration:66,time_base:1,1000 cal:0,time_base_q:1,1000000 fsize:1024.000000
D/PowerManagerService( 2983): userActivityNoUpdateLocked: eventTime=4112600, event=2, flags=0x0, uid=1000
D/PowerManagerNotifier( 2983): onUserActivity: event=2, uid=1000
D/PowerManagerService( 2983): updateUserActivitySummaryLocked: mWakefulness=Awake, mUserActivitySummary=0x1, nextTimeout=4136600 (in 23998 ms)
D/PowerManagerService( 2983): updateScreenStateLocked: mDisplayReady=true, newScreenState=2, mWakefulness=1, mWakeLockSummary=0x1, mUserActivitySummary=0x1, mBootCompleted=true
I/        ( 2417): [CAMERA]ispv3_dynamic_fps_thread, focus is running, can't change frame rate
V/UsbDeviceManager( 2983): power_state is false usb_state is false
I/        ( 2417): [CAMERA]ispv3_dynamic_fps_thread, focus is running, can't change frame rate
D/PushAVStream(11897): count3 0 30
D/PushAVStream(11897): push --- audio 
E/PushAVStream(11897): [adpcm_swf @ 0x7a8829c0] AVFrame.width or height is not set
D/PushAVStream(11897): push --- time1=18446744072239.523438 time2=18446744072239.523438  diff = 0.000000
D/PushAVStream(11897): test3
D/PushAVStream(11897): avcodec_encode_video2 result=1
D/PushAVStream(11897): index:31,ji:0,pts:2000,dts:2000,duration:66,time_base:1,1000 cal:0,time_base_q:1,1000000 fsize:1024.000000
D/WifiController( 2983): handleMessage: E msg.what=155652
D/WifiController( 2983): processMsg: DeviceActiveState
D/WifiController( 2983): processMsg: StaEnabledState
D/WifiController( 2983): processMsg: DefaultState
D/WifiController( 2983): handleMessage: X
D/KeyguardUpdateMonitor( 3843): received broadcast android.intent.action.BATTERY_CHANGED
D/KeyguardUpdateMonitor( 3843): handleBatteryUpdate
D/WifiController( 2983): battery changed pluggedType: 2
V/UsbDeviceManager( 2983): mBatteryChangedReceiver plugType is 2
D/PowerManagerService( 2983): updateIsPoweredLocked: wasPowered=true, mIsPowered=true, oldPlugType=2, mPlugType=2, mBatteryLevel=77
D/PowerManagerService( 2983): handleSandman: canDream=false, mWakefulness=Awake
D/HwPowerMonitor.Utils( 4396): ScrOff setChargingState mIsCharging = true
D/HwSystemManager( 5225): BgPowerManagerService:BgPowerManagerSerivce plugged =2 currentThreshold = 8 mRawLevel = 77mLastRawLevel77
D/BgPowerManagerService( 5225):  mTimes = 30705 firstTime = 4131433 firstmBatteryCapacity =2247
I/        ( 2417): [CAMERA]ispv3_dynamic_fps_thread, focus is running, can't change frame rate
D/PushAVStream(11897): count3 0 31
D/PushAVStream(11897): push --- audio 
E/PushAVStream(11897): [adpcm_swf @ 0x7a8829c0] AVFrame.width or height is not set
D/PushAVStream(11897): push --- time1=18446744072239.582031 time2=18446744072239.582031  diff = 0.000000
D/PushAVStream(11897): test3
D/PushAVStream(11897): avcodec_encode_video2 result=1
D/PushAVStream(11897): index:32,ji:0,pts:2066,dts:2066,duration:66,time_base:1,1000 cal:0,time_base_q:1,1000000 fsize:1024.000000
I/Process (11897): Sending signal. PID: 11897 SIG: 9
I/        ( 2417): [CAMERA]ispv3_dynamic_fps_thread, focus is running, can't change frame rate
D/CubicBezierInterpolator( 2983): CubicBezierInterpolator  mControlPoint1x = 0.5, mControlPoint1y = 0.2, mControlPoint2x = 0.55, mControlPoint2y = 0.9
D/CubicBezierInterpolator( 2983): CubicBezierInterpolator  mControlPoint1x = 0.5, mControlPoint1y = 0.2, mControlPoint2x = 0.55, mControlPoint2y = 0.9
I/PhoneStatusBar( 4046): hw_status_bar_operators = true, setSystemUIVisibily(SHOW_OPERATOR = false)
I/ActivityManager( 2983): filter receiver for action = com.kingroot.common.ACTION_TOP_ACTIVITY_CHANGED
I/ActivityManager( 2983): filter receiver for action = com.kingroot.common.ACTION_SWITCH_IN_DESKTOP
I/ActivityManager( 2983): filter receiver for action = com.kingroot.common.ACTION_TOP_APP_CHANGED
I/        ( 2417): [CAMERA]ispv3_dynamic_fps_thread, focus is running, can't change frame rate
W/AudioFlinger( 2417): RecordThread: buffer overflow
I/        ( 2417): [CAMERA]ispv3_dynamic_fps_thread, focus is running, can't change frame rate
I/        ( 2417): [CAMERA]ispv3_dynamic_fps_thread, focus is running, can't change frame rate
D/HwSystemManager( 5225): BgPowerManagerService:onProcessDied uid = 10100
W/CameraService( 2417): Disconnecting camera client 0xb8b5c880 since the binder for it died (this pid 2417)
I/CameraHardwareCore( 2417): [CAMERA_EVENT] stop Preview
I/PostBufferThread( 2417): close camera, there are 0 frames in PostBufferThread!
I/        ( 2417): [CAMERA]enter ispv3_af_auto_focus: flag: 0, focus state:0, focus_mode:6, result:0
E/        ( 2417): [CAMERA]ispv3_auto_focus param error!
I/        ( 2417): [CAMERA]enter ispv3_af_focus_withdraw, focus thread exit!!
I/        ( 2417): [CAMERA]enter ispv3_stop_preview, flow[0]
I/        ( 2417): [CAMERA]enter ispv3_dynamic_fps, fps_action:0
I/        ( 2417): [CAMERA]ispv3_dynamic_fps_thread, focus is running, can't change frame rate
I/        ( 2417): [CAMERA]exit ispv3_dynamic_fps_thread, ###########
I/        ( 2417): [CAMERA]ispv3_stop_preview_cmdset, 325. flow[0]
I/ActivityManager( 2983): Process com.jqh.kklive (pid 11897) has died.
I/WindowState( 2983): WIN DEATH: Window{435072e8 u0 SurfaceView}
I/ActivityManager( 2983): restoreDTSAndHSState success!unknown
I/WindowState( 2983): WIN DEATH: Window{4384f850 u0 com.jqh.kklive/com.jqh.kklive.MainActivity}
I/HuaweiPreprocessing( 2417): PreprocessingFx_Command: EFFECT_CMD_DISABLE
W/InputDispatcher( 2983): channel '4337ecd8 com.jqh.kklive/com.jqh.kklive.widget.WatcherActivity (server)' ~ Consumer closed input channel or an error occurred.  events=0x9
E/InputDispatcher( 2983): channel '4337ecd8 com.jqh.kklive/com.jqh.kklive.widget.WatcherActivity (server)' ~ Channel is unrecoverably broken and will be disposed!
V/AudioPolicyManagerBase( 2417): setEffectEnabled(false) total CPU 0
V/AudioPolicyManagerBase( 2417): unregisterEffect() effect Huawei Audio Preprocessing Effect, ID 44, memory 0 total memory 0
I/audio_hw_primary( 2417): get_mic_by_policy : get mic by scene = 5
W/InputDispatcher( 2983): Attempted to unregister already unregistered input channel '4337ecd8 com.jqh.kklive/com.jqh.kklive.widget.WatcherActivity (server)'
I/WindowState( 2983): WIN DEATH: Window{4337ecd8 u0 com.jqh.kklive/com.jqh.kklive.widget.WatcherActivity}
I/        ( 2417): [CAMERA]cmdset_done_hander enter, cmdset_done_id 0x2
I/        ( 2417): [CAMERA]COMMAND_FINISHED, cmdid[2]
I/        ( 2417): [CAMERA]enter ispv3_stat_close
I/        ( 2417): [CAMERA]k3_camdrv_dequeue_buffer,  stream = 0, failed to dequeue.
E/PreviewThread( 2417): fail to dequeue buffer from driver
I/CameraPreviewCore( 2417): [CAMERA_EVENT] thread [PreviewThread] terminated
I/IppExecuter( 2417): [CAMERA_EVENT] thread [IppExecuterThread] terminated
I/IppExecuterThread( 2417): [CAMERA_EVENT] thread [IppExecuterThread] destructed
I/IppExecuter( 2417): [CAMERA_EVENT] IppExecuter destructed
I/        ( 2417): [CAMERA]enter k3_buffer_init_queue
I/        ( 2417): [CAMERA]enter k3_buffer_init
I/WindowMemAllocator( 2417): enter deallocate()
W/BufferQueue( 2412): [SurfaceView] cancelBuffer: BufferQueue has been abandoned!
I/WindowMemAllocator( 2417): enter deallocate()
W/BufferQueue( 2412): [SurfaceView] cancelBuffer: BufferQueue has been abandoned!
I/WindowMemAllocator( 2417): enter deallocate()
W/BufferQueue( 2412): [SurfaceView] cancelBuffer: BufferQueue has been abandoned!
I/WindowMemAllocator( 2417): enter deallocate()
W/BufferQueue( 2412): [SurfaceView] cancelBuffer: BufferQueue has been abandoned!
I/WindowMemAllocator( 2417): enter deallocate()
W/BufferQueue( 2412): [SurfaceView] cancelBuffer: BufferQueue has been abandoned!
I/WindowMemAllocator( 2417): enter deallocate()
W/BufferQueue( 2412): [SurfaceView] cancelBuffer: BufferQueue has been abandoned!
I/WindowMemAllocator( 2417): enter deallocate()
W/BufferQueue( 2412): [SurfaceView] cancelBuffer: BufferQueue has been abandoned!
I/WindowMemAllocator( 2417): enter deallocate()
W/BufferQueue( 2412): [SurfaceView] cancelBuffer: BufferQueue has been abandoned!
W/BufferQueue( 2412): [SurfaceView] cancelBuffer: BufferQueue has been abandoned!
W/BufferQueue( 2412): [SurfaceView] cancelBuffer: BufferQueue has been abandoned!
W/BufferQueue( 2412): [SurfaceView] cancelBuffer: BufferQueue has been abandoned!
W/BufferQueue( 2412): [SurfaceView] cancelBuffer: BufferQueue has been abandoned!
W/BufferQueue( 2412): [SurfaceView] cancelBuffer: BufferQueue has been abandoned!
W/BufferQueue( 2412): [SurfaceView] cancelBuffer: BufferQueue has been abandoned!
W/BufferQueue( 2412): [SurfaceView] cancelBuffer: BufferQueue has been abandoned!
W/BufferQueue( 2412): [SurfaceView] cancelBuffer: BufferQueue has been abandoned!
I/PreviewThread( 2417): [CAMERA_EVENT] thread [PreviewThread] destructed
I/CameraPreviewCore( 2417): [CAMERA_STATE] change state from [RUNNING]->[READY]
I/FocusManager( 2417): auto focus already stoped!
I/CameraHardwareCore( 2417): [CAMERA_EVENT] cancel snapshot
I/CameraPreviewCore( 2417): [CAMERA_EVENT] release preview resource
I/        ( 2417): [CAMERA]enter k3_buffer_init_queue
I/        ( 2417): [CAMERA]enter k3_buffer_init
I/CameraPreviewCore( 2417): [CAMERA_EVENT] set camera preview display window[0x0]
I/CameraPreviewCore( 2417): [CAMERA_STATE] change state from [READY]->[IDLE]
I/CameraClient( 2417): Destroying camera 0
I/CameraPreviewCore( 2417): [CAMERA_EVENT] CameraPreviewCore destructed
I/PostBufferThread( 2417): [HWA] exit of mExit is true 2
I/JpegEncoderThread( 2417): enter freeOutBuffers ()
I/JpegEncoderThread( 2417): [CAMERA_EVENT] thread [JpegEncoderThread] destructed
I/SnapshotCore( 2417): [CAMERA_EVENT] thread [PostBufferThread] terminated
I/PostBufferThread( 2417): [HWA] thread [PostBufferThread] destructed
I/SnapshotCore( 2417): [CAMERA_EVENT] SnapshotCore destructed
I/IppCore ( 2417): [CAMERA_EVENT] IppCore destructed
V/IppThirdPartAlgo( 2417): enter ~IppThirdPartAlgo()
I/SingleAutoFocusThread( 2417): [CAMERA_EVENT] thread [autofocus-thread] destructed
I/ContinuousAutoFocusThread( 2417): [CAMERA_EVENT] thread [continuous-autofocus-thread] destructed
E/FocusManager( 2417): enter stopGsensorStatCollect()
I/GsensorStatCollectThread( 2417): [CAMERA_EVENT] thread [gsensor-statcollect-thread] destructed
D/CameraCracker( 2417): ===========================================
D/CameraCracker( 2417): [   preview  ]frames:141   time:4637ms   fps:35.00
D/CameraCracker( 2417): [   render   ]frames:138   time:4539ms   fps:34.25
D/CameraCracker( 2417): [tiny stream ]frames:0   time:1000ms   fps:4294967295.00
D/CameraCracker( 2417): ===========================================
I/CameraMsgQueue( 2417): stop msg queue thread now!
I/CameraMsgQueue( 2417): [CAMERA_EVENT] thread [MsgQueueThread] destructed
I/        ( 2417): [CAMERA]enter close_camera_dev
I/        ( 2417): [CAMERA]enter k3_camdrv_close
I/        ( 2417): [CAMERA]enter ispv3_metadata_clean
I/        ( 2417): [CAMERA]enter ispv3_metadata_clean, meta_process_state is done
I/        ( 2417): [CAMERA]exit ispv3_metadata_clean
I/        ( 2417): [CAMERA]enter ispv3_af_auto_focus: flag: 0, focus state:0, focus_mode:6, result:0
E/        ( 2417): [CAMERA]ispv3_auto_focus param error!
I/        ( 2417): [CAMERA]ispv3_deinit_focus
I/        ( 2417): [CAMERA]ispv3_deinit_flash, 1024.
D/PowerManagerService( 2983): releaseWakeLockInternal: lock=1136393440 [AudioIn], flags=0x0
D/PowerManagerNotifier( 2983): onWakeLockReleased: flags=1, tag="AudioIn", packageName=media, ownerUid=1013, ownerPid=2417, workSource=WorkSource{10100}
D/PowerManagerService( 2983): updateWakeLockSummaryLocked: mWakefulness=Awake, mWakeLockSummary=0x1
D/PowerManagerService( 2983): updateScreenStateLocked: mDisplayReady=true, newScreenState=2, mWakefulness=1, mWakeLockSummary=0x1, mUserActivitySummary=0x1, mBootCompleted=true
D/PowerManagerService( 2983): acquireWakeLockInternal: lock=1130804208, flags=0x1, tag="AudioIn", ws=null, uid=1013, pid=2417
D/PowerManagerNotifier( 2983): onWakeLockAcquired: flags=1, tag="AudioIn", packageName=media, ownerUid=1013, ownerPid=2417, workSource=null
D/PowerManagerService( 2983): updateWakeLockSummaryLocked: mWakefulness=Awake, mWakeLockSummary=0x1
D/PowerManagerService( 2983): updateScreenStateLocked: mDisplayReady=true, newScreenState=2, mWakefulness=1, mWakeLockSummary=0x1, mUserActivitySummary=0x1, mBootCompleted=true
W/AudioPolicyManagerBase( 2417): unregisterEffect() unknown effect ID 44
W/AudioFlinger( 2417): removeEffect_l() 0xb8b63758 cannot promote chain for effect 0xb8b65b38
W/AudioPolicyManagerBase( 2417): unregisterEffect() unknown effect ID 44
I/HuaweiPreprocessing( 2417): PreprocessingLib_Release
I/HuaweiPreprocessing_dump_adp( 2417): algo_release
I/HuaweiPreprocessing_hdr_adp( 2417): algo_release
I/HuaweiPreprocessing_rnr_adp( 2417): algo_release
I/HuaweiPreprocessing_ldr_adp( 2417): algo_release
I/HuaweiPreprocessing_wnr_adp( 2417): algo_release
I/HuaweiPreprocessing_stereo_enhancement_adp( 2417): algo_release
I/HuaweiPreprocessing_dump_adp( 2417): algo_release
D/PowerManagerService( 2983): releaseWakeLockInternal: lock=1130804208 [AudioIn], flags=0x0
D/PowerManagerNotifier( 2983): onWakeLockReleased: flags=1, tag="AudioIn", packageName=media, ownerUid=1013, ownerPid=2417, workSource=null
D/PowerManagerService( 2983): updateWakeLockSummaryLocked: mWakefulness=Awake, mWakeLockSummary=0x1
D/PowerManagerService( 2983): updateScreenStateLocked: mDisplayReady=true, newScreenState=2, mWakefulness=1, mWakeLockSummary=0x1, mUserActivitySummary=0x1, mBootCompleted=true
D/PowerManagerService( 2983): acquireWakeLockInternal: lock=1134769968, flags=0x1, tag="AudioIn", ws=null, uid=1013, pid=2417
D/PowerManagerNotifier( 2983): onWakeLockAcquired: flags=1, tag="AudioIn", packageName=media, ownerUid=1013, ownerPid=2417, workSource=null
D/PowerManagerService( 2983): updateWakeLockSummaryLocked: mWakefulness=Awake, mWakeLockSummary=0x1
D/PowerManagerService( 2983): updateScreenStateLocked: mDisplayReady=true, newScreenState=2, mWakefulness=1, mWakeLockSummary=0x1, mUserActivitySummary=0x1, mBootCompleted=true
D/PowerManagerService( 2983): releaseWakeLockInternal: lock=1134769968 [AudioIn], flags=0x0
D/PowerManagerNotifier( 2983): onWakeLockReleased: flags=1, tag="AudioIn", packageName=media, ownerUid=1013, ownerPid=2417, workSource=null
D/PowerManagerService( 2983): updateWakeLockSummaryLocked: mWakefulness=Awake, mWakeLockSummary=0x1
D/PowerManagerService( 2983): updateScreenStateLocked: mDisplayReady=true, newScreenState=2, mWakefulness=1, mWakeLockSummary=0x1, mUserActivitySummary=0x1, mBootCompleted=true
I/        ( 2417): [CAMERA]k3_sensor_unload dlclose libcamera_sensor.so.
I/        ( 2417): [CAMERA]enter ispv3_isr_stop
I/        ( 2417): [CAMERA]read from pipe: Stop Thread.
I/        ( 2417): [CAMERA]exit thread
I/        ( 2417): [CAMERA]ispv3_base_release: instance freed
I/        ( 2417): 
I/        ( 2417): [CAMERA]thread:cam_logu_poll_thd exit
I/CameraHardwareCore( 2417): [CAMERA_EVENT] close camera device
I/HwAlgorithmicInformation( 2417): HwAlgorithmicInformation destruction
