D/PowerManagerService( 2983): updateIsPoweredLocked: wasPowered=true, mIsPowered=true, oldPlugType=2, mPlugType=2, mBatteryLevel=77
D/KeyguardUpdateMonitor( 3843): received broadcast android.intent.action.BATTERY_CHANGED
D/KeyguardUpdateMonitor( 3843): handleBatteryUpdate
D/HwPowerMonitor.Utils( 4396): ScrOff setChargingState mIsCharging = true
D/HwSystemManager( 5225): BgPowerManagerService:BgPowerManagerSerivce plugged =2 currentThreshold = 8 mRawLevel = 77mLastRawLevel77
D/BgPowerManagerService( 5225):  mTimes = 200761 firstTime = 3807791 firstmBatteryCapacity =2224
D/PowerManagerService( 2983): handleSandman: canDream=false, mWakefulness=Awake
D/HwWifiStateMachine( 2983): handleMessage: E msg.what=131155
D/HwWifiStateMachine( 2983): processMsg: ConnectedState
D/HwWifiStateMachine( 2983): processMsg: L2ConnectedState
D/WifiHW  ( 2983): wifi_send_command: cmd:'IFNAME=wlan0 SIGNAL_POLL'
D/wpa_supplicant( 7324): RX ctrl_iface - hexdump(len=11): 53 49 47 4e 41 4c 5f 50 4f 4c 4c
D/wpa_supplicant( 7324): wlan0: Control interface command 'SIGNAL_POLL'
D/wpa_supplicant( 7324): nl80211: survey data missing!
D/wpa_supplicant( 7324): wlan0: RSSI=-40, LINKSPEED=72, NOISE=9999, FREQUENCY=2437
D/WifiHW  ( 2983): wifi_send_command ret=0, len=48
D/HwWifiStateMachine( 2983): handleMessage: X
D/SupplicantHeartBeat( 2983): handleMessage: E msg.what=999904
D/SupplicantHeartBeat( 2983): processMsg: HeartAckState
D/SupplicantHeartBeat( 2983): processMsg: EnterSupplicantStarted
D/SupplicantHeartBeat( 2983): processMsg: DefaultState
D/SupplicantHeartBeat( 2983): handleMessage: X
D/HwWifiStateMachine( 2983): handleMessage: E msg.what=131155
D/HwWifiStateMachine( 2983): processMsg: ConnectedState
D/HwWifiStateMachine( 2983): processMsg: L2ConnectedState
D/WifiHW  ( 2983): wifi_send_command: cmd:'IFNAME=wlan0 SIGNAL_POLL'
D/wpa_supplicant( 7324): RX ctrl_iface - hexdump(len=11): 53 49 47 4e 41 4c 5f 50 4f 4c 4c
D/wpa_supplicant( 7324): wlan0: Control interface command 'SIGNAL_POLL'
D/ActivityManager( 2983): PowerFireWall calc process launch counts
D/wpa_supplicant( 7324): nl80211: survey data missing!
D/wpa_supplicant( 7324): wlan0: RSSI=-47, LINKSPEED=72, NOISE=9999, FREQUENCY=2437
D/WifiHW  ( 2983): wifi_send_command ret=0, len=48
D/HwWifiStateMachine( 2983): handleMessage: X
D/ActivityManager( 2983): PowerFireWall curDefault IMs = com.baidu.input_huawei
D/ActivityManager( 2983): PowerFireWall calc com.android.printspooler is System App, skip
D/ActivityManager( 2983): PowerFireWall calc failed to get application info
D/ActivityManager( 2983): PowerFireWall calc com.cootek.smartdialer_oem_module is System App, skip
D/ActivityManager( 2983): PowerFireWall calc com.android.defcontainer is System App, skip
D/ActivityManager( 2983): PowerFireWall calc com.example.android.notepad is System App, skip
D/ActivityManager( 2983): PowerFireWall calc com.huawei.android.hwouc is System App, skip
D/ActivityManager( 2983): PowerFireWall calc com.baidu.map.location is System App, skip
D/ActivityManager( 2983): PowerFireWall calc com.android.externalstorage is System App, skip
D/ActivityManager( 2983): PowerFireWall calc com.huawei.android.thememanager is System App, skip
D/ActivityManager( 2983): PowerFireWall calc com.android.contacts is System App, skip
D/ActivityManager( 2983): PowerFireWall calc com.huawei.appmarket is System App, skip
D/ActivityManager( 2983): PowerFireWall calc com.android.inputmethod.latin is System App, skip
D/ActivityManager( 2983): PowerFireWall calc com.kingroot.kinguser is System App, skip
D/ActivityManager( 2983): PowerFireWall calc com.huawei.hwid is System App, skip
D/ActivityManager( 2983): PowerFireWall calc failed to get application info
D/ActivityManager( 2983): PowerFireWall calc com.android.gallery3d is System App, skip
D/ActivityManager( 2983): PowerFireWall calc com.baidu.input_huawei is System App, skip
D/ActivityManager( 2983): PowerFireWall calc com.android.systemui is System App, skip
D/ActivityManager( 2983): PowerFireWall calc com.kingroot.kinguser is System App, skip
D/ActivityManager( 2983): PowerFireWall calc com.android.providers.calendar is System App, skip
D/ActivityManager( 2983): PowerFireWall calc com.huawei.vassistant is System App, skip
D/ActivityManager( 2983): PowerFireWall calc com.android.smspush is System App, skip
D/ActivityManager( 2983): PowerFireWall calc com.huawei.android.hwouc is System App, skip
D/ActivityManager( 2983): PowerFireWall calc com.android.browser is System App, skip
D/ActivityManager( 2983): PowerFireWall calc failed to get application info
D/ActivityManager( 2983): PowerFireWall calc com.huawei.android.hwouc is System App, skip
D/ActivityManager( 2983): PowerFireWall calc com.vlife.huawei.wallpaper is System App, skip
D/ActivityManager( 2983): PowerFireWall calc com.android.deskclock is System App, skip
D/ActivityManager( 2983): PowerFireWall calc com.huawei.appmarket is System App, skip
D/ActivityManager( 2983): PowerFireWall calc com.huawei.android.totemweather is System App, skip
D/ActivityManager( 2983): PowerFireWall calc com.huawei.phoneservice is System App, skip
D/ActivityManager( 2983): PowerFireWall calc com.huawei.phoneservice is System App, skip
D/ActivityManager( 2983): PowerFireWall calc com.huawei.android.pushagent is System App, skip
D/ActivityManager( 2983): PowerFireWall calc com.huawei.motionservice is System App, skip
D/ActivityManager( 2983): PowerFireWall calc com.vlife.huawei.wallpaper is System App, skip
D/ActivityManager( 2983): PowerFireWall calc com.huawei.hwstartupguide is System App, skip
D/ActivityManager( 2983): PowerFireWall calc com.huawei.android.wfdft is System App, skip
D/ActivityManager( 2983): PowerFireWall calc com.huawei.ca is System App, skip
D/ActivityManager( 2983): PowerFireWall calc failed to get application info
D/ActivityManager( 2983): PowerFireWall calc com.huawei.android.totemweather is System App, skip
D/ActivityManager( 2983): PowerFireWall calc failed to get application info
D/ActivityManager( 2983): PowerFireWall calc com.google.android.gms is System App, skip
D/ActivityManager( 2983): PowerFireWall calc com.huawei.android.launcher is System App, skip
D/HwWifiStateMachine( 2983): handleMessage: E msg.what=131155
D/HwWifiStateMachine( 2983): processMsg: ConnectedState
D/HwWifiStateMachine( 2983): processMsg: L2ConnectedState
D/WifiHW  ( 2983): wifi_send_command: cmd:'IFNAME=wlan0 SIGNAL_POLL'
D/wpa_supplicant( 7324): RX ctrl_iface - hexdump(len=11): 53 49 47 4e 41 4c 5f 50 4f 4c 4c
D/wpa_supplicant( 7324): wlan0: Control interface command 'SIGNAL_POLL'
D/wpa_supplicant( 7324): nl80211: survey data missing!
D/wpa_supplicant( 7324): wlan0: RSSI=-44, LINKSPEED=72, NOISE=9999, FREQUENCY=2437
D/WifiHW  ( 2983): wifi_send_command ret=0, len=48
D/HwWifiStateMachine( 2983): handleMessage: X
E/Thermal-daemon( 2423): [flash_led] temp_new :30  temp_old :31
D/HwWifiStateMachine( 2983): handleMessage: E msg.what=131155
D/HwWifiStateMachine( 2983): processMsg: ConnectedState
D/HwWifiStateMachine( 2983): processMsg: L2ConnectedState
D/WifiHW  ( 2983): wifi_send_command: cmd:'IFNAME=wlan0 SIGNAL_POLL'
D/wpa_supplicant( 7324): RX ctrl_iface - hexdump(len=11): 53 49 47 4e 41 4c 5f 50 4f 4c 4c
D/wpa_supplicant( 7324): wlan0: Control interface command 'SIGNAL_POLL'
D/wpa_supplicant( 7324): nl80211: survey data missing!
D/wpa_supplicant( 7324): wlan0: RSSI=-47, LINKSPEED=72, NOISE=9999, FREQUENCY=2437
D/WifiHW  ( 2983): wifi_send_command ret=0, len=48
D/HwWifiStateMachine( 2983): handleMessage: X
D/HwWifiStateMachine( 2983): handleMessage: E msg.what=131155
D/HwWifiStateMachine( 2983): processMsg: ConnectedState
D/HwWifiStateMachine( 2983): processMsg: L2ConnectedState
D/WifiHW  ( 2983): wifi_send_command: cmd:'IFNAME=wlan0 SIGNAL_POLL'
D/wpa_supplicant( 7324): RX ctrl_iface - hexdump(len=11): 53 49 47 4e 41 4c 5f 50 4f 4c 4c
D/wpa_supplicant( 7324): wlan0: Control interface command 'SIGNAL_POLL'
D/wpa_supplicant( 7324): nl80211: survey data missing!
D/wpa_supplicant( 7324): wlan0: RSSI=-46, LINKSPEED=72, NOISE=9999, FREQUENCY=2437
D/WifiHW  ( 2983): wifi_send_command ret=0, len=48
D/HwWifiStateMachine( 2983): handleMessage: X
D/SupplicantHeartBeat( 2983): handleMessage: E msg.what=999903
D/SupplicantHeartBeat( 2983): processMsg: HeartAckState
D/WifiHW  ( 2983): wifi_send_command: cmd:'IFNAME=wlan0 HEART_BEAT CHECK'
D/wpa_supplicant( 7324): RX ctrl_iface - hexdump(len=16): 48 45 41 52 54 5f 42 45 41 54 20 43 48 45 43 4b
D/wpa_supplicant( 7324): wlan0: Control interface command 'HEART_BEAT CHECK'
I/wpa_supplicant( 7324): wlan0: HEART-BEAT-ACK: 254
D/wpa_supplicant( 7324): CTRL_IFACE monitor send - hexdump(len=40): 2f 64 61 74 61 2f 6d 69 73 63 2f 77 69 66 69 2f 73 6f 63 6b 65 74 73 2f 77 70 61 5f 63 74 72 6c ...
D/WifiHW  ( 2983): wifi_send_command ret=0, len=20
D/WifiHW  ( 2983): wifi ctrl recv res=0, nread=35
D/SupplicantHeartBeat( 2983): transitionTo: destState=WaitingHeartAckState
D/HwWifiStateMachine( 2983): handleMessage: E msg.what=147506
D/SupplicantHeartBeat( 2983): handleMessage: new destination call exit/enter
D/HwWifiStateMachine( 2983): processMsg: ConnectedState
D/HwWifiStateMachine( 2983): processMsg: L2ConnectedState
D/HwWifiStateMachine( 2983): processMsg: ConnectModeState
D/SupplicantHeartBeat( 2983): setupTempStateStackWithStatesToEnter: X mTempStateStackCount=1,curStateInfo: state=EnterSupplicantStarted,active=true,parent=DefaultState
D/HwWifiStateMachine( 2983): processMsg: DriverStartedState
D/HwWifiStateMachine( 2983): processMsg: SupplicantStartedState
D/SupplicantHeartBeat( 2983): invokeExitMethods: HeartAckState
D/SupplicantHeartBeat( 2983): moveTempStackToStateStack: i=0,j=2
D/HwWifiStateMachine( 2983): handleMessage: X
D/SupplicantHeartBeat( 2983): moveTempStackToStateStack: X mStateStackTop=2,startingIndex=2,Top=WaitingHeartAckState
D/SupplicantHeartBeat( 2983): invokeEnterMethods: WaitingHeartAckState
D/SupplicantHeartBeat( 2983): handleMessage: X
D/SupplicantHeartBeat( 2983): handleMessage: E msg.what=147506
D/SupplicantHeartBeat( 2983): processMsg: WaitingHeartAckState
D/SupplicantHeartBeat( 2983): transitionTo: destState=HeartAckState
D/SupplicantHeartBeat( 2983): handleMessage: new destination call exit/enter
D/SupplicantHeartBeat( 2983): setupTempStateStackWithStatesToEnter: X mTempStateStackCount=1,curStateInfo: state=EnterSupplicantStarted,active=true,parent=DefaultState
D/SupplicantHeartBeat( 2983): invokeExitMethods: WaitingHeartAckState
D/SupplicantHeartBeat( 2983): moveTempStackToStateStack: i=0,j=2
D/SupplicantHeartBeat( 2983): moveTempStackToStateStack: X mStateStackTop=2,startingIndex=2,Top=HeartAckState
D/SupplicantHeartBeat( 2983): invokeEnterMethods: HeartAckState
D/SupplicantHeartBeat( 2983): handleMessage: X
D/HwWifiStateMachine( 2983): handleMessage: E msg.what=131155
D/HwWifiStateMachine( 2983): processMsg: ConnectedState
D/HwWifiStateMachine( 2983): processMsg: L2ConnectedState
D/WifiHW  ( 2983): wifi_send_command: cmd:'IFNAME=wlan0 SIGNAL_POLL'
D/wpa_supplicant( 7324): RX ctrl_iface - hexdump(len=11): 53 49 47 4e 41 4c 5f 50 4f 4c 4c
D/wpa_supplicant( 7324): wlan0: Control interface command 'SIGNAL_POLL'
D/wpa_supplicant( 7324): nl80211: survey data missing!
D/wpa_supplicant( 7324): wlan0: RSSI=-43, LINKSPEED=72, NOISE=9999, FREQUENCY=2437
D/WifiHW  ( 2983): wifi_send_command ret=0, len=48
D/HwWifiStateMachine( 2983): handleMessage: X
D/SupplicantHeartBeat( 2983): handleMessage: E msg.what=999904
D/SupplicantHeartBeat( 2983): processMsg: HeartAckState
D/SupplicantHeartBeat( 2983): processMsg: EnterSupplicantStarted
D/SupplicantHeartBeat( 2983): processMsg: DefaultState
D/SupplicantHeartBeat( 2983): handleMessage: X
E/CommandListener( 2409): readDefRoute call readDefRoute
E/SecondaryTablController( 2409): isWifiDefaultRouteExisted /system/bin/ip route
D/WifiStateMachine( 2983): RouteDetect receive msg EVENT_ROUTE_CHECK
D/NetdConnector( 2983): SND -> {206 interface route readDefRoute}
D/SecondaryTablController( 2409): RouteDetect line= default via 192.168.1.1 dev wlan0 
D/SecondaryTablController( 2409): ret is 0
E/CommandListener( 2409): readDefRoute Rsp ok
D/NetdConnector( 2983): RMV <- {200 206 isWifiDefaultRouteExisted ok}
E/NetdConnector( 2983): NDC Command {206 interface route readDefRoute} took too long (1011ms)
D/WifiStateMachine( 2983): RouteDetect default exist, return true
D/HwWifiStateMachine( 2983): handleMessage: E msg.what=131155
D/HwWifiStateMachine( 2983): processMsg: ConnectedState
D/HwWifiStateMachine( 2983): processMsg: L2ConnectedState
D/WifiHW  ( 2983): wifi_send_command: cmd:'IFNAME=wlan0 SIGNAL_POLL'
D/wpa_supplicant( 7324): RX ctrl_iface - hexdump(len=11): 53 49 47 4e 41 4c 5f 50 4f 4c 4c
D/wpa_supplicant( 7324): wlan0: Control interface command 'SIGNAL_POLL'
D/wpa_supplicant( 7324): nl80211: survey data missing!
D/wpa_supplicant( 7324): wlan0: RSSI=-49, LINKSPEED=72, NOISE=9999, FREQUENCY=2437
D/WifiHW  ( 2983): wifi_send_command ret=0, len=48
D/HwWifiStateMachine( 2983): handleMessage: X
D/ArpVerifier( 2983): 192.168.1.1      0x1         0x6         48:7d:2e:55:dd:12     *        wlan0
D/ArpVerifier( 2983): 192.168.1.100    0x1         0x2         b0:34:95:ed:94:ca     *        wlan0
D/ArpVerifier( 2983): 192.168.1.103    0x1         0x2         70:48:0f:21:41:f0     *        wlan0
D/ArpVerifier( 2983): ARP wlan0,addr: /192.168.1.104,mac: f4:8e:92:24:01:26,gw: /192.168.1.1
D/MultiGW ( 2983): setGateWay 192.168.1.1
D/ArpVerifier( 2983): There are 1 mac address for gateway 
D/ArpVerifier( 2983): mac is static ARP: 48:7d:2e:55:dd:12
D/ArpVerifier( 2983): transmit to state:HEART_CHECK
D/HwWifiStateMachine( 2983): handleMessage: E msg.what=131155
D/HwWifiStateMachine( 2983): processMsg: ConnectedState
D/HwWifiStateMachine( 2983): processMsg: L2ConnectedState
D/WifiHW  ( 2983): wifi_send_command: cmd:'IFNAME=wlan0 SIGNAL_POLL'
D/wpa_supplicant( 7324): RX ctrl_iface - hexdump(len=11): 53 49 47 4e 41 4c 5f 50 4f 4c 4c
D/wpa_supplicant( 7324): wlan0: Control interface command 'SIGNAL_POLL'
D/wpa_supplicant( 7324): nl80211: survey data missing!
D/wpa_supplicant( 7324): wlan0: RSSI=-46, LINKSPEED=72, NOISE=9999, FREQUENCY=2437
D/WifiHW  ( 2983): wifi_send_command ret=0, len=48
D/HwWifiStateMachine( 2983): handleMessage: X
V/AlarmManager( 2983): Checking for alarms... rtc=1518269340002, elapsed=4033022
D/PowerManagerService( 2983): acquireWakeLockInternal: lock=1127379624, flags=0x1, tag="AlarmManager", ws=WorkSource{1000}, uid=1000, pid=2983
D/PowerManagerNotifier( 2983): onWakeLockAcquired: flags=1, tag="AlarmManager", packageName=android, ownerUid=1000, ownerPid=2983, workSource=WorkSource{1000}
D/PowerManagerService( 2983): updateWakeLockSummaryLocked: mWakefulness=Awake, mWakeLockSummary=0x1
D/PowerManagerService( 2983): updateScreenStateLocked: mDisplayReady=true, newScreenState=1, mWakefulness=1, mWakeLockSummary=0x1, mUserActivitySummary=0x0, mBootCompleted=true
D/PowerManagerService( 2983): Acquiring suspend blocker "PowerManagerService.WakeLocks".
D/KeyguardUpdateMonitor( 3843): received broadcast android.intent.action.TIME_TICK
D/KeyguardUpdateMonitor( 3843): handleTimeUpdate
D/PowerManagerService( 2983): handleSandman: canDream=false, mWakefulness=Awake
D/PowerManagerService( 2983): releaseWakeLockInternal: lock=1127379624 [AlarmManager], flags=0x0
D/PowerManagerNotifier( 2983): onWakeLockReleased: flags=1, tag="AlarmManager", packageName=android, ownerUid=1000, ownerPid=2983, workSource=WorkSource{1000}
D/PowerManagerService( 2983): updateWakeLockSummaryLocked: mWakefulness=Awake, mWakeLockSummary=0x0
D/PowerManagerService( 2983): updateScreenStateLocked: mDisplayReady=true, newScreenState=1, mWakefulness=1, mWakeLockSummary=0x0, mUserActivitySummary=0x0, mBootCompleted=true
D/PowerManagerService( 2983): Releasing suspend blocker "PowerManagerService.WakeLocks".
D/PowerManagerService( 2983): handleSandman: canDream=false, mWakefulness=Awake
D/HwWifiStateMachine( 2983): handleMessage: E msg.what=131155
D/HwWifiStateMachine( 2983): processMsg: ConnectedState
D/HwWifiStateMachine( 2983): processMsg: L2ConnectedState
D/WifiHW  ( 2983): wifi_send_command: cmd:'IFNAME=wlan0 SIGNAL_POLL'
D/wpa_supplicant( 7324): RX ctrl_iface - hexdump(len=11): 53 49 47 4e 41 4c 5f 50 4f 4c 4c
D/wpa_supplicant( 7324): wlan0: Control interface command 'SIGNAL_POLL'
D/wpa_supplicant( 7324): nl80211: survey data missing!
D/wpa_supplicant( 7324): wlan0: RSSI=-37, LINKSPEED=72, NOISE=9999, FREQUENCY=2437
D/WifiHW  ( 2983): wifi_send_command ret=0, len=48
D/HwWifiStateMachine( 2983): handleMessage: X
D/HwWifiStateMachine( 2983): handleMessage: E msg.what=131155
D/HwWifiStateMachine( 2983): processMsg: ConnectedState
D/HwWifiStateMachine( 2983): processMsg: L2ConnectedState
D/WifiHW  ( 2983): wifi_send_command: cmd:'IFNAME=wlan0 SIGNAL_POLL'
D/wpa_supplicant( 7324): RX ctrl_iface - hexdump(len=11): 53 49 47 4e 41 4c 5f 50 4f 4c 4c
D/wpa_supplicant( 7324): wlan0: Control interface command 'SIGNAL_POLL'
D/wpa_supplicant( 7324): nl80211: survey data missing!
D/wpa_supplicant( 7324): wlan0: RSSI=-48, LINKSPEED=72, NOISE=9999, FREQUENCY=2437
D/WifiHW  ( 2983): wifi_send_command ret=0, len=48
D/HwWifiStateMachine( 2983): handleMessage: X
E/Thermal-daemon( 2423): [charger] temp_new :31  temp_old :32
D/SupplicantHeartBeat( 2983): handleMessage: E msg.what=999903
D/SupplicantHeartBeat( 2983): processMsg: HeartAckState
D/WifiHW  ( 2983): wifi_send_command: cmd:'IFNAME=wlan0 HEART_BEAT CHECK'
D/wpa_supplicant( 7324): RX ctrl_iface - hexdump(len=16): 48 45 41 52 54 5f 42 45 41 54 20 43 48 45 43 4b
D/wpa_supplicant( 7324): wlan0: Control interface command 'HEART_BEAT CHECK'
I/wpa_supplicant( 7324): wlan0: HEART-BEAT-ACK: 255
D/wpa_supplicant( 7324): CTRL_IFACE monitor send - hexdump(len=40): 2f 64 61 74 61 2f 6d 69 73 63 2f 77 69 66 69 2f 73 6f 63 6b 65 74 73 2f 77 70 61 5f 63 74 72 6c ...
D/WifiHW  ( 2983): wifi_send_command ret=0, len=20
D/WifiHW  ( 2983): wifi ctrl recv res=0, nread=35
D/HwWifiStateMachine( 2983): handleMessage: E msg.what=147506
D/HwWifiStateMachine( 2983): processMsg: ConnectedState
D/SupplicantHeartBeat( 2983): transitionTo: destState=WaitingHeartAckState
D/HwWifiStateMachine( 2983): processMsg: L2ConnectedState
D/SupplicantHeartBeat( 2983): handleMessage: new destination call exit/enter
D/HwWifiStateMachine( 2983): processMsg: ConnectModeState
D/HwWifiStateMachine( 2983): processMsg: DriverStartedState
D/SupplicantHeartBeat( 2983): setupTempStateStackWithStatesToEnter: X mTempStateStackCount=1,curStateInfo: state=EnterSupplicantStarted,active=true,parent=DefaultState
D/HwWifiStateMachine( 2983): processMsg: SupplicantStartedState
D/SupplicantHeartBeat( 2983): invokeExitMethods: HeartAckState
D/SupplicantHeartBeat( 2983): moveTempStackToStateStack: i=0,j=2
D/HwWifiStateMachine( 2983): handleMessage: X
D/SupplicantHeartBeat( 2983): moveTempStackToStateStack: X mStateStackTop=2,startingIndex=2,Top=WaitingHeartAckState
D/SupplicantHeartBeat( 2983): invokeEnterMethods: WaitingHeartAckState
D/SupplicantHeartBeat( 2983): handleMessage: X
D/SupplicantHeartBeat( 2983): handleMessage: E msg.what=147506
D/SupplicantHeartBeat( 2983): processMsg: WaitingHeartAckState
D/SupplicantHeartBeat( 2983): transitionTo: destState=HeartAckState
D/SupplicantHeartBeat( 2983): handleMessage: new destination call exit/enter
D/SupplicantHeartBeat( 2983): setupTempStateStackWithStatesToEnter: X mTempStateStackCount=1,curStateInfo: state=EnterSupplicantStarted,active=true,parent=DefaultState
D/SupplicantHeartBeat( 2983): invokeExitMethods: WaitingHeartAckState
D/SupplicantHeartBeat( 2983): moveTempStackToStateStack: i=0,j=2
D/SupplicantHeartBeat( 2983): moveTempStackToStateStack: X mStateStackTop=2,startingIndex=2,Top=HeartAckState
D/SupplicantHeartBeat( 2983): invokeEnterMethods: HeartAckState
D/SupplicantHeartBeat( 2983): handleMessage: X
V/UsbDeviceManager( 2983): power_state is false usb_state is false
V/UsbDeviceManager( 2983): mBatteryChangedReceiver plugType is 2
D/WifiController( 2983): handleMessage: E msg.what=155652
D/WifiController( 2983): processMsg: DeviceActiveState
D/WifiController( 2983): processMsg: StaEnabledState
D/WifiController( 2983): processMsg: DefaultState
D/WifiController( 2983): handleMessage: X
D/KeyguardUpdateMonitor( 3843): received broadcast android.intent.action.BATTERY_CHANGED
D/KeyguardUpdateMonitor( 3843): handleBatteryUpdate
D/WifiController( 2983): battery changed pluggedType: 2
D/PowerManagerService( 2983): updateIsPoweredLocked: wasPowered=true, mIsPowered=true, oldPlugType=2, mPlugType=2, mBatteryLevel=77
D/HwPowerMonitor.Utils( 4396): ScrOff setChargingState mIsCharging = true
D/HwSystemManager( 5225): BgPowerManagerService:BgPowerManagerSerivce plugged =2 currentThreshold = 8 mRawLevel = 77mLastRawLevel77
D/BgPowerManagerService( 5225):  mTimes = 231483 firstTime = 3807791 firstmBatteryCapacity =2224
D/PowerManagerService( 2983): handleSandman: canDream=false, mWakefulness=Awake
D/HwWifiStateMachine( 2983): handleMessage: E msg.what=131155
D/HwWifiStateMachine( 2983): processMsg: ConnectedState
D/HwWifiStateMachine( 2983): processMsg: L2ConnectedState
D/WifiHW  ( 2983): wifi_send_command: cmd:'IFNAME=wlan0 SIGNAL_POLL'
D/wpa_supplicant( 7324): RX ctrl_iface - hexdump(len=11): 53 49 47 4e 41 4c 5f 50 4f 4c 4c
D/wpa_supplicant( 7324): wlan0: Control interface command 'SIGNAL_POLL'
D/wpa_supplicant( 7324): nl80211: survey data missing!
D/wpa_supplicant( 7324): wlan0: RSSI=-49, LINKSPEED=72, NOISE=9999, FREQUENCY=2437
D/WifiHW  ( 2983): wifi_send_command ret=0, len=48
D/HwWifiStateMachine( 2983): handleMessage: X
D/SupplicantHeartBeat( 2983): handleMessage: E msg.what=999904
D/SupplicantHeartBeat( 2983): processMsg: HeartAckState
D/SupplicantHeartBeat( 2983): processMsg: EnterSupplicantStarted
D/SupplicantHeartBeat( 2983): processMsg: DefaultState
D/SupplicantHeartBeat( 2983): handleMessage: X
D/HwWifiStateMachine( 2983): handleMessage: E msg.what=131155
D/HwWifiStateMachine( 2983): processMsg: ConnectedState
D/HwWifiStateMachine( 2983): processMsg: L2ConnectedState
D/WifiHW  ( 2983): wifi_send_command: cmd:'IFNAME=wlan0 SIGNAL_POLL'
D/wpa_supplicant( 7324): RX ctrl_iface - hexdump(len=11): 53 49 47 4e 41 4c 5f 50 4f 4c 4c
D/wpa_supplicant( 7324): wlan0: Control interface command 'SIGNAL_POLL'
D/wpa_supplicant( 7324): nl80211: survey data missing!
D/wpa_supplicant( 7324): wlan0: RSSI=-47, LINKSPEED=72, NOISE=9999, FREQUENCY=2437
D/WifiHW  ( 2983): wifi_send_command ret=0, len=48
D/HwWifiStateMachine( 2983): handleMessage: X
D/HwWifiStateMachine( 2983): handleMessage: E msg.what=131155
D/HwWifiStateMachine( 2983): processMsg: ConnectedState
D/HwWifiStateMachine( 2983): processMsg: L2ConnectedState
D/WifiHW  ( 2983): wifi_send_command: cmd:'IFNAME=wlan0 SIGNAL_POLL'
D/wpa_supplicant( 7324): RX ctrl_iface - hexdump(len=11): 53 49 47 4e 41 4c 5f 50 4f 4c 4c
D/wpa_supplicant( 7324): wlan0: Control interface command 'SIGNAL_POLL'
D/wpa_supplicant( 7324): nl80211: survey data missing!
D/wpa_supplicant( 7324): wlan0: RSSI=-44, LINKSPEED=72, NOISE=9999, FREQUENCY=2437
D/WifiHW  ( 2983): wifi_send_command ret=0, len=48
D/HwWifiStateMachine( 2983): handleMessage: X
D/HwWifiStateMachine( 2983): handleMessage: E msg.what=131155
D/HwWifiStateMachine( 2983): processMsg: ConnectedState
D/HwWifiStateMachine( 2983): processMsg: L2ConnectedState
D/WifiHW  ( 2983): wifi_send_command: cmd:'IFNAME=wlan0 SIGNAL_POLL'
D/wpa_supplicant( 7324): RX ctrl_iface - hexdump(len=11): 53 49 47 4e 41 4c 5f 50 4f 4c 4c
D/wpa_supplicant( 7324): wlan0: Control interface command 'SIGNAL_POLL'
D/wpa_supplicant( 7324): nl80211: survey data missing!
D/wpa_supplicant( 7324): wlan0: RSSI=-44, LINKSPEED=72, NOISE=9999, FREQUENCY=2437
D/WifiHW  ( 2983): wifi_send_command ret=0, len=48
D/HwWifiStateMachine( 2983): handleMessage: X
D/HwWifiStateMachine( 2983): handleMessage: E msg.what=131155
D/HwWifiStateMachine( 2983): processMsg: ConnectedState
D/HwWifiStateMachine( 2983): processMsg: L2ConnectedState
D/WifiHW  ( 2983): wifi_send_command: cmd:'IFNAME=wlan0 SIGNAL_POLL'
D/wpa_supplicant( 7324): RX ctrl_iface - hexdump(len=11): 53 49 47 4e 41 4c 5f 50 4f 4c 4c
D/wpa_supplicant( 7324): wlan0: Control interface command 'SIGNAL_POLL'
D/wpa_supplicant( 7324): nl80211: survey data missing!
D/wpa_supplicant( 7324): wlan0: RSSI=-45, LINKSPEED=72, NOISE=9999, FREQUENCY=2437
D/WifiHW  ( 2983): wifi_send_command ret=0, len=48
D/HwWifiStateMachine( 2983): handleMessage: X
D/SupplicantHeartBeat( 2983): handleMessage: E msg.what=999903
D/SupplicantHeartBeat( 2983): processMsg: HeartAckState
D/WifiHW  ( 2983): wifi_send_command: cmd:'IFNAME=wlan0 HEART_BEAT CHECK'
D/wpa_supplicant( 7324): RX ctrl_iface - hexdump(len=16): 48 45 41 52 54 5f 42 45 41 54 20 43 48 45 43 4b
D/wpa_supplicant( 7324): wlan0: Control interface command 'HEART_BEAT CHECK'
I/wpa_supplicant( 7324): wlan0: HEART-BEAT-ACK: 256
D/wpa_supplicant( 7324): CTRL_IFACE monitor send - hexdump(len=40): 2f 64 61 74 61 2f 6d 69 73 63 2f 77 69 66 69 2f 73 6f 63 6b 65 74 73 2f 77 70 61 5f 63 74 72 6c ...
D/WifiHW  ( 2983): wifi ctrl recv res=0, nread=35
D/WifiHW  ( 2983): wifi_send_command ret=0, len=20
D/SupplicantHeartBeat( 2983): transitionTo: destState=WaitingHeartAckState
D/HwWifiStateMachine( 2983): handleMessage: E msg.what=147506
D/SupplicantHeartBeat( 2983): handleMessage: new destination call exit/enter
D/HwWifiStateMachine( 2983): processMsg: ConnectedState
D/HwWifiStateMachine( 2983): processMsg: L2ConnectedState
D/HwWifiStateMachine( 2983): processMsg: ConnectModeState
D/SupplicantHeartBeat( 2983): setupTempStateStackWithStatesToEnter: X mTempStateStackCount=1,curStateInfo: state=EnterSupplicantStarted,active=true,parent=DefaultState
D/HwWifiStateMachine( 2983): processMsg: DriverStartedState
D/HwWifiStateMachine( 2983): processMsg: SupplicantStartedState
D/SupplicantHeartBeat( 2983): invokeExitMethods: HeartAckState
D/SupplicantHeartBeat( 2983): moveTempStackToStateStack: i=0,j=2
D/HwWifiStateMachine( 2983): handleMessage: X
D/SupplicantHeartBeat( 2983): moveTempStackToStateStack: X mStateStackTop=2,startingIndex=2,Top=WaitingHeartAckState
D/SupplicantHeartBeat( 2983): invokeEnterMethods: WaitingHeartAckState
D/SupplicantHeartBeat( 2983): handleMessage: X
D/SupplicantHeartBeat( 2983): handleMessage: E msg.what=147506
D/SupplicantHeartBeat( 2983): processMsg: WaitingHeartAckState
D/SupplicantHeartBeat( 2983): transitionTo: destState=HeartAckState
D/SupplicantHeartBeat( 2983): handleMessage: new destination call exit/enter
D/SupplicantHeartBeat( 2983): setupTempStateStackWithStatesToEnter: X mTempStateStackCount=1,curStateInfo: state=EnterSupplicantStarted,active=true,parent=DefaultState
D/SupplicantHeartBeat( 2983): invokeExitMethods: WaitingHeartAckState
D/SupplicantHeartBeat( 2983): moveTempStackToStateStack: i=0,j=2
D/SupplicantHeartBeat( 2983): moveTempStackToStateStack: X mStateStackTop=2,startingIndex=2,Top=HeartAckState
D/SupplicantHeartBeat( 2983): invokeEnterMethods: HeartAckState
D/SupplicantHeartBeat( 2983): handleMessage: X
D/HwWifiStateMachine( 2983): handleMessage: E msg.what=131155
D/HwWifiStateMachine( 2983): processMsg: ConnectedState
D/HwWifiStateMachine( 2983): processMsg: L2ConnectedState
D/WifiHW  ( 2983): wifi_send_command: cmd:'IFNAME=wlan0 SIGNAL_POLL'
D/wpa_supplicant( 7324): RX ctrl_iface - hexdump(len=11): 53 49 47 4e 41 4c 5f 50 4f 4c 4c
D/wpa_supplicant( 7324): wlan0: Control interface command 'SIGNAL_POLL'
D/wpa_supplicant( 7324): nl80211: survey data missing!
D/wpa_supplicant( 7324): wlan0: RSSI=-48, LINKSPEED=72, NOISE=9999, FREQUENCY=2437
D/WifiHW  ( 2983): wifi_send_command ret=0, len=48
D/HwWifiStateMachine( 2983): handleMessage: X
D/SupplicantHeartBeat( 2983): handleMessage: E msg.what=999904
D/SupplicantHeartBeat( 2983): processMsg: HeartAckState
D/SupplicantHeartBeat( 2983): processMsg: EnterSupplicantStarted
D/SupplicantHeartBeat( 2983): processMsg: DefaultState
D/SupplicantHeartBeat( 2983): handleMessage: X
E/CommandListener( 2409): readDefRoute call readDefRoute
E/SecondaryTablController( 2409): isWifiDefaultRouteExisted /system/bin/ip route
D/WifiStateMachine( 2983): RouteDetect receive msg EVENT_ROUTE_CHECK
D/NetdConnector( 2983): SND -> {207 interface route readDefRoute}
D/HwWifiStateMachine( 2983): handleMessage: E msg.what=131155
D/HwWifiStateMachine( 2983): processMsg: ConnectedState
D/HwWifiStateMachine( 2983): processMsg: L2ConnectedState
D/WifiHW  ( 2983): wifi_send_command: cmd:'IFNAME=wlan0 SIGNAL_POLL'
D/wpa_supplicant( 7324): RX ctrl_iface - hexdump(len=11): 53 49 47 4e 41 4c 5f 50 4f 4c 4c
D/wpa_supplicant( 7324): wlan0: Control interface command 'SIGNAL_POLL'
D/wpa_supplicant( 7324): nl80211: survey data missing!
D/wpa_supplicant( 7324): wlan0: RSSI=-47, LINKSPEED=72, NOISE=9999, FREQUENCY=2437
D/WifiHW  ( 2983): wifi_send_command ret=0, len=48
D/HwWifiStateMachine( 2983): handleMessage: X
D/SecondaryTablController( 2409): RouteDetect line= default via 192.168.1.1 dev wlan0 
D/SecondaryTablController( 2409): ret is 0
E/CommandListener( 2409): readDefRoute Rsp ok
D/NetdConnector( 2983): RMV <- {200 207 isWifiDefaultRouteExisted ok}
E/NetdConnector( 2983): NDC Command {207 interface route readDefRoute} took too long (1010ms)
D/WifiStateMachine( 2983): RouteDetect default exist, return true
D/ArpVerifier( 2983): 192.168.1.1      0x1         0x6         48:7d:2e:55:dd:12     *        wlan0
D/ArpVerifier( 2983): 192.168.1.100    0x1         0x2         b0:34:95:ed:94:ca     *        wlan0
D/ArpVerifier( 2983): 192.168.1.103    0x1         0x2         70:48:0f:21:41:f0     *        wlan0
D/ArpVerifier( 2983): ARP wlan0,addr: /192.168.1.104,mac: f4:8e:92:24:01:26,gw: /192.168.1.1
D/MultiGW ( 2983): setGateWay 192.168.1.1
D/ArpVerifier( 2983): There are 1 mac address for gateway 
D/ArpVerifier( 2983): mac is static ARP: 48:7d:2e:55:dd:12
D/ArpVerifier( 2983): transmit to state:HEART_CHECK
D/HwWifiStateMachine( 2983): handleMessage: E msg.what=131155
D/HwWifiStateMachine( 2983): processMsg: ConnectedState
D/HwWifiStateMachine( 2983): processMsg: L2ConnectedState
D/WifiHW  ( 2983): wifi_send_command: cmd:'IFNAME=wlan0 SIGNAL_POLL'
D/wpa_supplicant( 7324): RX ctrl_iface - hexdump(len=11): 53 49 47 4e 41 4c 5f 50 4f 4c 4c
D/wpa_supplicant( 7324): wlan0: Control interface command 'SIGNAL_POLL'
D/wpa_supplicant( 7324): nl80211: survey data missing!
D/wpa_supplicant( 7324): wlan0: RSSI=-40, LINKSPEED=72, NOISE=9999, FREQUENCY=2437
D/WifiHW  ( 2983): wifi_send_command ret=0, len=48
D/HwWifiStateMachine( 2983): handleMessage: X
D/HwWifiStateMachine( 2983): handleMessage: E msg.what=131155
D/HwWifiStateMachine( 2983): processMsg: ConnectedState
D/HwWifiStateMachine( 2983): processMsg: L2ConnectedState
D/WifiHW  ( 2983): wifi_send_command: cmd:'IFNAME=wlan0 SIGNAL_POLL'
D/wpa_supplicant( 7324): RX ctrl_iface - hexdump(len=11): 53 49 47 4e 41 4c 5f 50 4f 4c 4c
D/wpa_supplicant( 7324): wlan0: Control interface command 'SIGNAL_POLL'
D/wpa_supplicant( 7324): nl80211: survey data missing!
D/wpa_supplicant( 7324): wlan0: RSSI=-46, LINKSPEED=72, NOISE=9999, FREQUENCY=2437
D/WifiHW  ( 2983): wifi_send_command ret=0, len=48
D/HwWifiStateMachine( 2983): handleMessage: X
D/HwWifiStateMachine( 2983): handleMessage: E msg.what=131155
D/HwWifiStateMachine( 2983): processMsg: ConnectedState
D/HwWifiStateMachine( 2983): processMsg: L2ConnectedState
D/WifiHW  ( 2983): wifi_send_command: cmd:'IFNAME=wlan0 SIGNAL_POLL'
D/wpa_supplicant( 7324): RX ctrl_iface - hexdump(len=11): 53 49 47 4e 41 4c 5f 50 4f 4c 4c
D/wpa_supplicant( 7324): wlan0: Control interface command 'SIGNAL_POLL'
D/wpa_supplicant( 7324): nl80211: survey data missing!
D/wpa_supplicant( 7324): wlan0: RSSI=-46, LINKSPEED=72, NOISE=9999, FREQUENCY=2437
D/WifiHW  ( 2983): wifi_send_command ret=0, len=48
D/HwWifiStateMachine( 2983): handleMessage: X
W/AppsCleanUp( 4426): maybe hold screen wake lock long time
D/SupplicantHeartBeat( 2983): handleMessage: E msg.what=999903
D/SupplicantHeartBeat( 2983): processMsg: HeartAckState
D/WifiHW  ( 2983): wifi_send_command: cmd:'IFNAME=wlan0 HEART_BEAT CHECK'
D/wpa_supplicant( 7324): RX ctrl_iface - hexdump(len=16): 48 45 41 52 54 5f 42 45 41 54 20 43 48 45 43 4b
D/wpa_supplicant( 7324): wlan0: Control interface command 'HEART_BEAT CHECK'
I/wpa_supplicant( 7324): wlan0: HEART-BEAT-ACK: 257
D/wpa_supplicant( 7324): CTRL_IFACE monitor send - hexdump(len=40): 2f 64 61 74 61 2f 6d 69 73 63 2f 77 69 66 69 2f 73 6f 63 6b 65 74 73 2f 77 70 61 5f 63 74 72 6c ...
D/WifiHW  ( 2983): wifi ctrl recv res=0, nread=35
D/WifiHW  ( 2983): wifi_send_command ret=0, len=20
D/HwWifiStateMachine( 2983): handleMessage: E msg.what=147506
D/SupplicantHeartBeat( 2983): transitionTo: destState=WaitingHeartAckState
D/HwWifiStateMachine( 2983): processMsg: ConnectedState
D/HwWifiStateMachine( 2983): processMsg: L2ConnectedState
D/SupplicantHeartBeat( 2983): handleMessage: new destination call exit/enter
D/HwWifiStateMachine( 2983): processMsg: ConnectModeState
D/HwWifiStateMachine( 2983): processMsg: DriverStartedState
D/HwWifiStateMachine( 2983): processMsg: SupplicantStartedState
D/SupplicantHeartBeat( 2983): setupTempStateStackWithStatesToEnter: X mTempStateStackCount=1,curStateInfo: state=EnterSupplicantStarted,active=true,parent=DefaultState
D/SupplicantHeartBeat( 2983): invokeExitMethods: HeartAckState
D/HwWifiStateMachine( 2983): handleMessage: X
D/SupplicantHeartBeat( 2983): moveTempStackToStateStack: i=0,j=2
D/SupplicantHeartBeat( 2983): moveTempStackToStateStack: X mStateStackTop=2,startingIndex=2,Top=WaitingHeartAckState
D/SupplicantHeartBeat( 2983): invokeEnterMethods: WaitingHeartAckState
D/SupplicantHeartBeat( 2983): handleMessage: X
D/SupplicantHeartBeat( 2983): handleMessage: E msg.what=147506
D/SupplicantHeartBeat( 2983): processMsg: WaitingHeartAckState
D/SupplicantHeartBeat( 2983): transitionTo: destState=HeartAckState
D/SupplicantHeartBeat( 2983): handleMessage: new destination call exit/enter
D/SupplicantHeartBeat( 2983): setupTempStateStackWithStatesToEnter: X mTempStateStackCount=1,curStateInfo: state=EnterSupplicantStarted,active=true,parent=DefaultState
D/SupplicantHeartBeat( 2983): invokeExitMethods: WaitingHeartAckState
D/SupplicantHeartBeat( 2983): moveTempStackToStateStack: i=0,j=2
D/SupplicantHeartBeat( 2983): moveTempStackToStateStack: X mStateStackTop=2,startingIndex=2,Top=HeartAckState
D/SupplicantHeartBeat( 2983): invokeEnterMethods: HeartAckState
D/SupplicantHeartBeat( 2983): handleMessage: X
D/HwWifiStateMachine( 2983): handleMessage: E msg.what=131155
D/HwWifiStateMachine( 2983): processMsg: ConnectedState
D/HwWifiStateMachine( 2983): processMsg: L2ConnectedState
D/WifiHW  ( 2983): wifi_send_command: cmd:'IFNAME=wlan0 SIGNAL_POLL'
D/wpa_supplicant( 7324): RX ctrl_iface - hexdump(len=11): 53 49 47 4e 41 4c 5f 50 4f 4c 4c
D/wpa_supplicant( 7324): wlan0: Control interface command 'SIGNAL_POLL'
V/UsbDeviceManager( 2983): power_state is false usb_state is false
D/WifiController( 2983): handleMessage: E msg.what=155652
D/WifiController( 2983): processMsg: DeviceActiveState
D/KeyguardUpdateMonitor( 3843): received broadcast android.intent.action.BATTERY_CHANGED
D/WifiController( 2983): processMsg: StaEnabledState
D/WifiController( 2983): processMsg: DefaultState
D/KeyguardUpdateMonitor( 3843): handleBatteryUpdate
D/WifiController( 2983): handleMessage: X
V/UsbDeviceManager( 2983): mBatteryChangedReceiver plugType is 2
D/WifiController( 2983): battery changed pluggedType: 2
D/wpa_supplicant( 7324): nl80211: survey data missing!
D/wpa_supplicant( 7324): wlan0: RSSI=-46, LINKSPEED=72, NOISE=9999, FREQUENCY=2437
D/WifiHW  ( 2983): wifi_send_command ret=0, len=48
D/PowerManagerService( 2983): updateIsPoweredLocked: wasPowered=true, mIsPowered=true, oldPlugType=2, mPlugType=2, mBatteryLevel=77
D/HwWifiStateMachine( 2983): handleMessage: X
D/HwPowerMonitor.Utils( 4396): ScrOff setChargingState mIsCharging = true
D/HwSystemManager( 5225): BgPowerManagerService:BgPowerManagerSerivce plugged =2 currentThreshold = 8 mRawLevel = 77mLastRawLevel77
D/BgPowerManagerService( 5225):  mTimes = 262205 firstTime = 3807791 firstmBatteryCapacity =2224
D/PowerManagerService( 2983): handleSandman: canDream=false, mWakefulness=Awake
D/dalvikvm( 2983): GC_CONCURRENT freed 3253K, 14% free 39915K/46052K, paused 7ms+5ms, total 99ms
D/SupplicantHeartBeat( 2983): handleMessage: E msg.what=999904
D/SupplicantHeartBeat( 2983): processMsg: HeartAckState
D/SupplicantHeartBeat( 2983): processMsg: EnterSupplicantStarted
D/SupplicantHeartBeat( 2983): processMsg: DefaultState
D/SupplicantHeartBeat( 2983): handleMessage: X
D/PowerManagerService( 2983): acquireWakeLockInternal: lock=1129755632, flags=0x1, tag="NetworkStats", ws=null, uid=1000, pid=2983
D/PowerManagerNotifier( 2983): onWakeLockAcquired: flags=1, tag="NetworkStats", packageName=android, ownerUid=1000, ownerPid=2983, workSource=null
D/PowerManagerService( 2983): updateWakeLockSummaryLocked: mWakefulness=Awake, mWakeLockSummary=0x1
D/PowerManagerService( 2983): updateScreenStateLocked: mDisplayReady=true, newScreenState=1, mWakefulness=1, mWakeLockSummary=0x1, mUserActivitySummary=0x0, mBootCompleted=true
D/PowerManagerService( 2983): Acquiring suspend blocker "PowerManagerService.WakeLocks".
D/NetdConnector( 2983): SND -> {208 bandwidth gettetherstats}
V/BandwidthController( 2409): filter:   -1 -1 -1 -1
V/BandwidthController( 2409): parse res=0 iface0=<> iface1=<> pkts=0 bytes=0 rest=<> orig line=<Chain natctrl_tether_counters (0 references)
V/BandwidthController( 2409): >
V/BandwidthController( 2409): parse res=0 iface0=<> iface1=<> pkts=0 bytes=0 rest=<> orig line=<    pkts      bytes target     prot opt in     out     source               destination         
V/BandwidthController( 2409): >
D/NetdConnector( 2983): RMV <- {200 208 Tethering stats list completed}
D/PowerManagerService( 2983): handleSandman: canDream=false, mWakefulness=Awake
D/PowerManagerService( 2983): releaseWakeLockInternal: lock=1129755632 [NetworkStats], flags=0x0
D/PowerManagerNotifier( 2983): onWakeLockReleased: flags=1, tag="NetworkStats", packageName=android, ownerUid=1000, ownerPid=2983, workSource=null
D/PowerManagerService( 2983): updateWakeLockSummaryLocked: mWakefulness=Awake, mWakeLockSummary=0x0
D/PowerManagerService( 2983): updateScreenStateLocked: mDisplayReady=true, newScreenState=1, mWakefulness=1, mWakeLockSummary=0x0, mUserActivitySummary=0x0, mBootCompleted=true
D/PowerManagerService( 2983): Releasing suspend blocker "PowerManagerService.WakeLocks".
E/HwSystemManager( 5225): CommonMethodUtil:/getTemplateMobileAutomatically: no SIM card using data
W/HwSystemManager( 5225): TrafficAnalyseManager:isMainCard: imsi is null.
E/HwSystemManager( 5225): TrafficNotifyOverMarkForDay:notifyTafficOverMarkForDay: prefferredImsi is null.
E/HwSystemManager( 5225): CommonMethodUtil:/getTemplateMobileAutomatically: no SIM card using data
D/PowerManagerService( 2983): handleSandman: canDream=false, mWakefulness=Awake
W/HwSystemManager( 5225): TrafficAnalyseManager:isMainCard: imsi is null.
E/HwSystemManager( 5225): TrafficNotifyOverMarkForMonth:notifyTafficOverMarkForMonth: prefferredImsi is null.
E/HwSystemManager( 5225): CommonMethodUtil:/getTemplateMobileAutomatically: no SIM card using data
W/HwSystemManager( 5225): TrafficAnalyseManager:isMainCard: imsi is null.
E/HwSystemManager( 5225): TrafficNotifyExcessForMonth:notifyTafficExcessForMonth: prefferredImsi is null.
D/HwWifiStateMachine( 2983): handleMessage: E msg.what=131155
D/HwWifiStateMachine( 2983): processMsg: ConnectedState
D/HwWifiStateMachine( 2983): processMsg: L2ConnectedState
D/WifiHW  ( 2983): wifi_send_command: cmd:'IFNAME=wlan0 SIGNAL_POLL'
D/wpa_supplicant( 7324): RX ctrl_iface - hexdump(len=11): 53 49 47 4e 41 4c 5f 50 4f 4c 4c
D/wpa_supplicant( 7324): wlan0: Control interface command 'SIGNAL_POLL'
D/wpa_supplicant( 7324): nl80211: survey data missing!
D/wpa_supplicant( 7324): wlan0: RSSI=-43, LINKSPEED=72, NOISE=9999, FREQUENCY=2437
D/WifiHW  ( 2983): wifi_send_command ret=0, len=48
D/HwWifiStateMachine( 2983): handleMessage: X
D/HwWifiStateMachine( 2983): handleMessage: E msg.what=131155
D/HwWifiStateMachine( 2983): processMsg: ConnectedState
D/HwWifiStateMachine( 2983): processMsg: L2ConnectedState
D/WifiHW  ( 2983): wifi_send_command: cmd:'IFNAME=wlan0 SIGNAL_POLL'
D/wpa_supplicant( 7324): RX ctrl_iface - hexdump(len=11): 53 49 47 4e 41 4c 5f 50 4f 4c 4c
D/wpa_supplicant( 7324): wlan0: Control interface command 'SIGNAL_POLL'
D/wpa_supplicant( 7324): nl80211: survey data missing!
D/wpa_supplicant( 7324): wlan0: RSSI=-45, LINKSPEED=72, NOISE=9999, FREQUENCY=2437
D/WifiHW  ( 2983): wifi_send_command ret=0, len=48
D/HwWifiStateMachine( 2983): handleMessage: X
D/HwWifiStateMachine( 2983): handleMessage: E msg.what=131155
D/HwWifiStateMachine( 2983): processMsg: ConnectedState
D/HwWifiStateMachine( 2983): processMsg: L2ConnectedState
D/WifiHW  ( 2983): wifi_send_command: cmd:'IFNAME=wlan0 SIGNAL_POLL'
D/wpa_supplicant( 7324): RX ctrl_iface - hexdump(len=11): 53 49 47 4e 41 4c 5f 50 4f 4c 4c
D/wpa_supplicant( 7324): wlan0: Control interface command 'SIGNAL_POLL'
D/wpa_supplicant( 7324): nl80211: survey data missing!
D/wpa_supplicant( 7324): wlan0: RSSI=-44, LINKSPEED=72, NOISE=9999, FREQUENCY=2437
D/WifiHW  ( 2983): wifi_send_command ret=0, len=48
D/HwWifiStateMachine( 2983): handleMessage: X
D/HwWifiStateMachine( 2983): handleMessage: E msg.what=131155
D/HwWifiStateMachine( 2983): processMsg: ConnectedState
D/HwWifiStateMachine( 2983): processMsg: L2ConnectedState
D/WifiHW  ( 2983): wifi_send_command: cmd:'IFNAME=wlan0 SIGNAL_POLL'
D/wpa_supplicant( 7324): RX ctrl_iface - hexdump(len=11): 53 49 47 4e 41 4c 5f 50 4f 4c 4c
D/wpa_supplicant( 7324): wlan0: Control interface command 'SIGNAL_POLL'
D/wpa_supplicant( 7324): nl80211: survey data missing!
D/wpa_supplicant( 7324): wlan0: RSSI=-42, LINKSPEED=72, NOISE=9999, FREQUENCY=2437
D/WifiHW  ( 2983): wifi_send_command ret=0, len=48
D/HwWifiStateMachine( 2983): handleMessage: X
D/SupplicantHeartBeat( 2983): handleMessage: E msg.what=999903
D/SupplicantHeartBeat( 2983): processMsg: HeartAckState
D/WifiHW  ( 2983): wifi_send_command: cmd:'IFNAME=wlan0 HEART_BEAT CHECK'
D/wpa_supplicant( 7324): RX ctrl_iface - hexdump(len=16): 48 45 41 52 54 5f 42 45 41 54 20 43 48 45 43 4b
D/wpa_supplicant( 7324): wlan0: Control interface command 'HEART_BEAT CHECK'
I/wpa_supplicant( 7324): wlan0: HEART-BEAT-ACK: 258
D/wpa_supplicant( 7324): CTRL_IFACE monitor send - hexdump(len=40): 2f 64 61 74 61 2f 6d 69 73 63 2f 77 69 66 69 2f 73 6f 63 6b 65 74 73 2f 77 70 61 5f 63 74 72 6c ...
D/WifiHW  ( 2983): wifi_send_command ret=0, len=20
D/WifiHW  ( 2983): wifi ctrl recv res=0, nread=35
D/HwWifiStateMachine( 2983): handleMessage: E msg.what=147506
D/HwWifiStateMachine( 2983): processMsg: ConnectedState
D/SupplicantHeartBeat( 2983): transitionTo: destState=WaitingHeartAckState
D/HwWifiStateMachine( 2983): processMsg: L2ConnectedState
D/HwWifiStateMachine( 2983): processMsg: ConnectModeState
D/SupplicantHeartBeat( 2983): handleMessage: new destination call exit/enter
D/HwWifiStateMachine( 2983): processMsg: DriverStartedState
D/SupplicantHeartBeat( 2983): setupTempStateStackWithStatesToEnter: X mTempStateStackCount=1,curStateInfo: state=EnterSupplicantStarted,active=true,parent=DefaultState
D/SupplicantHeartBeat( 2983): invokeExitMethods: HeartAckState
D/HwWifiStateMachine( 2983): processMsg: SupplicantStartedState
D/SupplicantHeartBeat( 2983): moveTempStackToStateStack: i=0,j=2
D/SupplicantHeartBeat( 2983): moveTempStackToStateStack: X mStateStackTop=2,startingIndex=2,Top=WaitingHeartAckState
D/HwWifiStateMachine( 2983): handleMessage: X
D/SupplicantHeartBeat( 2983): invokeEnterMethods: WaitingHeartAckState
D/SupplicantHeartBeat( 2983): handleMessage: X
D/SupplicantHeartBeat( 2983): handleMessage: E msg.what=147506
D/SupplicantHeartBeat( 2983): processMsg: WaitingHeartAckState
D/SupplicantHeartBeat( 2983): transitionTo: destState=HeartAckState
D/SupplicantHeartBeat( 2983): handleMessage: new destination call exit/enter
D/SupplicantHeartBeat( 2983): setupTempStateStackWithStatesToEnter: X mTempStateStackCount=1,curStateInfo: state=EnterSupplicantStarted,active=true,parent=DefaultState
D/SupplicantHeartBeat( 2983): invokeExitMethods: WaitingHeartAckState
D/SupplicantHeartBeat( 2983): moveTempStackToStateStack: i=0,j=2
D/SupplicantHeartBeat( 2983): moveTempStackToStateStack: X mStateStackTop=2,startingIndex=2,Top=HeartAckState
D/SupplicantHeartBeat( 2983): invokeEnterMethods: HeartAckState
D/SupplicantHeartBeat( 2983): handleMessage: X
D/HwWifiStateMachine( 2983): handleMessage: E msg.what=131155
D/HwWifiStateMachine( 2983): processMsg: ConnectedState
D/HwWifiStateMachine( 2983): processMsg: L2ConnectedState
D/WifiHW  ( 2983): wifi_send_command: cmd:'IFNAME=wlan0 SIGNAL_POLL'
D/wpa_supplicant( 7324): RX ctrl_iface - hexdump(len=11): 53 49 47 4e 41 4c 5f 50 4f 4c 4c
D/wpa_supplicant( 7324): wlan0: Control interface command 'SIGNAL_POLL'
D/wpa_supplicant( 7324): nl80211: survey data missing!
D/wpa_supplicant( 7324): wlan0: RSSI=-42, LINKSPEED=72, NOISE=9999, FREQUENCY=2437
D/WifiHW  ( 2983): wifi_send_command ret=0, len=48
D/HwWifiStateMachine( 2983): handleMessage: X
V/AlarmManager( 2983): Checking for alarms... rtc=1518269392378, elapsed=4085399
D/PowerManagerService( 2983): acquireWakeLockInternal: lock=1127379624, flags=0x1, tag="AlarmManager", ws=WorkSource{10033}, uid=1000, pid=2983
D/PowerManagerNotifier( 2983): onWakeLockAcquired: flags=1, tag="AlarmManager", packageName=android, ownerUid=1000, ownerPid=2983, workSource=WorkSource{10033}
D/AccessSchedulerTrigger( 4060): onAccessSchedulerTriggered by timer, curTime:4085407
I/AccessSchedulerImpl( 4060): onAccessSchedulerTriggered... try to addTask
I/AccessSchedulerImpl( 4060): addTask...
D/AccessSchedulerImpl( 4060): before add, queue size:0
D/AccessSchedulerImpl( 4060): addTask ret:true
D/AccessSchedulerImpl( 4060): after add, queue size:1
D/AccessSchedulerImpl( 4060): task taked, try scheduler...
I/AccessSchedulerImpl( 4060): scheduler...begin
D/PowerManagerService( 2983): updateWakeLockSummaryLocked: mWakefulness=Awake, mWakeLockSummary=0x1
D/PowerManagerService( 2983): updateScreenStateLocked: mDisplayReady=true, newScreenState=1, mWakefulness=1, mWakeLockSummary=0x1, mUserActivitySummary=0x0, mBootCompleted=true
D/PowerManagerService( 2983): Acquiring suspend blocker "PowerManagerService.WakeLocks".
V/AlarmManager( 2983): sending alarm Alarm{43d05058 type 0 android},repeatInterval = 0
D/PowerManagerService( 2983): updateWakeLockWorkSourceInternal: lock=1127379624 [AlarmManager], ws=WorkSource{1000}
D/PowerManagerNotifier( 2983): onWakeLockReleased: flags=1, tag="AlarmManager", packageName=android, ownerUid=1000, ownerPid=2983, workSource=WorkSource{10033}
D/PowerManagerNotifier( 2983): onWakeLockAcquired: flags=1, tag="AlarmManager", packageName=android, ownerUid=1000, ownerPid=2983, workSource=WorkSource{1000}
W/PushLog2551( 7201): [main-1]no macAddress in device_info(android/CommFun.java:1209)
I/DataAccessDBImpl( 4060): updateApnUseTime... for apn:ssid_"TP-LINK_DD12"48:7d:2e:55:dd:12,updateRet:1
I/AccessSchedulerStorageManager( 4060): updateApnUseTime... apnName:ssid_"TP-LINK_DD12"48:7d:2e:55:dd:12
I/AccessSchedulerStorageManager( 4060): isNeedScheduler... 
D/AccessSchedulerStorageManager( 4060): try updateCacheInfo...currentApn:ssid_"TP-LINK_DD12"48:7d:2e:55:dd:12
I/AccessSchedulerStorageManager( 4060): same apn. no need update.
I/AccessSchedulerImpl( 4060): scheduler...no need scheduler. return
D/AccessSchedulerImpl( 4060): try take a task...
D/PowerManagerService( 2983): acquireWakeLockInternal: lock=1135707024, flags=0x1, tag="eventloop", ws=null, uid=1000, pid=7201
D/PowerManagerNotifier( 2983): onWakeLockAcquired: flags=1, tag="eventloop", packageName=android, ownerUid=1000, ownerPid=7201, workSource=null
D/PowerManagerService( 2983): updateWakeLockSummaryLocked: mWakefulness=Awake, mWakeLockSummary=0x1
D/PowerManagerService( 2983): updateScreenStateLocked: mDisplayReady=true, newScreenState=1, mWakefulness=1, mWakeLockSummary=0x1, mUserActivitySummary=0x0, mBootCompleted=true
D/PowerManagerService( 2983): releaseWakeLockInternal: lock=1127379624 [AlarmManager], flags=0x0
D/PowerManagerNotifier( 2983): onWakeLockReleased: flags=1, tag="AlarmManager", packageName=android, ownerUid=1000, ownerPid=2983, workSource=WorkSource{1000}
D/PowerManagerService( 2983): updateWakeLockSummaryLocked: mWakefulness=Awake, mWakeLockSummary=0x1
D/PowerManagerService( 2983): updateScreenStateLocked: mDisplayReady=true, newScreenState=1, mWakefulness=1, mWakeLockSummary=0x1, mUserActivitySummary=0x0, mBootCompleted=true
V/AlarmManager( 2983): set(PendingIntent{43b9e070: PendingIntentRecord{43832120 android broadcastIntent}}) : type=0 triggerAtTime=1518269402426 win=0 tElapsed=4095446 maxElapsed=4095446 interval=0 standalone=false
D/PowerManagerService( 2983): handleSandman: canDream=false, mWakefulness=Awake
I/PushLog2551( 7201): [ReceiverDispatcher-238]read to Send:DA(android/ConnectEntity.java:120)
D/PowerManagerService( 2983): releaseWakeLockInternal: lock=1135707024 [eventloop], flags=0x0
D/PowerManagerNotifier( 2983): onWakeLockReleased: flags=1, tag="eventloop", packageName=android, ownerUid=1000, ownerPid=7201, workSource=null
D/PowerManagerService( 2983): updateWakeLockSummaryLocked: mWakefulness=Awake, mWakeLockSummary=0x0
D/PowerManagerService( 2983): updateScreenStateLocked: mDisplayReady=true, newScreenState=1, mWakefulness=1, mWakeLockSummary=0x0, mUserActivitySummary=0x0, mBootCompleted=true
D/PowerManagerService( 2983): Releasing suspend blocker "PowerManagerService.WakeLocks".
D/PowerManagerService( 2983): acquireWakeLockInternal: lock=1132926272, flags=0x1, tag="dispatcher", ws=null, uid=1000, pid=7201
D/PowerManagerNotifier( 2983): onWakeLockAcquired: flags=1, tag="dispatcher", packageName=android, ownerUid=1000, ownerPid=7201, workSource=null
