D/HwActivityManagerService( 2983): handleANRFilterFIFO,uid = 10100cmd = 1
I/AudioRecordPermission( 1421): remindWithResult:false
V/AudioPolicyManagerBase( 2417): AudioPolicyManager::startInput() input source = 1
I/HuaweiPreprocessing( 2417): PreprocessingFx_Command: EFFECT_CMD_SET_INPUT_DEVICE: *pCmdData = 0x80000004
I/HuaweiPreprocessing_hdr_adp( 2417): algo_set_parameter: Enable = false
I/HuaweiPreprocessing_hdr_adp( 2417): algo_set_parameter: MainMicGainMindB = 0
I/HuaweiPreprocessing_hdr_adp( 2417): algo_set_parameter: MainMicGainMaxdB = 32
I/HuaweiPreprocessing_hdr_adp( 2417): algo_set_parameter: MainMicGainInitdB = 26
I/HuaweiPreprocessing_hdr_adp( 2417): algo_set_parameter: MainMicGainStepdB = 2
I/HuaweiPreprocessing_hdr_adp( 2417): algo_set_parameter: MainMicAttackTime = 20
I/HuaweiPreprocessing_hdr_adp( 2417): algo_set_parameter: MainMicReleaseTime = 1300
I/HuaweiPreprocessing_hdr_adp( 2417): algo_set_parameter: MainMicHdrFlag = 1
I/HuaweiPreprocessing_hdr_adp( 2417): algo_set_parameter: MainMicRecordMode = 1
I/HuaweiPreprocessing_hdr_adp( 2417): algo_set_parameter: SubMicGainMindB = 0
I/HuaweiPreprocessing_hdr_adp( 2417): algo_set_parameter: SubMicGainMaxdB = 32
I/HuaweiPreprocessing_hdr_adp( 2417): algo_set_parameter: SubMicGainInitdB = 26
I/HuaweiPreprocessing_hdr_adp( 2417): algo_set_parameter: SubMicGainStepdB = 2
I/HuaweiPreprocessing_hdr_adp( 2417): algo_set_parameter: SubMicAttackTime = 20
I/HuaweiPreprocessing_hdr_adp( 2417): algo_set_parameter: SubMicReleaseTime = 1300
I/HuaweiPreprocessing_hdr_adp( 2417): algo_set_parameter: SubMicHdrFlag = 1
I/HuaweiPreprocessing_hdr_adp( 2417): algo_set_parameter: SubMicRecordMode = 1
I/HuaweiPreprocessing_ldr_adp( 2417): algo_set_parameter: Enable = false
I/HuaweiPreprocessing_ldr_adp( 2417): algo_set_parameter: MainMicTargetLev = -3
I/HuaweiPreprocessing_ldr_adp( 2417): algo_set_parameter: MainMicNoiseFloor = -40
I/HuaweiPreprocessing_ldr_adp( 2417): algo_set_parameter: MainMicMaxGain = 15
I/HuaweiPreprocessing_ldr_adp( 2417): algo_set_parameter: MainMicMinGain = -40
I/HuaweiPreprocessing_ldr_adp( 2417): algo_set_parameter: MainMicAdjustSpd = 5
I/HuaweiPreprocessing_ldr_adp( 2417): algo_set_parameter: MainMicImproveSNR = 0
I/HuaweiPreprocessing_ldr_adp( 2417): algo_set_parameter: MainMicBackGrdLev = -40
D/PowerManagerService( 2983): acquireWakeLockInternal: lock=1135938080, flags=0x1, tag="AudioIn", ws=WorkSource{10100}, uid=1013, pid=2417
D/PowerManagerNotifier( 2983): onWakeLockAcquired: flags=1, tag="AudioIn", packageName=media, ownerUid=1013, ownerPid=2417, workSource=WorkSource{10100}
D/PowerManagerService( 2983): updateWakeLockSummaryLocked: mWakefulness=Awake, mWakeLockSummary=0x23
D/PowerManagerService( 2983): updateScreenStateLocked: mDisplayReady=true, newScreenState=2, mWakefulness=1, mWakeLockSummary=0x23, mUserActivitySummary=0x1, mBootCompleted=true
I/HuaweiPreprocessing_ldr_adp( 2417): algo_set_parameter: MainMicSuppressRange = 0
I/HuaweiPreprocessing_ldr_adp( 2417): algo_set_parameter: MainMicUseHPFilter = 2
I/HuaweiPreprocessing_ldr_adp( 2417): algo_set_parameter: MainMicOutputMode = 0
I/HuaweiPreprocessing_ldr_adp( 2417): algo_set_parameter: SubMicTargetLev = -3
I/HuaweiPreprocessing_ldr_adp( 2417): algo_set_parameter: SubMicNoiseFloor = -40
I/HuaweiPreprocessing_ldr_adp( 2417): algo_set_parameter: SubMicMaxGain = 15
I/HuaweiPreprocessing_ldr_adp( 2417): algo_set_parameter: SubMicMinGain = -40
I/HuaweiPreprocessing_ldr_adp( 2417): algo_set_parameter: SubMicAdjustSpd = 5
I/HuaweiPreprocessing_ldr_adp( 2417): algo_set_parameter: SubMicImproveSNR = 0
I/HuaweiPreprocessing_ldr_adp( 2417): algo_set_parameter: SubMicBackGrdLev = -40
I/HuaweiPreprocessing_ldr_adp( 2417): algo_set_parameter: SubMicSuppressRange = 0
I/HuaweiPreprocessing_ldr_adp( 2417): algo_set_parameter: SubMicUseHPFilter = 2
I/HuaweiPreprocessing_ldr_adp( 2417): algo_set_parameter: SubMicOutputMode = 0
I/HuaweiPreprocessing_rnr_adp( 2417): algo_set_parameter: Enable = true
I/HuaweiPreprocessing_rnr_adp( 2417): algo_set_parameter: NoiseReduceMode = 0
I/HuaweiPreprocessing_rnr_adp( 2417): algo_set_parameter: MaxNoiseReduceLevel = 13
I/HuaweiPreprocessing_rnr_adp( 2417): algo_set_parameter: UseHighPassFilt = 1
I/HuaweiPreprocessing_rnr_adp( 2417): algo_set_parameter: NoiseThreshold = -40
I/HuaweiPreprocessing_rnr_adp( 2417): algo_set_parameter: EnableNoiseBurst = 1
I/HuaweiPreprocessing_rnr_adp( 2417): algo_set_parameter: VadThreshold = 50
I/HuaweiPreprocessing_wnr_adp( 2417): algo_set_parameter: Enable = false
I/HuaweiPreprocessing_wnr_adp( 2417): algo_set_parameter: Mode = 1
D/PowerManagerService( 2983): updateWakeLockWorkSourceInternal: lock=1135938080 [AudioIn], ws=WorkSource{10100}
I/HuaweiPreprocessing( 2417): PreprocessingFx_Command: EFFECT_CMD_ENABLE
I/audio_hw_primary( 2417): start_input_stream : mode=0, devices=4, voip=0, cust_voip=0
I/audio_hw_primary( 2417): get_mic_by_policy : get mic by scene = 5
D/PowerManagerService( 2983): handleSandman: canDream=false, mWakefulness=Awake
I/HuaweiPreprocessing_hdr_adp( 2417): algo_get_parameter: key = Enable
I/HuaweiPreprocessing( 2417): PreprocessingFx_Process: algorithm RNR is processing
I/AudioRecord( 1421): sendStateChangedIntent, state=3
I/AudioService( 2983): sendAudioRecordStateChangedIntentAudioRecord 3 1421
D/KeyguardViewMediator( 3843): setHidden false
D/KeyguardUpdateMonitor( 3843): sendKeyguardVisibilityChanged(true)
D/KeyguardUpdateMonitor( 3843): handleKeyguardVisibilityChanged(1)
I/Choreographer( 1421): Skipped 65 frames!  The application may be doing too much work on its main thread.
D/KeyguardViewMediator( 3843): setHidden false
D/KeyguardUpdateMonitor( 3843): sendKeyguardVisibilityChanged(true)
D/KeyguardUpdateMonitor( 3843): handleKeyguardVisibilityChanged(1)
D/KeyguardViewMediator( 3843): setHidden false
D/KeyguardUpdateMonitor( 3843): sendKeyguardVisibilityChanged(true)
D/KeyguardUpdateMonitor( 3843): handleKeyguardVisibilityChanged(1)
D/PushAVStream( 1421): count3 0 0
D/PushAVStream( 1421): push --- audio 
E/PushAVStream( 1421): [adpcm_swf @ 0x7c411990] AVFrame.width or height is not set
D/PushAVStream( 1421): push --- time1=18446744072542.871094 time2=18446744072542.871094  diff = 0.000000
D/PushAVStream( 1421): test3
D/PushAVStream( 1421): avcodec_encode_video2 result=1
D/PushAVStream( 1421): index:1,ji:0,pts:0,dts:0,duration:66,time_base:1,1000 cal:0,time_base_q:1,1000000 fsize:1024.000000
D/KeyguardViewMediator( 3843): setHidden false
D/KeyguardUpdateMonitor( 3843): sendKeyguardVisibilityChanged(true)
D/KeyguardUpdateMonitor( 3843): handleKeyguardVisibilityChanged(1)
D/CubicBezierInterpolator( 2983): CubicBezierInterpolator  mControlPoint1x = 0.45, mControlPoint1y = 0.1, mControlPoint2x = 0.6, mControlPoint2y = 1.0
D/PushAVStream( 1421): count3 0 1
D/PushAVStream( 1421): push --- audio 
E/PushAVStream( 1421): [adpcm_swf @ 0x7c411990] AVFrame.width or height is not set
D/PushAVStream( 1421): push --- time1=18446744072542.910156 time2=18446744072542.910156  diff = 0.000000
D/PushAVStream( 1421): test3
D/PushAVStream( 1421): avcodec_encode_video2 result=1
D/PushAVStream( 1421): index:2,ji:0,pts:66,dts:66,duration:66,time_base:1,1000 cal:0,time_base_q:1,1000000 fsize:1024.000000
D/CubicBezierInterpolator( 2983): CubicBezierInterpolator  mControlPoint1x = 0.45, mControlPoint1y = 0.1, mControlPoint2x = 0.6, mControlPoint2y = 1.0
D/KeyguardViewMediator( 3843): setHidden false
D/KeyguardUpdateMonitor( 3843): sendKeyguardVisibilityChanged(true)
D/KeyguardUpdateMonitor( 3843): handleKeyguardVisibilityChanged(1)
I/ActivityManager( 2983): Displayed com.jqh.kklive/.widget.WatcherActivity: +1s388ms
I/ActivityManager( 2983): filter receiver for action = com.kingroot.common.ACTION_TOP_ACTIVITY_CHANGED
D/KeyguardViewMediator( 3843): setHidden false
D/KeyguardUpdateMonitor( 3843): sendKeyguardVisibilityChanged(true)
D/KeyguardUpdateMonitor( 3843): handleKeyguardVisibilityChanged(1)
D/PushAVStream( 1421): count3 0 2
D/PushAVStream( 1421): push --- video 
D/PushAVStream( 1421): push --- video memcpy end 391680
D/PushAVStream( 1421): push --- video options end 
W/hwcomposer( 2412): layer SCF fator is larger than 8 or smaller than 64
E/PushAVStream( 1421): [libx264 @ 0x78c90c10] frame=   0 QP=37.00 NAL=3 Slice:I Poc:0   I:1530 P:0    SKIP:0    size=25107 bytes
D/PushAVStream( 1421): push --- time1=18446744072542.933594 time2=18446744072542.976562  diff = 0.042969
D/PushAVStream( 1421): test3
D/PushAVStream( 1421): avcodec_encode_video2 result=1
D/PushAVStream( 1421): index:3,ji:1,pts:133,dts:133,duration:66,time_base:1,1000 cal:0,time_base_q:1,1000000 fsize:0.000000
D/PushAVStream( 1421): count3 0 3
D/PushAVStream( 1421): push --- audio 
E/PushAVStream( 1421): [adpcm_swf @ 0x7c411990] AVFrame.width or height is not set
D/PushAVStream( 1421): push --- time1=18446744072542.984375 time2=18446744072542.984375  diff = 0.000000
D/PushAVStream( 1421): test3
D/PushAVStream( 1421): avcodec_encode_video2 result=1
D/PushAVStream( 1421): index:4,ji:0,pts:200,dts:200,duration:66,time_base:1,1000 cal:0,time_base_q:1,1000000 fsize:1024.000000
D/KeyguardViewMediator( 3843): setHidden false
D/KeyguardUpdateMonitor( 3843): sendKeyguardVisibilityChanged(true)
D/KeyguardUpdateMonitor( 3843): handleKeyguardVisibilityChanged(1)
D/PushAVStream( 1421): count3 0 4
D/PushAVStream( 1421): push --- audio 
E/PushAVStream( 1421): [adpcm_swf @ 0x7c411990] AVFrame.width or height is not set
D/PushAVStream( 1421): push --- time1=18446744072543.011719 time2=18446744072543.011719  diff = 0.000000
D/PushAVStream( 1421): test3
D/PushAVStream( 1421): avcodec_encode_video2 result=1
D/PushAVStream( 1421): index:5,ji:0,pts:266,dts:266,duration:66,time_base:1,1000 cal:0,time_base_q:1,1000000 fsize:1024.000000
D/PushAVStream( 1421): count3 0 5
D/PushAVStream( 1421): push --- audio 
E/PushAVStream( 1421): [adpcm_swf @ 0x7c411990] AVFrame.width or height is not set
D/PushAVStream( 1421): push --- time1=18446744072543.050781 time2=18446744072543.050781  diff = 0.000000
D/PushAVStream( 1421): test3
D/PushAVStream( 1421): avcodec_encode_video2 result=1
D/PushAVStream( 1421): index:6,ji:0,pts:333,dts:333,duration:66,time_base:1,1000 cal:0,time_base_q:1,1000000 fsize:1024.000000
D/PushAVStream( 1421): count3 0 6
D/PushAVStream( 1421): push --- video 
D/PushAVStream( 1421): push --- video memcpy end 391680
D/PushAVStream( 1421): push --- video options end 
W/AudioFlinger( 2417): RecordThread: buffer overflow
E/PushAVStream( 1421): [libx264 @ 0x78c90c10] frame=   1 QP=45.00 NAL=2 Slice:P Poc:2   I:1479 P:51   SKIP:0    size=47408 bytes
D/PushAVStream( 1421): push --- time1=18446744072543.093750 time2=18446744072543.148438  diff = 0.054688
D/PushAVStream( 1421): test3
D/PushAVStream( 1421): avcodec_encode_video2 result=1
D/PushAVStream( 1421): index:7,ji:1,pts:400,dts:400,duration:66,time_base:1,1000 cal:0,time_base_q:1,1000000 fsize:0.000000
D/PushAVStream( 1421): count3 0 7
D/PushAVStream( 1421): push --- audio 
E/PushAVStream( 1421): [adpcm_swf @ 0x7c411990] AVFrame.width or height is not set
D/PushAVStream( 1421): push --- time1=18446744072543.148438 time2=18446744072543.148438  diff = 0.000000
D/PushAVStream( 1421): test3
D/PushAVStream( 1421): avcodec_encode_video2 result=1
D/PushAVStream( 1421): index:8,ji:0,pts:466,dts:466,duration:66,time_base:1,1000 cal:0,time_base_q:1,1000000 fsize:1024.000000
D/PushAVStream( 1421): count3 0 8
D/PushAVStream( 1421): push --- audio 
E/PushAVStream( 1421): [adpcm_swf @ 0x7c411990] AVFrame.width or height is not set
D/PushAVStream( 1421): push --- time1=18446744072543.152344 time2=18446744072543.152344  diff = 0.000000
D/PushAVStream( 1421): test3
D/PushAVStream( 1421): avcodec_encode_video2 result=1
D/PushAVStream( 1421): index:9,ji:0,pts:533,dts:533,duration:66,time_base:1,1000 cal:0,time_base_q:1,1000000 fsize:1024.000000
D/KeyguardViewMediator( 3843): setHidden false
D/KeyguardUpdateMonitor( 3843): sendKeyguardVisibilityChanged(true)
D/KeyguardUpdateMonitor( 3843): handleKeyguardVisibilityChanged(1)
D/PushAVStream( 1421): count3 0 9
D/PushAVStream( 1421): push --- audio 
E/PushAVStream( 1421): [adpcm_swf @ 0x7c411990] AVFrame.width or height is not set
D/PushAVStream( 1421): push --- time1=18446744072543.191406 time2=18446744072543.191406  diff = 0.000000
D/PushAVStream( 1421): test3
D/PushAVStream( 1421): avcodec_encode_video2 result=1
D/PushAVStream( 1421): index:10,ji:0,pts:600,dts:600,duration:66,time_base:1,1000 cal:0,time_base_q:1,1000000 fsize:1024.000000
D/PushAVStream( 1421): count3 0 10
D/PushAVStream( 1421): push --- video 
D/PushAVStream( 1421): push --- video memcpy end 391680
D/PushAVStream( 1421): push --- video options end 
D/KeyguardViewMediator( 3843): setHidden false
D/KeyguardUpdateMonitor( 3843): sendKeyguardVisibilityChanged(true)
D/KeyguardUpdateMonitor( 3843): handleKeyguardVisibilityChanged(1)
D/KeyguardViewMediator( 3843): setHidden false
D/KeyguardUpdateMonitor( 3843): sendKeyguardVisibilityChanged(true)
D/KeyguardUpdateMonitor( 3843): handleKeyguardVisibilityChanged(1)
E/PushAVStream( 1421): [libx264 @ 0x78c90c10] frame=   2 QP=44.00 NAL=2 Slice:P Poc:4   I:714  P:801  SKIP:15   size=33489 bytes
D/PushAVStream( 1421): push --- time1=18446744072543.214844 time2=18446744072543.273438  diff = 0.058594
D/PushAVStream( 1421): test3
D/PushAVStream( 1421): avcodec_encode_video2 result=1
D/PushAVStream( 1421): index:11,ji:1,pts:666,dts:666,duration:66,time_base:1,1000 cal:0,time_base_q:1,1000000 fsize:0.000000
D/PushAVStream( 1421): count3 0 11
D/PushAVStream( 1421): push --- audio 
E/PushAVStream( 1421): [adpcm_swf @ 0x7c411990] AVFrame.width or height is not set
D/PushAVStream( 1421): push --- time1=18446744072543.277344 time2=18446744072543.277344  diff = 0.000000
D/PushAVStream( 1421): test3
D/PushAVStream( 1421): avcodec_encode_video2 result=1
D/PushAVStream( 1421): index:12,ji:0,pts:733,dts:733,duration:66,time_base:1,1000 cal:0,time_base_q:1,1000000 fsize:1024.000000
D/PushAVStream( 1421): count3 0 12
D/PushAVStream( 1421): push --- audio 
E/PushAVStream( 1421): [adpcm_swf @ 0x7c411990] AVFrame.width or height is not set
D/PushAVStream( 1421): push --- time1=18446744072543.277344 time2=18446744072543.277344  diff = 0.000000
D/PushAVStream( 1421): test3
D/PushAVStream( 1421): avcodec_encode_video2 result=1
D/PushAVStream( 1421): index:13,ji:0,pts:800,dts:800,duration:66,time_base:1,1000 cal:0,time_base_q:1,1000000 fsize:1024.000000
D/PushAVStream( 1421): count3 0 13
D/PushAVStream( 1421): push --- video 
D/PushAVStream( 1421): push --- video memcpy end 391680
D/PushAVStream( 1421): push --- video options end 
E/PushAVStream( 1421): [libx264 @ 0x78c90c10] frame=   3 QP=43.00 NAL=2 Slice:P Poc:6   I:531  P:860  SKIP:139  size=20145 bytes
D/PushAVStream( 1421): push --- time1=18446744072543.281250 time2=18446744072543.335938  diff = 0.054688
D/PushAVStream( 1421): test3
D/PushAVStream( 1421): avcodec_encode_video2 result=1
D/PushAVStream( 1421): index:14,ji:1,pts:866,dts:866,duration:66,time_base:1,1000 cal:0,time_base_q:1,1000000 fsize:0.000000
D/PushAVStream( 1421): count3 0 14
D/PushAVStream( 1421): push --- audio 
E/PushAVStream( 1421): [adpcm_swf @ 0x7c411990] AVFrame.width or height is not set
D/PushAVStream( 1421): push --- time1=18446744072543.335938 time2=18446744072543.335938  diff = 0.000000
D/PushAVStream( 1421): test3
D/PushAVStream( 1421): avcodec_encode_video2 result=1
D/PushAVStream( 1421): index:15,ji:0,pts:933,dts:933,duration:66,time_base:1,1000 cal:0,time_base_q:1,1000000 fsize:1024.000000
D/PushAVStream( 1421): count3 0 15
D/PushAVStream( 1421): push --- video 
D/PushAVStream( 1421): push --- video memcpy end 391680
D/PushAVStream( 1421): push --- video options end 
E/PushAVStream( 1421): [libx264 @ 0x78c90c10] frame=   4 QP=42.00 NAL=2 Slice:P Poc:8   I:589  P:879  SKIP:62   size=24692 bytes
D/PushAVStream( 1421): push --- time1=18446744072543.343750 time2=18446744072543.398438  diff = 0.054688
D/PushAVStream( 1421): test3
D/PushAVStream( 1421): avcodec_encode_video2 result=1
D/PushAVStream( 1421): index:16,ji:1,pts:1000,dts:1000,duration:66,time_base:1,1000 cal:0,time_base_q:1,1000000 fsize:0.000000
D/PushAVStream( 1421): count3 0 16
D/PushAVStream( 1421): push --- audio 
E/PushAVStream( 1421): [adpcm_swf @ 0x7c411990] AVFrame.width or height is not set
D/PushAVStream( 1421): push --- time1=18446744072543.398438 time2=18446744072543.398438  diff = 0.000000
D/PushAVStream( 1421): test3
D/PushAVStream( 1421): avcodec_encode_video2 result=1
D/PushAVStream( 1421): index:17,ji:0,pts:1066,dts:1066,duration:66,time_base:1,1000 cal:0,time_base_q:1,1000000 fsize:1024.000000
D/PushAVStream( 1421): count3 0 17
D/PushAVStream( 1421): push --- video 
D/PushAVStream( 1421): push --- video memcpy end 391680
D/PushAVStream( 1421): push --- video options end 
E/PushAVStream( 1421): [libx264 @ 0x78c90c10] frame=   5 QP=42.00 NAL=2 Slice:P Poc:10  I:537  P:914  SKIP:79   size=25898 bytes
D/PushAVStream( 1421): push --- time1=18446744072543.406250 time2=18446744072543.460938  diff = 0.054688
D/PushAVStream( 1421): test3
D/PushAVStream( 1421): avcodec_encode_video2 result=1
D/PushAVStream( 1421): index:18,ji:1,pts:1133,dts:1133,duration:66,time_base:1,1000 cal:0,time_base_q:1,1000000 fsize:0.000000
D/PushAVStream( 1421): count3 0 18
D/PushAVStream( 1421): push --- audio 
E/PushAVStream( 1421): [adpcm_swf @ 0x7c411990] AVFrame.width or height is not set
D/PushAVStream( 1421): push --- time1=18446744072543.464844 time2=18446744072543.464844  diff = 0.000000
D/PushAVStream( 1421): test3
D/PushAVStream( 1421): avcodec_encode_video2 result=1
D/PushAVStream( 1421): index:19,ji:0,pts:1200,dts:1200,duration:66,time_base:1,1000 cal:0,time_base_q:1,1000000 fsize:1024.000000
D/PushAVStream( 1421): count3 0 19
D/PushAVStream( 1421): push --- video 
D/PushAVStream( 1421): push --- video memcpy end 391680
D/PushAVStream( 1421): push --- video options end 
E/Thermal-daemon( 2423): [ap] temp_new :34  temp_old :32
E/PushAVStream( 1421): [libx264 @ 0x78c90c10] frame=   6 QP=41.00 NAL=2 Slice:P Poc:12  I:356  P:966  SKIP:208  size=21299 bytes
D/PushAVStream( 1421): push --- time1=18446744072543.468750 time2=18446744072543.515625  diff = 0.046875
D/PushAVStream( 1421): test3
D/PushAVStream( 1421): avcodec_encode_video2 result=1
D/PushAVStream( 1421): index:20,ji:1,pts:1266,dts:1266,duration:66,time_base:1,1000 cal:0,time_base_q:1,1000000 fsize:0.000000
D/PushAVStream( 1421): count3 0 20
D/PushAVStream( 1421): push --- audio 
E/PushAVStream( 1421): [adpcm_swf @ 0x7c411990] AVFrame.width or height is not set
D/PushAVStream( 1421): push --- time1=18446744072543.519531 time2=18446744072543.519531  diff = 0.000000
D/PushAVStream( 1421): test3
D/PushAVStream( 1421): avcodec_encode_video2 result=1
D/PushAVStream( 1421): index:21,ji:0,pts:1333,dts:1333,duration:66,time_base:1,1000 cal:0,time_base_q:1,1000000 fsize:1024.000000
D/PushAVStream( 1421): count3 0 21
D/PushAVStream( 1421): push --- video 
D/PushAVStream( 1421): push --- video memcpy end 391680
D/PushAVStream( 1421): push --- video options end 
D/KeyguardViewMediator( 3843): setHidden false
D/KeyguardUpdateMonitor( 3843): sendKeyguardVisibilityChanged(true)
D/KeyguardUpdateMonitor( 3843): handleKeyguardVisibilityChanged(1)
D/KeyguardViewMediator( 3843): setHidden false
D/KeyguardUpdateMonitor( 3843): sendKeyguardVisibilityChanged(true)
D/KeyguardUpdateMonitor( 3843): handleKeyguardVisibilityChanged(1)
D/PowerManagerService( 2983): userActivityNoUpdateLocked: eventTime=32517288, event=0, flags=0x0, uid=1000
D/PowerManagerNotifier( 2983): onUserActivity: event=0, uid=1000
D/PowerManagerService( 2983): updateUserActivitySummaryLocked: mWakefulness=Awake, mUserActivitySummary=0x1, nextTimeout=32541288 (in 23999 ms)
D/PowerManagerService( 2983): updateScreenStateLocked: mDisplayReady=true, newScreenState=2, mWakefulness=1, mWakeLockSummary=0x23, mUserActivitySummary=0x1, mBootCompleted=true
D/PowerManagerService( 2983): releaseWakeLockInternal: lock=1130455672 [WindowManager], flags=0x0
D/PowerManagerNotifier( 2983): onWakeLockReleased: flags=536870922, tag="WindowManager", packageName=android, ownerUid=1000, ownerPid=2983, workSource=WorkSource{10100}
D/PowerManagerService( 2983): userActivityNoUpdateLocked: eventTime=32517289, event=0, flags=0x1, uid=1000
D/PowerManagerNotifier( 2983): onUserActivity: event=0, uid=1000
D/PowerManagerService( 2983): updateWakeLockSummaryLocked: mWakefulness=Awake, mWakeLockSummary=0x1
D/PowerManagerService( 2983): updateUserActivitySummaryLocked: mWakefulness=Awake, mUserActivitySummary=0x1, nextTimeout=32541288 (in 23998 ms)
D/PowerManagerService( 2983): updateScreenStateLocked: mDisplayReady=true, newScreenState=2, mWakefulness=1, mWakeLockSummary=0x1, mUserActivitySummary=0x1, mBootCompleted=true
E/PushAVStream( 1421): [libx264 @ 0x78c90c10] frame=   7 QP=42.00 NAL=2 Slice:P Poc:14  I:310  P:855  SKIP:365  size=12649 bytes
D/PushAVStream( 1421): push --- time1=18446744072543.523438 time2=18446744072543.574219  diff = 0.050781
D/PushAVStream( 1421): test3
D/PushAVStream( 1421): avcodec_encode_video2 result=1
D/PushAVStream( 1421): index:22,ji:1,pts:1400,dts:1400,duration:66,time_base:1,1000 cal:0,time_base_q:1,1000000 fsize:0.000000
D/PushAVStream( 1421): count3 0 22
D/PushAVStream( 1421): push --- audio 
E/PushAVStream( 1421): [adpcm_swf @ 0x7c411990] AVFrame.width or height is not set
D/PushAVStream( 1421): push --- time1=18446744072543.574219 time2=18446744072543.574219  diff = 0.000000
D/PushAVStream( 1421): test3
D/PushAVStream( 1421): avcodec_encode_video2 result=1
D/PushAVStream( 1421): index:23,ji:0,pts:1466,dts:1466,duration:66,time_base:1,1000 cal:0,time_base_q:1,1000000 fsize:1024.000000
D/PushAVStream( 1421): count3 0 23
D/PushAVStream( 1421): push --- audio 
E/PushAVStream( 1421): [adpcm_swf @ 0x7c411990] AVFrame.width or height is not set
D/PushAVStream( 1421): push --- time1=18446744072543.578125 time2=18446744072543.578125  diff = 0.000000
D/PushAVStream( 1421): test3
D/PushAVStream( 1421): avcodec_encode_video2 result=1
D/PushAVStream( 1421): index:24,ji:0,pts:1533,dts:1533,duration:66,time_base:1,1000 cal:0,time_base_q:1,1000000 fsize:1024.000000
D/PushAVStream( 1421): count3 0 24
D/PushAVStream( 1421): push --- video 
D/PushAVStream( 1421): push --- video memcpy end 391680
D/PushAVStream( 1421): push --- video options end 
D/PowerManagerService( 2983): handleSandman: canDream=false, mWakefulness=Awake
E/PushAVStream( 1421): [libx264 @ 0x78c90c10] frame=   8 QP=42.00 NAL=2 Slice:P Poc:16  I:591  P:846  SKIP:93   size=24720 bytes
D/PushAVStream( 1421): push --- time1=18446744072543.582031 time2=18446744072543.632812  diff = 0.050781
D/PushAVStream( 1421): test3
D/PushAVStream( 1421): avcodec_encode_video2 result=1
D/PushAVStream( 1421): index:25,ji:1,pts:1600,dts:1600,duration:66,time_base:1,1000 cal:0,time_base_q:1,1000000 fsize:0.000000
D/PushAVStream( 1421): count3 0 25
D/PushAVStream( 1421): push --- audio 
E/PushAVStream( 1421): [adpcm_swf @ 0x7c411990] AVFrame.width or height is not set
D/PushAVStream( 1421): push --- time1=18446744072543.632812 time2=18446744072543.632812  diff = 0.000000
D/PushAVStream( 1421): test3
D/PushAVStream( 1421): avcodec_encode_video2 result=1
D/PushAVStream( 1421): index:26,ji:0,pts:1666,dts:1666,duration:66,time_base:1,1000 cal:0,time_base_q:1,1000000 fsize:1024.000000
D/PushAVStream( 1421): count3 0 26
D/PushAVStream( 1421): push --- video 
D/PushAVStream( 1421): push --- video memcpy end 391680
D/PushAVStream( 1421): push --- video options end 
E/PushAVStream( 1421): [libx264 @ 0x78c90c10] frame=   9 QP=42.00 NAL=2 Slice:P Poc:18  I:634  P:838  SKIP:58   size=27534 bytes
D/PushAVStream( 1421): push --- time1=18446744072543.648438 time2=18446744072543.699219  diff = 0.050781
D/PushAVStream( 1421): test3
D/PushAVStream( 1421): avcodec_encode_video2 result=1
D/PushAVStream( 1421): index:27,ji:1,pts:1733,dts:1733,duration:66,time_base:1,1000 cal:0,time_base_q:1,1000000 fsize:0.000000
D/PushAVStream( 1421): count3 0 27
D/PushAVStream( 1421): push --- audio 
E/PushAVStream( 1421): [adpcm_swf @ 0x7c411990] AVFrame.width or height is not set
D/PushAVStream( 1421): push --- time1=18446744072543.699219 time2=18446744072543.699219  diff = 0.000000
D/PushAVStream( 1421): test3
D/PushAVStream( 1421): avcodec_encode_video2 result=1
D/PushAVStream( 1421): index:28,ji:0,pts:1800,dts:1800,duration:66,time_base:1,1000 cal:0,time_base_q:1,1000000 fsize:1024.000000
D/PushAVStream( 1421): count3 0 28
D/PushAVStream( 1421): push --- audio 
E/PushAVStream( 1421): [adpcm_swf @ 0x7c411990] AVFrame.width or height is not set
D/PushAVStream( 1421): push --- time1=18446744072543.707031 time2=18446744072543.707031  diff = 0.000000
D/PushAVStream( 1421): test3
D/PushAVStream( 1421): avcodec_encode_video2 result=1
D/PushAVStream( 1421): index:29,ji:0,pts:1866,dts:1866,duration:66,time_base:1,1000 cal:0,time_base_q:1,1000000 fsize:1024.000000
D/PushAVStream( 1421): count3 0 29
D/PushAVStream( 1421): push --- video 
D/PushAVStream( 1421): push --- video memcpy end 391680
D/PushAVStream( 1421): push --- video options end 
E/PushAVStream( 1421): [libx264 @ 0x78c90c10] frame=  10 QP=42.00 NAL=2 Slice:P Poc:20  I:626  P:857  SKIP:47   size=24057 bytes
D/PushAVStream( 1421): push --- time1=18446744072543.710938 time2=18446744072543.761719  diff = 0.050781
D/PushAVStream( 1421): test3
D/PushAVStream( 1421): avcodec_encode_video2 result=1
D/PushAVStream( 1421): index:30,ji:1,pts:1933,dts:1933,duration:66,time_base:1,1000 cal:0,time_base_q:1,1000000 fsize:0.000000
D/PushAVStream( 1421): count3 0 30
D/PushAVStream( 1421): push --- audio 
E/PushAVStream( 1421): [adpcm_swf @ 0x7c411990] AVFrame.width or height is not set
D/PushAVStream( 1421): push --- time1=18446744072543.761719 time2=18446744072543.761719  diff = 0.000000
D/PushAVStream( 1421): test3
D/PushAVStream( 1421): avcodec_encode_video2 result=1
D/PushAVStream( 1421): index:31,ji:0,pts:2000,dts:2000,duration:66,time_base:1,1000 cal:0,time_base_q:1,1000000 fsize:1024.000000
D/PushAVStream( 1421): count3 0 31
D/PushAVStream( 1421): push --- video 
D/PushAVStream( 1421): push --- video memcpy end 391680
D/PushAVStream( 1421): push --- video options end 
E/PushAVStream( 1421): [libx264 @ 0x78c90c10] frame=  11 QP=41.00 NAL=2 Slice:P Poc:22  I:414  P:1010 SKIP:106  size=25642 bytes
D/PushAVStream( 1421): push --- time1=18446744072543.773438 time2=18446744072543.820312  diff = 0.046875
D/PushAVStream( 1421): test3
D/PushAVStream( 1421): avcodec_encode_video2 result=1
D/PushAVStream( 1421): index:32,ji:1,pts:2066,dts:2066,duration:66,time_base:1,1000 cal:0,time_base_q:1,1000000 fsize:0.000000
D/PushAVStream( 1421): count3 0 32
D/PushAVStream( 1421): push --- audio 
E/PushAVStream( 1421): [adpcm_swf @ 0x7c411990] AVFrame.width or height is not set
D/PushAVStream( 1421): push --- time1=18446744072543.820312 time2=18446744072543.820312  diff = 0.000000
D/PushAVStream( 1421): test3
D/PushAVStream( 1421): avcodec_encode_video2 result=1
D/PushAVStream( 1421): index:33,ji:0,pts:2133,dts:2133,duration:66,time_base:1,1000 cal:0,time_base_q:1,1000000 fsize:1024.000000
D/PushAVStream( 1421): count3 0 33
D/PushAVStream( 1421): push --- video 
D/PushAVStream( 1421): push --- video memcpy end 391680
D/PushAVStream( 1421): push --- video options end 
E/PushAVStream( 1421): [libx264 @ 0x78c90c10] frame=  12 QP=41.00 NAL=2 Slice:P Poc:24  I:357  P:926  SKIP:247  size=21053 bytes
D/PushAVStream( 1421): push --- time1=18446744072543.832031 time2=18446744072543.875000  diff = 0.042969
D/PushAVStream( 1421): test3
D/PushAVStream( 1421): avcodec_encode_video2 result=1
D/PushAVStream( 1421): index:34,ji:1,pts:2200,dts:2200,duration:66,time_base:1,1000 cal:0,time_base_q:1,1000000 fsize:0.000000
D/PushAVStream( 1421): count3 0 34
D/PushAVStream( 1421): push --- audio 
E/PushAVStream( 1421): [adpcm_swf @ 0x7c411990] AVFrame.width or height is not set
D/PushAVStream( 1421): push --- time1=18446744072543.875000 time2=18446744072543.875000  diff = 0.000000
D/PushAVStream( 1421): test3
D/PushAVStream( 1421): avcodec_encode_video2 result=1
D/PushAVStream( 1421): index:35,ji:0,pts:2266,dts:2266,duration:66,time_base:1,1000 cal:0,time_base_q:1,1000000 fsize:1024.000000
D/PushAVStream( 1421): count3 0 35
D/PushAVStream( 1421): push --- audio 
E/PushAVStream( 1421): [adpcm_swf @ 0x7c411990] AVFrame.width or height is not set
D/PushAVStream( 1421): push --- time1=18446744072543.878906 time2=18446744072543.878906  diff = 0.000000
D/PushAVStream( 1421): test3
D/PushAVStream( 1421): avcodec_encode_video2 result=1
D/PushAVStream( 1421): index:36,ji:0,pts:2333,dts:2333,duration:66,time_base:1,1000 cal:0,time_base_q:1,1000000 fsize:1024.000000
D/PushAVStream( 1421): count3 0 36
D/PushAVStream( 1421): push --- video 
D/PushAVStream( 1421): push --- video memcpy end 391680
D/PushAVStream( 1421): push --- video options end 
E/PushAVStream( 1421): [libx264 @ 0x78c90c10] frame=  13 QP=39.00 NAL=2 Slice:P Poc:26  I:357  P:1029 SKIP:144  size=24632 bytes
D/PushAVStream( 1421): push --- time1=18446744072543.886719 time2=18446744072543.933594  diff = 0.046875
D/PushAVStream( 1421): test3
D/PushAVStream( 1421): avcodec_encode_video2 result=1
D/PushAVStream( 1421): index:37,ji:1,pts:2400,dts:2400,duration:66,time_base:1,1000 cal:0,time_base_q:1,1000000 fsize:0.000000
D/PushAVStream( 1421): count3 0 37
D/PushAVStream( 1421): push --- audio 
E/PushAVStream( 1421): [adpcm_swf @ 0x7c411990] AVFrame.width or height is not set
D/PushAVStream( 1421): push --- time1=18446744072543.933594 time2=18446744072543.933594  diff = 0.000000
D/PushAVStream( 1421): test3
D/PushAVStream( 1421): avcodec_encode_video2 result=1
D/PushAVStream( 1421): index:38,ji:0,pts:2466,dts:2466,duration:66,time_base:1,1000 cal:0,time_base_q:1,1000000 fsize:1024.000000
D/PushAVStream( 1421): count3 0 38
D/PushAVStream( 1421): push --- video 
D/PushAVStream( 1421): push --- video memcpy end 391680
D/PushAVStream( 1421): push --- video options end 
E/PushAVStream( 1421): [libx264 @ 0x78c90c10] frame=  14 QP=39.00 NAL=2 Slice:P Poc:28  I:267  P:985  SKIP:278  size=24878 bytes
D/PushAVStream( 1421): push --- time1=18446744072543.941406 time2=18446744072543.984375  diff = 0.042969
D/PushAVStream( 1421): test3
D/PushAVStream( 1421): avcodec_encode_video2 result=1
D/PushAVStream( 1421): index:39,ji:1,pts:2533,dts:2533,duration:66,time_base:1,1000 cal:0,time_base_q:1,1000000 fsize:0.000000
D/PushAVStream( 1421): count3 0 39
D/PushAVStream( 1421): push --- audio 
E/PushAVStream( 1421): [adpcm_swf @ 0x7c411990] AVFrame.width or height is not set
D/PushAVStream( 1421): push --- time1=18446744072543.988281 time2=18446744072543.988281  diff = 0.000000
D/PushAVStream( 1421): test3
D/PushAVStream( 1421): avcodec_encode_video2 result=1
D/PushAVStream( 1421): index:40,ji:0,pts:2600,dts:2600,duration:66,time_base:1,1000 cal:0,time_base_q:1,1000000 fsize:1024.000000
D/PushAVStream( 1421): count3 0 40
D/PushAVStream( 1421): push --- video 
D/PushAVStream( 1421): push --- video memcpy end 391680
D/PushAVStream( 1421): push --- video options end 
E/PushAVStream( 1421): [libx264 @ 0x78c90c10] frame=  15 QP=38.00 NAL=3 Slice:I Poc:0   I:1530 P:0    SKIP:0    size=40236 bytes
D/PushAVStream( 1421): push --- time1=18446744072543.996094 time2=18446744072544.035156  diff = 0.039062
D/PushAVStream( 1421): test3
D/PushAVStream( 1421): avcodec_encode_video2 result=1
D/PushAVStream( 1421): index:41,ji:1,pts:2666,dts:2666,duration:66,time_base:1,1000 cal:0,time_base_q:1,1000000 fsize:0.000000
D/PushAVStream( 1421): count3 0 41
D/PushAVStream( 1421): push --- audio 
E/PushAVStream( 1421): [adpcm_swf @ 0x7c411990] AVFrame.width or height is not set
D/PushAVStream( 1421): push --- time1=18446744072544.035156 time2=18446744072544.035156  diff = 0.000000
D/PushAVStream( 1421): test3
D/PushAVStream( 1421): avcodec_encode_video2 result=1
D/PushAVStream( 1421): index:42,ji:0,pts:2733,dts:2733,duration:66,time_base:1,1000 cal:0,time_base_q:1,1000000 fsize:1024.000000
D/PushAVStream( 1421): count3 0 42
D/PushAVStream( 1421): push --- video 
D/PushAVStream( 1421): push --- video memcpy end 391680
D/PushAVStream( 1421): push --- video options end 
D/dalvikvm( 1421): ---Heap option for 460816
E/PushAVStream( 1421): [libx264 @ 0x78c90c10] frame=  16 QP=41.00 NAL=2 Slice:P Poc:2   I:243  P:687  SKIP:600  size=10192 bytes
D/PushAVStream( 1421): push --- time1=18446744072544.046875 time2=18446744072544.082031  diff = 0.035156
D/PushAVStream( 1421): test3
D/PushAVStream( 1421): avcodec_encode_video2 result=1
D/PushAVStream( 1421): index:43,ji:1,pts:2800,dts:2800,duration:66,time_base:1,1000 cal:0,time_base_q:1,1000000 fsize:0.000000
D/PushAVStream( 1421): count3 0 43
D/PushAVStream( 1421): push --- audio 
E/PushAVStream( 1421): [adpcm_swf @ 0x7c411990] AVFrame.width or height is not set
D/PushAVStream( 1421): push --- time1=18446744072544.082031 time2=18446744072544.082031  diff = 0.000000
D/PushAVStream( 1421): test3
D/PushAVStream( 1421): avcodec_encode_video2 result=1
D/PushAVStream( 1421): index:44,ji:0,pts:2866,dts:2866,duration:66,time_base:1,1000 cal:0,time_base_q:1,1000000 fsize:1024.000000
D/PushAVStream( 1421): count3 0 44
D/dalvikvm( 1421): ---Heap option for 4112
D/PushAVStream( 1421): push --- video 
D/PushAVStream( 1421): push --- video memcpy end 391680
D/PushAVStream( 1421): push --- video options end 
D/dalvikvm( 1421): ---Heap option for 460816
E/PushAVStream( 1421): [libx264 @ 0x78c90c10] frame=  17 QP=40.00 NAL=2 Slice:P Poc:4   I:309  P:1009 SKIP:212  size=15198 bytes
D/PushAVStream( 1421): push --- time1=18446744072544.089844 time2=18446744072544.128906  diff = 0.039062
D/PushAVStream( 1421): test3
D/PushAVStream( 1421): avcodec_encode_video2 result=1
D/PushAVStream( 1421): index:45,ji:1,pts:2933,dts:2933,duration:66,time_base:1,1000 cal:0,time_base_q:1,1000000 fsize:0.000000
D/PushAVStream( 1421): count3 0 45
D/PushAVStream( 1421): push --- audio 
E/PushAVStream( 1421): [adpcm_swf @ 0x7c411990] AVFrame.width or height is not set
D/PushAVStream( 1421): push --- time1=18446744072544.128906 time2=18446744072544.132812  diff = 0.003906
D/PushAVStream( 1421): test3
D/PushAVStream( 1421): avcodec_encode_video2 result=1
D/PushAVStream( 1421): index:46,ji:0,pts:3000,dts:3000,duration:66,time_base:1,1000 cal:0,time_base_q:1,1000000 fsize:1024.000000
D/dalvikvm( 1421): ---Heap option for 4112
D/PushAVStream( 1421): count3 0 46
D/PushAVStream( 1421): push --- video 
D/PushAVStream( 1421): push --- video memcpy end 391680
D/PushAVStream( 1421): push --- video options end 
D/dalvikvm( 1421): ---Heap option for 460816
E/PushAVStream( 1421): [libx264 @ 0x78c90c10] frame=  18 QP=40.00 NAL=2 Slice:P Poc:6   I:359  P:975  SKIP:196  size=19083 bytes
D/PushAVStream( 1421): push --- time1=18446744072544.136719 time2=18446744072544.179688  diff = 0.042969
D/PushAVStream( 1421): test3
D/PushAVStream( 1421): avcodec_encode_video2 result=1
D/PushAVStream( 1421): index:47,ji:1,pts:3066,dts:3066,duration:66,time_base:1,1000 cal:0,time_base_q:1,1000000 fsize:0.000000
D/PushAVStream( 1421): count3 0 47
D/PushAVStream( 1421): push --- audio 
E/PushAVStream( 1421): [adpcm_swf @ 0x7c411990] AVFrame.width or height is not set
D/PushAVStream( 1421): push --- time1=18446744072544.179688 time2=18446744072544.179688  diff = 0.000000
D/PushAVStream( 1421): test3
D/PushAVStream( 1421): avcodec_encode_video2 result=1
D/PushAVStream( 1421): index:48,ji:0,pts:3133,dts:3133,duration:66,time_base:1,1000 cal:0,time_base_q:1,1000000 fsize:1024.000000
D/dalvikvm( 1421): ---Heap option for 4112
D/PushAVStream( 1421): count3 0 48
D/PushAVStream( 1421): push --- video 
D/PushAVStream( 1421): push --- video memcpy end 391680
D/PushAVStream( 1421): push --- video options end 
D/dalvikvm( 1421): ---Heap option for 460816
D/dalvikvm( 2983): GC_EXPLICIT freed 1946K, 14% free 43256K/49740K, paused 5ms+8ms, total 104ms
E/PushAVStream( 1421): [libx264 @ 0x78c90c10] frame=  19 QP=41.00 NAL=2 Slice:P Poc:8   I:404  P:672  SKIP:454  size=8024 bytes
D/PushAVStream( 1421): push --- time1=18446744072544.183594 time2=18446744072544.230469  diff = 0.046875
D/PushAVStream( 1421): test3
D/PushAVStream( 1421): avcodec_encode_video2 result=1
D/PushAVStream( 1421): index:49,ji:1,pts:3200,dts:3200,duration:66,time_base:1,1000 cal:0,time_base_q:1,1000000 fsize:0.000000
D/PushAVStream( 1421): count3 0 49
D/PushAVStream( 1421): push --- audio 
E/PushAVStream( 1421): [adpcm_swf @ 0x7c411990] AVFrame.width or height is not set
D/PushAVStream( 1421): push --- time1=18446744072544.234375 time2=18446744072544.234375  diff = 0.000000
D/PushAVStream( 1421): test3
D/PushAVStream( 1421): avcodec_encode_video2 result=1
D/PushAVStream( 1421): index:50,ji:0,pts:3266,dts:3266,duration:66,time_base:1,1000 cal:0,time_base_q:1,1000000 fsize:1024.000000
D/dalvikvm( 1421): ---Heap option for 4112
D/PushAVStream( 1421): count3 0 50
D/PushAVStream( 1421): push --- video 
D/PushAVStream( 1421): push --- video memcpy end 391680
D/PushAVStream( 1421): push --- video options end 
D/dalvikvm( 1421): ---Heap option for 460816
E/PushAVStream( 1421): [libx264 @ 0x78c90c10] frame=  20 QP=41.00 NAL=2 Slice:P Poc:10  I:232  P:358  SKIP:940  size=5002 bytes
D/PushAVStream( 1421): push --- time1=18446744072544.238281 time2=18446744072544.273438  diff = 0.035156
D/PushAVStream( 1421): test3
D/PushAVStream( 1421): avcodec_encode_video2 result=1
D/PushAVStream( 1421): index:51,ji:1,pts:3333,dts:3333,duration:66,time_base:1,1000 cal:0,time_base_q:1,1000000 fsize:0.000000
D/PushAVStream( 1421): count3 0 51
D/PushAVStream( 1421): push --- audio 
E/PushAVStream( 1421): [adpcm_swf @ 0x7c411990] AVFrame.width or height is not set
D/PushAVStream( 1421): push --- time1=18446744072544.273438 time2=18446744072544.273438  diff = 0.000000
D/PushAVStream( 1421): test3
D/PushAVStream( 1421): avcodec_encode_video2 result=1
D/PushAVStream( 1421): index:52,ji:0,pts:3400,dts:3400,duration:66,time_base:1,1000 cal:0,time_base_q:1,1000000 fsize:1024.000000
D/PushAVStream( 1421): count3 0 52
D/dalvikvm( 1421): ---Heap option for 4112
D/PushAVStream( 1421): push --- video 
D/PushAVStream( 1421): push --- video memcpy end 391680
D/PushAVStream( 1421): push --- video options end 
D/dalvikvm( 1421): ---Heap option for 460816
E/PushAVStream( 1421): [libx264 @ 0x78c90c10] frame=  21 QP=41.00 NAL=2 Slice:P Poc:12  I:374  P:480  SKIP:676  size=7457 bytes
D/PushAVStream( 1421): push --- time1=18446744072544.277344 time2=18446744072544.324219  diff = 0.046875
D/PushAVStream( 1421): test3
D/PushAVStream( 1421): avcodec_encode_video2 result=1
D/PushAVStream( 1421): index:53,ji:1,pts:3466,dts:3466,duration:66,time_base:1,1000 cal:0,time_base_q:1,1000000 fsize:0.000000
D/PushAVStream( 1421): count3 0 53
D/PushAVStream( 1421): push --- audio 
E/PushAVStream( 1421): [adpcm_swf @ 0x7c411990] AVFrame.width or height is not set
D/PushAVStream( 1421): push --- time1=18446744072544.324219 time2=18446744072544.324219  diff = 0.000000
D/PushAVStream( 1421): test3
D/PushAVStream( 1421): avcodec_encode_video2 result=1
D/PushAVStream( 1421): index:54,ji:0,pts:3533,dts:3533,duration:66,time_base:1,1000 cal:0,time_base_q:1,1000000 fsize:1024.000000
D/dalvikvm( 1421): ---Heap option for 4112
D/PushAVStream( 1421): count3 0 54
D/PushAVStream( 1421): push --- video 
D/PushAVStream( 1421): push --- video memcpy end 391680
D/PushAVStream( 1421): push --- video options end 
D/dalvikvm( 1421): ---Heap option for 460816
E/PushAVStream( 1421): [libx264 @ 0x78c90c10] frame=  22 QP=41.00 NAL=2 Slice:P Poc:14  I:179  P:482  SKIP:869  size=4075 bytes
D/PushAVStream( 1421): push --- time1=18446744072544.328125 time2=18446744072544.367188  diff = 0.039062
D/PushAVStream( 1421): test3
D/PushAVStream( 1421): avcodec_encode_video2 result=1
D/PushAVStream( 1421): index:55,ji:1,pts:3600,dts:3600,duration:66,time_base:1,1000 cal:0,time_base_q:1,1000000 fsize:0.000000
D/PushAVStream( 1421): count3 0 55
D/PushAVStream( 1421): push --- audio 
E/PushAVStream( 1421): [adpcm_swf @ 0x7c411990] AVFrame.width or height is not set
D/PushAVStream( 1421): push --- time1=18446744072544.367188 time2=18446744072544.367188  diff = 0.000000
D/PushAVStream( 1421): test3
D/PushAVStream( 1421): avcodec_encode_video2 result=1
D/PushAVStream( 1421): index:56,ji:0,pts:3666,dts:3666,duration:66,time_base:1,1000 cal:0,time_base_q:1,1000000 fsize:1024.000000
D/dalvikvm( 1421): ---Heap option for 4112
D/PushAVStream( 1421): count3 0 56
D/PushAVStream( 1421): push --- video 
D/PushAVStream( 1421): push --- video memcpy end 391680
D/PushAVStream( 1421): push --- video options end 
D/dalvikvm( 1421): ---Heap option for 460816
E/SingleAutoFocusThread( 2417): Failed to get single focus result from driver!
I/        ( 2417): [CAMERA]enter ispv3_af_auto_focus: flag: 0, focus state:0, focus_mode:6, result:0
E/        ( 2417): [CAMERA]ispv3_auto_focus param error!
I/        ( 2417): [CAMERA]k3_isp_auto_focus line 428
E/PushAVStream( 1421): [libx264 @ 0x78c90c10] frame=  23 QP=40.00 NAL=2 Slice:P Poc:16  I:196  P:411  SKIP:923  size=5099 bytes
D/PushAVStream( 1421): push --- time1=18446744072544.371094 time2=18446744072544.410156  diff = 0.039062
D/PushAVStream( 1421): test3
D/PushAVStream( 1421): avcodec_encode_video2 result=1
D/PushAVStream( 1421): index:57,ji:1,pts:3733,dts:3733,duration:66,time_base:1,1000 cal:0,time_base_q:1,1000000 fsize:0.000000
D/PushAVStream( 1421): count3 0 57
D/PushAVStream( 1421): push --- audio 
E/PushAVStream( 1421): [adpcm_swf @ 0x7c411990] AVFrame.width or height is not set
D/PushAVStream( 1421): push --- time1=18446744072544.410156 time2=18446744072544.410156  diff = 0.000000
D/PushAVStream( 1421): test3
D/PushAVStream( 1421): avcodec_encode_video2 result=1
D/PushAVStream( 1421): index:58,ji:0,pts:3800,dts:3800,duration:66,time_base:1,1000 cal:0,time_base_q:1,1000000 fsize:1024.000000
D/PushAVStream( 1421): count3 0 58
D/dalvikvm( 1421): ---Heap option for 4112
D/PushAVStream( 1421): push --- video 
D/PushAVStream( 1421): push --- video memcpy end 391680
D/PushAVStream( 1421): push --- video options end 
D/dalvikvm( 1421): ---Heap option for 460816
E/PushAVStream( 1421): [libx264 @ 0x78c90c10] frame=  24 QP=41.00 NAL=2 Slice:P Poc:18  I:361  P:290  SKIP:879  size=6222 bytes
D/PushAVStream( 1421): push --- time1=18446744072544.414062 time2=18446744072544.453125  diff = 0.039062
D/PushAVStream( 1421): test3
D/PushAVStream( 1421): avcodec_encode_video2 result=1
D/PushAVStream( 1421): index:59,ji:1,pts:3866,dts:3866,duration:66,time_base:1,1000 cal:0,time_base_q:1,1000000 fsize:0.000000
D/dalvikvm( 1421): GC_FOR_ALLOC freed 11044K, 16% free 68164K/80808K, paused 23ms, total 23ms
D/PushAVStream( 1421): count3 0 59
D/PushAVStream( 1421): push --- audio 
E/PushAVStream( 1421): [adpcm_swf @ 0x7c411990] AVFrame.width or height is not set
D/PushAVStream( 1421): push --- time1=18446744072544.468750 time2=18446744072544.468750  diff = 0.000000
D/PushAVStream( 1421): test3
D/PushAVStream( 1421): avcodec_encode_video2 result=1
D/PushAVStream( 1421): index:60,ji:0,pts:3933,dts:3933,duration:66,time_base:1,1000 cal:0,time_base_q:1,1000000 fsize:1024.000000
D/PushAVStream( 1421): count3 0 60
D/PushAVStream( 1421): push --- video 
D/PushAVStream( 1421): push --- video memcpy end 391680
D/PushAVStream( 1421): push --- video options end 
E/PushAVStream( 1421): [libx264 @ 0x78c90c10] frame=  25 QP=41.00 NAL=2 Slice:P Poc:20  I:332  P:393  SKIP:805  size=5974 bytes
D/PushAVStream( 1421): push --- time1=18446744072544.472656 time2=18446744072544.515625  diff = 0.042969
D/PushAVStream( 1421): test3
D/PushAVStream( 1421): avcodec_encode_video2 result=1
D/PushAVStream( 1421): index:61,ji:1,pts:4000,dts:4000,duration:66,time_base:1,1000 cal:0,time_base_q:1,1000000 fsize:0.000000
D/PushAVStream( 1421): count3 0 61
D/PushAVStream( 1421): push --- audio 
E/PushAVStream( 1421): [adpcm_swf @ 0x7c411990] AVFrame.width or height is not set
D/PushAVStream( 1421): push --- time1=18446744072544.515625 time2=18446744072544.515625  diff = 0.000000
D/PushAVStream( 1421): test3
D/PushAVStream( 1421): avcodec_encode_video2 result=1
D/PushAVStream( 1421): index:62,ji:0,pts:4066,dts:4066,duration:66,time_base:1,1000 cal:0,time_base_q:1,1000000 fsize:1024.000000
D/PushAVStream( 1421): count3 0 62
D/PushAVStream( 1421): push --- video 
D/PushAVStream( 1421): push --- video memcpy end 391680
D/PushAVStream( 1421): push --- video options end 
E/PushAVStream( 1421): [libx264 @ 0x78c90c10] frame=  26 QP=42.00 NAL=2 Slice:P Poc:22  I:746  P:724  SKIP:60   size=45306 bytes
D/PushAVStream( 1421): push --- time1=18446744072544.519531 time2=18446744072544.574219  diff = 0.054688
D/PushAVStream( 1421): test3
D/PushAVStream( 1421): avcodec_encode_video2 result=1
D/PushAVStream( 1421): index:63,ji:1,pts:4133,dts:4133,duration:66,time_base:1,1000 cal:0,time_base_q:1,1000000 fsize:0.000000
D/PushAVStream( 1421): count3 0 63
D/PushAVStream( 1421): push --- audio 
E/PushAVStream( 1421): [adpcm_swf @ 0x7c411990] AVFrame.width or height is not set
D/PushAVStream( 1421): push --- time1=18446744072544.574219 time2=18446744072544.578125  diff = 0.003906
D/PushAVStream( 1421): test3
D/PushAVStream( 1421): avcodec_encode_video2 result=1
D/PushAVStream( 1421): index:64,ji:0,pts:4200,dts:4200,duration:66,time_base:1,1000 cal:0,time_base_q:1,1000000 fsize:1024.000000
D/PushAVStream( 1421): count3 0 64
D/PushAVStream( 1421): push --- video 
D/PushAVStream( 1421): push --- video memcpy end 391680
D/PushAVStream( 1421): push --- video options end 
E/PushAVStream( 1421): [libx264 @ 0x78c90c10] frame=  27 QP=41.00 NAL=2 Slice:P Poc:24  I:480  P:908  SKIP:142  size=37913 bytes
D/PushAVStream( 1421): push --- time1=18446744072544.582031 time2=18446744072544.636719  diff = 0.054688
D/PushAVStream( 1421): test3
D/PushAVStream( 1421): avcodec_encode_video2 result=1
D/PushAVStream( 1421): index:65,ji:1,pts:4266,dts:4266,duration:66,time_base:1,1000 cal:0,time_base_q:1,1000000 fsize:0.000000
D/PushAVStream( 1421): count3 0 65
D/PushAVStream( 1421): push --- audio 
E/PushAVStream( 1421): [adpcm_swf @ 0x7c411990] AVFrame.width or height is not set
D/PushAVStream( 1421): push --- time1=18446744072544.636719 time2=18446744072544.636719  diff = 0.000000
D/PushAVStream( 1421): test3
D/PushAVStream( 1421): avcodec_encode_video2 result=1
D/PushAVStream( 1421): index:66,ji:0,pts:4333,dts:4333,duration:66,time_base:1,1000 cal:0,time_base_q:1,1000000 fsize:1024.000000
D/PushAVStream( 1421): count3 0 66
D/PushAVStream( 1421): push --- video 
D/PushAVStream( 1421): push --- video memcpy end 391680
D/PushAVStream( 1421): push --- video options end 
E/PushAVStream( 1421): [libx264 @ 0x78c90c10] frame=  28 QP=42.00 NAL=2 Slice:P Poc:26  I:627  P:783  SKIP:120  size=18979 bytes
D/PushAVStream( 1421): push --- time1=18446744072544.644531 time2=18446744072544.691406  diff = 0.046875
D/PushAVStream( 1421): test3
D/PushAVStream( 1421): avcodec_encode_video2 result=1
D/PushAVStream( 1421): index:67,ji:1,pts:4400,dts:4400,duration:66,time_base:1,1000 cal:0,time_base_q:1,1000000 fsize:0.000000
D/PushAVStream( 1421): count3 0 67
D/PushAVStream( 1421): push --- audio 
E/PushAVStream( 1421): [adpcm_swf @ 0x7c411990] AVFrame.width or height is not set
D/PushAVStream( 1421): push --- time1=18446744072544.695312 time2=18446744072544.695312  diff = 0.000000
D/PushAVStream( 1421): test3
D/PushAVStream( 1421): avcodec_encode_video2 result=1
D/PushAVStream( 1421): index:68,ji:0,pts:4466,dts:4466,duration:66,time_base:1,1000 cal:0,time_base_q:1,1000000 fsize:1024.000000
D/PushAVStream( 1421): count3 0 68
D/PushAVStream( 1421): push --- video 
D/PushAVStream( 1421): push --- video memcpy end 391680
D/PushAVStream( 1421): push --- video options end 
E/PushAVStream( 1421): [libx264 @ 0x78c90c10] frame=  29 QP=42.00 NAL=2 Slice:P Poc:28  I:556  P:779  SKIP:195  size=16155 bytes
D/PushAVStream( 1421): push --- time1=18446744072544.699219 time2=18446744072544.746094  diff = 0.046875
D/PushAVStream( 1421): test3
D/PushAVStream( 1421): avcodec_encode_video2 result=1
D/PushAVStream( 1421): index:69,ji:1,pts:4533,dts:4533,duration:66,time_base:1,1000 cal:0,time_base_q:1,1000000 fsize:0.000000
D/PushAVStream( 1421): count3 0 69
D/PushAVStream( 1421): push --- audio 
E/PushAVStream( 1421): [adpcm_swf @ 0x7c411990] AVFrame.width or height is not set
D/PushAVStream( 1421): push --- time1=18446744072544.746094 time2=18446744072544.746094  diff = 0.000000
D/PushAVStream( 1421): test3
D/PushAVStream( 1421): avcodec_encode_video2 result=1
D/PushAVStream( 1421): index:70,ji:0,pts:4600,dts:4600,duration:66,time_base:1,1000 cal:0,time_base_q:1,1000000 fsize:1024.000000
D/PushAVStream( 1421): count3 0 70
D/PushAVStream( 1421): push --- video 
D/PushAVStream( 1421): push --- video memcpy end 391680
D/PushAVStream( 1421): push --- video options end 
E/PushAVStream( 1421): [libx264 @ 0x78c90c10] frame=  30 QP=38.00 NAL=3 Slice:I Poc:0   I:1530 P:0    SKIP:0    size=36622 bytes
D/PushAVStream( 1421): push --- time1=18446744072544.750000 time2=18446744072544.785156  diff = 0.035156
D/PushAVStream( 1421): test3
D/PushAVStream( 1421): avcodec_encode_video2 result=1
D/PushAVStream( 1421): index:71,ji:1,pts:4666,dts:4666,duration:66,time_base:1,1000 cal:0,time_base_q:1,1000000 fsize:0.000000
D/PushAVStream( 1421): count3 0 71
D/PushAVStream( 1421): push --- audio 
E/PushAVStream( 1421): [adpcm_swf @ 0x7c411990] AVFrame.width or height is not set
D/PushAVStream( 1421): push --- time1=18446744072544.785156 time2=18446744072544.785156  diff = 0.000000
D/PushAVStream( 1421): test3
D/PushAVStream( 1421): avcodec_encode_video2 result=1
D/PushAVStream( 1421): index:72,ji:0,pts:4733,dts:4733,duration:66,time_base:1,1000 cal:0,time_base_q:1,1000000 fsize:1024.000000
D/PushAVStream( 1421): count3 0 72
D/PushAVStream( 1421): push --- audio 
E/PushAVStream( 1421): [adpcm_swf @ 0x7c411990] AVFrame.width or height is not set
D/PushAVStream( 1421): push --- time1=18446744072544.789062 time2=18446744072544.789062  diff = 0.000000
