E/HwSystemManager( 5225): BgPowerManagerService: conusmPower = 0 result = 0 flag1 =false flag2 = false
D/PowerManagerService( 2983): handleSandman: canDream=false, mWakefulness=Awake
D/HwWifiStateMachine( 2983): handleMessage: E msg.what=131155
D/HwWifiStateMachine( 2983): processMsg: ConnectedState
D/HwWifiStateMachine( 2983): processMsg: L2ConnectedState
D/WifiHW  ( 2983): wifi_send_command: cmd:'IFNAME=wlan0 SIGNAL_POLL'
D/wpa_supplicant( 7324): RX ctrl_iface - hexdump(len=11): 53 49 47 4e 41 4c 5f 50 4f 4c 4c
D/wpa_supplicant( 7324): wlan0: Control interface command 'SIGNAL_POLL'
D/wpa_supplicant( 7324): nl80211: survey data missing!
D/wpa_supplicant( 7324): wlan0: RSSI=-57, LINKSPEED=72, NOISE=9999, FREQUENCY=2462
D/WifiHW  ( 2983): wifi_send_command ret=0, len=48
D/HwWifiStateMachine( 2983): handleMessage: X
D/SupplicantHeartBeat( 2983): handleMessage: E msg.what=999904
D/SupplicantHeartBeat( 2983): processMsg: HeartAckState
D/SupplicantHeartBeat( 2983): processMsg: EnterSupplicantStarted
D/SupplicantHeartBeat( 2983): processMsg: DefaultState
D/SupplicantHeartBeat( 2983): handleMessage: X
E/CommandListener( 2409): readDefRoute call readDefRoute
E/SecondaryTablController( 2409): isWifiDefaultRouteExisted /system/bin/ip route
D/WifiStateMachine( 2983): RouteDetect receive msg EVENT_ROUTE_CHECK
D/NetdConnector( 2983): SND -> {1584 interface route readDefRoute}
D/HwWifiStateMachine( 2983): handleMessage: E msg.what=131155
D/HwWifiStateMachine( 2983): processMsg: ConnectedState
D/HwWifiStateMachine( 2983): processMsg: L2ConnectedState
D/WifiHW  ( 2983): wifi_send_command: cmd:'IFNAME=wlan0 SIGNAL_POLL'
D/wpa_supplicant( 7324): RX ctrl_iface - hexdump(len=11): 53 49 47 4e 41 4c 5f 50 4f 4c 4c
D/wpa_supplicant( 7324): wlan0: Control interface command 'SIGNAL_POLL'
D/wpa_supplicant( 7324): nl80211: survey data missing!
D/wpa_supplicant( 7324): wlan0: RSSI=-58, LINKSPEED=72, NOISE=9999, FREQUENCY=2462
D/WifiHW  ( 2983): wifi_send_command ret=0, len=48
D/HwWifiStateMachine( 2983): handleMessage: X
D/SecondaryTablController( 2409): RouteDetect line= default via 10.155.232.1 dev wlan0 
D/SecondaryTablController( 2409): ret is 0
E/CommandListener( 2409): readDefRoute Rsp ok
D/NetdConnector( 2983): RMV <- {200 1584 isWifiDefaultRouteExisted ok}
E/NetdConnector( 2983): NDC Command {1584 interface route readDefRoute} took too long (1011ms)
D/WifiStateMachine( 2983): RouteDetect default exist, return true
D/ArpVerifier( 2983): 10.155.232.1     0x1         0x6         2c:9d:1e:ea:09:e8     *        wlan0
D/ArpVerifier( 2983): 10.155.239.254   0x1         0x2         2c:9d:1e:13:a2:e8     *        wlan0
D/ArpVerifier( 2983): 10.155.233.26    0x1         0x2         b0:34:95:ed:94:ca     *        wlan0
D/ArpVerifier( 2983): ARP wlan0,addr: /10.155.237.40,mac: f4:8e:92:24:01:26,gw: /10.155.232.1
D/MultiGW ( 2983): setGateWay 10.155.232.1
D/ArpVerifier( 2983): There are 1 mac address for gateway 
D/ArpVerifier( 2983): mac is static ARP: 2c:9d:1e:ea:09:e8
D/ArpVerifier( 2983): transmit to state:HEART_CHECK
D/HwWifiStateMachine( 2983): handleMessage: E msg.what=131155
D/HwWifiStateMachine( 2983): processMsg: ConnectedState
D/HwWifiStateMachine( 2983): processMsg: L2ConnectedState
D/WifiHW  ( 2983): wifi_send_command: cmd:'IFNAME=wlan0 SIGNAL_POLL'
D/wpa_supplicant( 7324): RX ctrl_iface - hexdump(len=11): 53 49 47 4e 41 4c 5f 50 4f 4c 4c
D/wpa_supplicant( 7324): wlan0: Control interface command 'SIGNAL_POLL'
D/wpa_supplicant( 7324): nl80211: survey data missing!
D/wpa_supplicant( 7324): wlan0: RSSI=-57, LINKSPEED=72, NOISE=9999, FREQUENCY=2462
D/WifiHW  ( 2983): wifi_send_command ret=0, len=48
D/HwWifiStateMachine( 2983): handleMessage: X
E/Thermal-daemon( 2423): [ap] temp_new :33  temp_old :34
D/HwWifiStateMachine( 2983): handleMessage: E msg.what=131155
D/HwWifiStateMachine( 2983): processMsg: ConnectedState
D/HwWifiStateMachine( 2983): processMsg: L2ConnectedState
D/WifiHW  ( 2983): wifi_send_command: cmd:'IFNAME=wlan0 SIGNAL_POLL'
D/wpa_supplicant( 7324): RX ctrl_iface - hexdump(len=11): 53 49 47 4e 41 4c 5f 50 4f 4c 4c
D/wpa_supplicant( 7324): wlan0: Control interface command 'SIGNAL_POLL'
D/wpa_supplicant( 7324): nl80211: survey data missing!
D/wpa_supplicant( 7324): wlan0: RSSI=-52, LINKSPEED=72, NOISE=9999, FREQUENCY=2462
D/WifiHW  ( 2983): wifi_send_command ret=0, len=48
D/HwWifiStateMachine( 2983): handleMessage: X
D/PowerManagerService( 2983): handleUserActivityTimeout
D/PowerManagerService( 2983): updateUserActivitySummaryLocked: mWakefulness=Awake, mUserActivitySummary=0x2, nextTimeout=32547288 (in 5997 ms)
D/PowerManagerService( 2983): updateScreenStateLocked: mDisplayReady=false, newScreenState=1, mWakefulness=1, mWakeLockSummary=0x0, mUserActivitySummary=0x2, mBootCompleted=true
D/PowerManagerNotifier( 2983): onScreenBrightness: brightness=6
D/PowerManagerService( 2983): updateScreenStateLocked: mDisplayReady=true, newScreenState=1, mWakefulness=1, mWakeLockSummary=0x0, mUserActivitySummary=0x2, mBootCompleted=true
D/PowerManagerService( 2983): handleSandman: canDream=false, mWakefulness=Awake
D/HwWifiStateMachine( 2983): handleMessage: E msg.what=131155
D/HwWifiStateMachine( 2983): processMsg: ConnectedState
D/HwWifiStateMachine( 2983): processMsg: L2ConnectedState
D/WifiHW  ( 2983): wifi_send_command: cmd:'IFNAME=wlan0 SIGNAL_POLL'
D/wpa_supplicant( 7324): RX ctrl_iface - hexdump(len=11): 53 49 47 4e 41 4c 5f 50 4f 4c 4c
D/wpa_supplicant( 7324): wlan0: Control interface command 'SIGNAL_POLL'
D/wpa_supplicant( 7324): nl80211: survey data missing!
D/wpa_supplicant( 7324): wlan0: RSSI=-52, LINKSPEED=72, NOISE=9999, FREQUENCY=2462
D/WifiHW  ( 2983): wifi_send_command ret=0, len=48
D/HwWifiStateMachine( 2983): handleMessage: X
D/SupplicantHeartBeat( 2983): handleMessage: E msg.what=999903
D/SupplicantHeartBeat( 2983): processMsg: HeartAckState
D/WifiHW  ( 2983): wifi_send_command: cmd:'IFNAME=wlan0 HEART_BEAT CHECK'
D/wpa_supplicant( 7324): RX ctrl_iface - hexdump(len=16): 48 45 41 52 54 5f 42 45 41 54 20 43 48 45 43 4b
D/wpa_supplicant( 7324): wlan0: Control interface command 'HEART_BEAT CHECK'
I/wpa_supplicant( 7324): wlan0: HEART-BEAT-ACK: 2156
D/wpa_supplicant( 7324): CTRL_IFACE monitor send - hexdump(len=40): 2f 64 61 74 61 2f 6d 69 73 63 2f 77 69 66 69 2f 73 6f 63 6b 65 74 73 2f 77 70 61 5f 63 74 72 6c ...
D/WifiHW  ( 2983): wifi_send_command ret=0, len=21
D/WifiHW  ( 2983): wifi ctrl recv res=0, nread=36
D/SupplicantHeartBeat( 2983): transitionTo: destState=WaitingHeartAckState
D/SupplicantHeartBeat( 2983): handleMessage: new destination call exit/enter
D/HwWifiStateMachine( 2983): handleMessage: E msg.what=147506
D/HwWifiStateMachine( 2983): processMsg: ConnectedState
D/SupplicantHeartBeat( 2983): setupTempStateStackWithStatesToEnter: X mTempStateStackCount=1,curStateInfo: state=EnterSupplicantStarted,active=true,parent=DefaultState
D/SupplicantHeartBeat( 2983): invokeExitMethods: HeartAckState
D/HwWifiStateMachine( 2983): processMsg: L2ConnectedState
D/SupplicantHeartBeat( 2983): moveTempStackToStateStack: i=0,j=2
D/HwWifiStateMachine( 2983): processMsg: ConnectModeState
D/HwWifiStateMachine( 2983): processMsg: DriverStartedState
D/SupplicantHeartBeat( 2983): moveTempStackToStateStack: X mStateStackTop=2,startingIndex=2,Top=WaitingHeartAckState
D/HwWifiStateMachine( 2983): processMsg: SupplicantStartedState
D/SupplicantHeartBeat( 2983): invokeEnterMethods: WaitingHeartAckState
D/SupplicantHeartBeat( 2983): handleMessage: X
D/HwWifiStateMachine( 2983): handleMessage: X
D/SupplicantHeartBeat( 2983): handleMessage: E msg.what=147506
D/SupplicantHeartBeat( 2983): processMsg: WaitingHeartAckState
D/SupplicantHeartBeat( 2983): transitionTo: destState=HeartAckState
D/SupplicantHeartBeat( 2983): handleMessage: new destination call exit/enter
D/SupplicantHeartBeat( 2983): setupTempStateStackWithStatesToEnter: X mTempStateStackCount=1,curStateInfo: state=EnterSupplicantStarted,active=true,parent=DefaultState
D/SupplicantHeartBeat( 2983): invokeExitMethods: WaitingHeartAckState
D/SupplicantHeartBeat( 2983): moveTempStackToStateStack: i=0,j=2
D/SupplicantHeartBeat( 2983): moveTempStackToStateStack: X mStateStackTop=2,startingIndex=2,Top=HeartAckState
D/SupplicantHeartBeat( 2983): invokeEnterMethods: HeartAckState
D/SupplicantHeartBeat( 2983): handleMessage: X
D/HwWifiStateMachine( 2983): handleMessage: E msg.what=131155
D/HwWifiStateMachine( 2983): processMsg: ConnectedState
D/HwWifiStateMachine( 2983): processMsg: L2ConnectedState
D/WifiHW  ( 2983): wifi_send_command: cmd:'IFNAME=wlan0 SIGNAL_POLL'
D/wpa_supplicant( 7324): RX ctrl_iface - hexdump(len=11): 53 49 47 4e 41 4c 5f 50 4f 4c 4c
D/wpa_supplicant( 7324): wlan0: Control interface command 'SIGNAL_POLL'
D/wpa_supplicant( 7324): nl80211: survey data missing!
D/wpa_supplicant( 7324): wlan0: RSSI=-51, LINKSPEED=72, NOISE=9999, FREQUENCY=2462
D/WifiHW  ( 2983): wifi_send_command ret=0, len=48
D/HwWifiStateMachine( 2983): handleMessage: X
D/SupplicantHeartBeat( 2983): handleMessage: E msg.what=999904
D/SupplicantHeartBeat( 2983): processMsg: HeartAckState
D/SupplicantHeartBeat( 2983): processMsg: EnterSupplicantStarted
D/SupplicantHeartBeat( 2983): processMsg: DefaultState
D/SupplicantHeartBeat( 2983): handleMessage: X
E/Thermal-daemon( 2423): [charger] temp_new :32  temp_old :31
D/PowerManagerService( 2983): handleUserActivityTimeout
D/PowerManagerService( 2983): updateUserActivitySummaryLocked: mWakefulness=Awake, mUserActivitySummary=0x0, nextTimeout=32547289 (2 ms ago)
D/PowerManagerService( 2983): updateScreenStateLocked: mDisplayReady=true, newScreenState=1, mWakefulness=1, mWakeLockSummary=0x0, mUserActivitySummary=0x0, mBootCompleted=true
D/PowerManagerService( 2983): handleSandman: canDream=false, mWakefulness=Awake
D/HwWifiStateMachine( 2983): handleMessage: E msg.what=131155
D/HwWifiStateMachine( 2983): processMsg: ConnectedState
D/HwWifiStateMachine( 2983): processMsg: L2ConnectedState
D/WifiHW  ( 2983): wifi_send_command: cmd:'IFNAME=wlan0 SIGNAL_POLL'
D/wpa_supplicant( 7324): RX ctrl_iface - hexdump(len=11): 53 49 47 4e 41 4c 5f 50 4f 4c 4c
D/wpa_supplicant( 7324): wlan0: Control interface command 'SIGNAL_POLL'
D/wpa_supplicant( 7324): nl80211: survey data missing!
D/wpa_supplicant( 7324): wlan0: RSSI=-50, LINKSPEED=72, NOISE=9999, FREQUENCY=2462
D/WifiHW  ( 2983): wifi_send_command ret=0, len=48
D/HwWifiStateMachine( 2983): handleMessage: X
D/HwWifiStateMachine( 2983): handleMessage: E msg.what=131155
D/HwWifiStateMachine( 2983): processMsg: ConnectedState
D/HwWifiStateMachine( 2983): processMsg: L2ConnectedState
D/WifiHW  ( 2983): wifi_send_command: cmd:'IFNAME=wlan0 SIGNAL_POLL'
D/wpa_supplicant( 7324): RX ctrl_iface - hexdump(len=11): 53 49 47 4e 41 4c 5f 50 4f 4c 4c
D/wpa_supplicant( 7324): wlan0: Control interface command 'SIGNAL_POLL'
D/wpa_supplicant( 7324): nl80211: survey data missing!
D/wpa_supplicant( 7324): wlan0: RSSI=-51, LINKSPEED=72, NOISE=9999, FREQUENCY=2462
D/WifiHW  ( 2983): wifi_send_command ret=0, len=48
D/HwWifiStateMachine( 2983): handleMessage: X
